MPLINK 5.00, LINKER
Linker Map File - Created Mon Nov 04 13:54:44 2019

                                 Section Info
                  Section       Type    Address   Location Size(Bytes)
                ---------  ---------  ---------  ---------  ---------
               _entry_scn       code   0x000000    program   0x000006
              high_vector       code   0x000008    program   0x000012
                   .cinit    romdata   0x00003a    program   0x000026
            .code_tasks.o       code   0x000060    program   0x003752
            .code_queue.o       code   0x0037b2    program   0x0021f6
             .code_port.o       code   0x0059a8    program   0x000990
      .code_code_lab2_6.o       code   0x006338    program   0x000612
             .code_list.o       code   0x00694a    program   0x000528
                   STDLIB       code   0x006e72    program   0x000134
           .code_heap_1.o       code   0x006fa6    program   0x0000fc
         .code_openxlcd.o       code   0x0070a2    program   0x0000da
               _cinit_scn       code   0x00717c    program   0x00009e
.code_DelayXLCDFunctions.o       code   0x00721a    program   0x00006c
         .code_setddram.o       code   0x007286    program   0x00005a
         .code_setcgram.o       code   0x0072e0    program   0x00005a
         .code_putrxlcd.o       code   0x00733a    program   0x00005a
         .code_writdata.o       code   0x007394    program   0x000058
         .code_wcmdxlcd.o       code   0x0073ec    program   0x000058
                   STRING       code   0x007444    program   0x000056
         .code_putsxlcd.o       code   0x00749a    program   0x000056
         .code_readdata.o       code   0x0074f0    program   0x000050
         .code_readaddr.o       code   0x007540    program   0x000050
                     PROG       code   0x007590    program   0x00004c
          .code_adcopen.o       code   0x0075dc    program   0x000048
           .code_t1open.o       code   0x007624    program   0x000042
         .code_busyxlcd.o       code   0x007666    program   0x000036
             D10KTCYXCODE       code   0x00769c    program   0x00002e
         .code_fxd1616u.o       code   0x0076ca    program   0x00002c
             .stringtable    romdata   0x0076f6    program   0x000023
      .romdata_putsxlcd.o    romdata   0x007719    program   0x000000
        .romdata___init.o    romdata   0x007719    program   0x000000
        .idata___init.o_i    romdata   0x007719    program   0x000000
      .idata_putrxlcd.o_i    romdata   0x007719    program   0x000000
      .romdata_putrxlcd.o    romdata   0x007719    program   0x000000
        .romdata_t1open.o    romdata   0x007719    program   0x000000
        .idata_t1open.o_i    romdata   0x007719    program   0x000000
      .idata_openxlcd.o_i    romdata   0x007719    program   0x000000
      .romdata_openxlcd.o    romdata   0x007719    program   0x000000
       .romdata_adcopen.o    romdata   0x007719    program   0x000000
       .idata_adcopen.o_i    romdata   0x007719    program   0x000000
      .idata_busyxlcd.o_i    romdata   0x007719    program   0x000000
      .romdata_busyxlcd.o    romdata   0x007719    program   0x000000
      .romdata_fxd1616u.o    romdata   0x007719    program   0x000000
      .idata_fxd1616u.o_i    romdata   0x007719    program   0x000000
.idata_DelayXLCDFunctions.o_i    romdata   0x007719    program   0x000000
.romdata_DelayXLCDFunctions.o    romdata   0x007719    program   0x000000
       .idata_adcconv.o_i    romdata   0x007719    program   0x000000
       .romdata_adcconv.o    romdata   0x007719    program   0x000000
         .idata_c018i.o_i    romdata   0x007719    program   0x000000
         .romdata_c018i.o    romdata   0x007719    program   0x000000
         .romdata_tasks.o    romdata   0x007719    program   0x000000
         .idata_queue.o_i    romdata   0x007719    program   0x000000
         .romdata_queue.o    romdata   0x007719    program   0x000000
          .idata_port.o_i    romdata   0x007719    program   0x000000
          .romdata_port.o    romdata   0x007719    program   0x000000
          .idata_list.o_i    romdata   0x007719    program   0x000000
          .romdata_list.o    romdata   0x007719    program   0x000000
        .romdata_heap_1.o    romdata   0x007719    program   0x000000
   .romdata_code_lab2_6.o    romdata   0x007719    program   0x000000
      .idata_writdata.o_i    romdata   0x007719    program   0x000000
      .idata_putsxlcd.o_i    romdata   0x007719    program   0x000000
      .romdata_readaddr.o    romdata   0x007719    program   0x000000
      .idata_readaddr.o_i    romdata   0x007719    program   0x000000
      .romdata_readdata.o    romdata   0x007719    program   0x000000
      .idata_readdata.o_i    romdata   0x007719    program   0x000000
      .romdata_setcgram.o    romdata   0x007719    program   0x000000
      .idata_setcgram.o_i    romdata   0x007719    program   0x000000
      .romdata_setddram.o    romdata   0x007719    program   0x000000
      .idata_setddram.o_i    romdata   0x007719    program   0x000000
      .romdata_wcmdxlcd.o    romdata   0x007719    program   0x000000
      .idata_wcmdxlcd.o_i    romdata   0x007719    program   0x000000
      .romdata_writdata.o    romdata   0x007719    program   0x000000
              D1KTCYXCODE       code   0x00771a    program   0x000020
            .code_c018i.o       code   0x00771a    program   0x000000
                    .code       code   0x00773a    program   0x000020
             _startup_scn       code   0x00775a    program   0x00001c
              D10TCYXCODE       code   0x007776    program   0x000016
          .code_adcconv.o       code   0x00778c    program   0x000004
           .code___init.o       code   0x007790    program   0x000002
         .idata_tasks.o_i    romdata   0x007792    program   0x000011
        .idata_heap_1.o_i    romdata   0x0077a3    program   0x000004
   .idata_code_lab2_6.o_i    romdata   0x0077a7    program   0x000006
.config_300001_code_lab2_6.o    romdata   0x300001    program   0x000001
.config_300003_code_lab2_6.o    romdata   0x300003    program   0x000001
.config_300006_code_lab2_6.o    romdata   0x300006    program   0x000001
                MATH_DATA      udata   0x000000       data   0x000010
                 .tmpdata      udata   0x000010       data   0x000008
                DELAYDAT2      udata   0x000018       data   0x000001
                DELAYDAT1      udata   0x000019       data   0x000001
                   .stack      udata   0x000080       data   0x000060
          .udata_heap_1.o      udata   0x0000e0       data   0x000400
           .udata_tasks.o      udata   0x0004e0       data   0x00004c
           .udata_queue.o      udata   0x00052c       data   0x000028
     .udata_code_lab2_6.o      udata   0x000554       data   0x00001c
           .idata_tasks.o      idata   0x000570       data   0x000011
           .udata_c018i.o      udata   0x000581       data   0x00000a
     .idata_code_lab2_6.o      idata   0x00058b       data   0x000006
          .idata_heap_1.o      idata   0x000591       data   0x000004
        .udata_openxlcd.o      udata   0x000595       data   0x000000
        .idata_openxlcd.o      idata   0x000595       data   0x000000
        .udata_busyxlcd.o      udata   0x000595       data   0x000000
        .idata_busyxlcd.o      idata   0x000595       data   0x000000
.udata_DelayXLCDFunctions.o      udata   0x000595       data   0x000000
.idata_DelayXLCDFunctions.o      idata   0x000595       data   0x000000
         .udata_adcconv.o      udata   0x000595       data   0x000000
         .idata_adcconv.o      idata   0x000595       data   0x000000
            .udata_port.o      udata   0x000595       data   0x000000
           .idata_c018i.o      idata   0x000595       data   0x000000
        .udata_fxd1616u.o      udata   0x000595       data   0x000000
        .idata_fxd1616u.o      idata   0x000595       data   0x000000
         .udata_adcopen.o      udata   0x000595       data   0x000000
         .idata_adcopen.o      idata   0x000595       data   0x000000
          .udata_t1open.o      udata   0x000595       data   0x000000
          .idata_t1open.o      idata   0x000595       data   0x000000
          .udata___init.o      udata   0x000595       data   0x000000
          .idata___init.o      idata   0x000595       data   0x000000
           .idata_queue.o      idata   0x000595       data   0x000000
            .idata_list.o      idata   0x000595       data   0x000000
            .udata_list.o      udata   0x000595       data   0x000000
            .idata_port.o      idata   0x000595       data   0x000000
        .udata_writdata.o      udata   0x000595       data   0x000000
        .idata_writdata.o      idata   0x000595       data   0x000000
        .udata_wcmdxlcd.o      udata   0x000595       data   0x000000
        .idata_wcmdxlcd.o      idata   0x000595       data   0x000000
        .udata_setddram.o      udata   0x000595       data   0x000000
        .idata_setddram.o      idata   0x000595       data   0x000000
        .udata_setcgram.o      udata   0x000595       data   0x000000
        .idata_setcgram.o      idata   0x000595       data   0x000000
        .udata_readdata.o      udata   0x000595       data   0x000000
        .idata_readdata.o      idata   0x000595       data   0x000000
        .udata_readaddr.o      udata   0x000595       data   0x000000
        .idata_readaddr.o      idata   0x000595       data   0x000000
        .udata_putsxlcd.o      udata   0x000595       data   0x000000
        .idata_putsxlcd.o      idata   0x000595       data   0x000000
        .udata_putrxlcd.o      udata   0x000595       data   0x000000
        .idata_putrxlcd.o      idata   0x000595       data   0x000000
            SFR_UNBANKED0      udata   0x000f80       data   0x000080



                              Program Memory Usage 
                               Start         End      
                           ---------   ---------      
                            0x000000    0x000005      
                            0x000008    0x000019      
                            0x00003a    0x007718      
                            0x00771a    0x0077ac      
                            0x300001    0x300001      
                            0x300003    0x300003      
                            0x300006    0x300006      
            30605 out of 33048 program addresses used, program memory utilization is 92%



                              Symbols - Sorted by Name
                     Name    Address   Location    Storage File                     
                ---------  ---------  ---------  --------- ---------                
                   ADCisr   0x006894    program     extern C:\ECNG3006\L02_815008434.X\code_lab2_6.c
               AnalogTask   0x006440    program     extern C:\ECNG3006\L02_815008434.X\code_lab2_6.c
                 BusyXLCD   0x007666    program     extern C:\ECNG3006\L02_815008434.X\busyxlcd.c
               ConvertADC   0x00778c    program     extern E:\3.46\pic18-lt\cxx-framework\src\pmc_common\ADC\adcconv.c
                   D10K_1   0x0076a8    program     static E:\3.46\pic18-lt\cxx-framework\src\traditional\delays\d10ktcyx.asm
                    D10Kl   0x0076b4    program     static E:\3.46\pic18-lt\cxx-framework\src\traditional\delays\d10ktcyx.asm
                    D10Kx   0x0076a6    program     static E:\3.46\pic18-lt\cxx-framework\src\traditional\delays\d10ktcyx.asm
                    D10_1   0x007786    program     static E:\3.46\pic18-lt\cxx-framework\src\traditional\delays\d10tcyx.asm
                     D10x   0x00777e    program     static E:\3.46\pic18-lt\cxx-framework\src\traditional\delays\d10tcyx.asm
                   D1616S   0x0075b2    program     static E:\3.46\pic18-lt\cxx-framework\src\traditional\math\fxd1616s.asm
                D1616SNEG   0x0075c0    program     static E:\3.46\pic18-lt\cxx-framework\src\traditional\math\fxd1616s.asm
                 D1616SOK   0x0075bc    program     static E:\3.46\pic18-lt\cxx-framework\src\traditional\math\fxd1616s.asm
                  D1616SX   0x0075d2    program     static E:\3.46\pic18-lt\cxx-framework\src\traditional\math\fxd1616s.asm
                    D1K_1   0x007726    program     static E:\3.46\pic18-lt\cxx-framework\src\traditional\delays\d1ktcyx.asm
                     D1Kx   0x007724    program     static E:\3.46\pic18-lt\cxx-framework\src\traditional\delays\d1ktcyx.asm
                  DA1616S   0x0075a2    program     static E:\3.46\pic18-lt\cxx-framework\src\traditional\math\fxd1616s.asm
             Delay10KTCYx   0x00769c    program     extern E:\3.46\pic18-lt\cxx-framework\src\traditional\delays\d10ktcyx.asm
              Delay10TCYx   0x007776    program     extern E:\3.46\pic18-lt\cxx-framework\src\traditional\delays\d10tcyx.asm
              Delay1KTCYx   0x00771a    program     extern E:\3.46\pic18-lt\cxx-framework\src\traditional\delays\d1ktcyx.asm
            DelayFor18TCY   0x00721a    program     extern C:\ECNG3006\L02_815008434.X\DelayXLCDFunctions.c
             DelayPORXLCD   0x007226    program     extern C:\ECNG3006\L02_815008434.X\DelayXLCDFunctions.c
                DelayXLCD   0x007232    program     extern C:\ECNG3006\L02_815008434.X\DelayXLCDFunctions.c
                 FXD1616S   0x007590    program     extern E:\3.46\pic18-lt\cxx-framework\src\traditional\math\fxd1616s.asm
                 FXD1616U   0x0076ca    program     extern E:\3.46\pic18-lt\cxx-framework\src\traditional\math\fxd1616u.c
               FilterTask   0x0067d4    program     extern C:\ECNG3006\L02_815008434.X\code_lab2_6.c
                  InitLCD   0x00723e    program     extern C:\ECNG3006\L02_815008434.X\DelayXLCDFunctions.c
                  LCDTask   0x0064cc    program     extern C:\ECNG3006\L02_815008434.X\code_lab2_6.c
                  OneByte   0x006f94    program     static E:\3.46\pic18-lt\cxx-framework\src\traditional\stdclib\itobcd.asm
                  OpenADC   0x0075dc    program     extern E:\3.46\pic18-lt\cxx-framework\src\pmc_common\ADC\adcopen.c
               OpenTimer1   0x007624    program     extern E:\3.46\pic18-lt\cxx-framework\src\pmc_common\Timers\t1open.c
                 OpenXLCD   0x0070a2    program     extern C:\ECNG3006\L02_815008434.X\openxlcd.c
                ProcLower   0x006f48    program     static E:\3.46\pic18-lt\cxx-framework\src\traditional\stdclib\itoa.asm
                ProcUpper   0x006f3e    program     static E:\3.46\pic18-lt\cxx-framework\src\traditional\stdclib\itoa.asm
             ReadAddrXLCD   0x007540    program     extern C:\ECNG3006\L02_815008434.X\readaddr.c
             ReadDataXLCD   0x0074f0    program     extern C:\ECNG3006\L02_815008434.X\readdata.c
             SetCGRamAddr   0x0072e0    program     extern C:\ECNG3006\L02_815008434.X\setcgram.c
             SetDDRamAddr   0x007286    program     extern C:\ECNG3006\L02_815008434.X\setddram.c
                 TstLower   0x006f32    program     static E:\3.46\pic18-lt\cxx-framework\src\traditional\stdclib\itoa.asm
                 TstUpper   0x006f2c    program     static E:\3.46\pic18-lt\cxx-framework\src\traditional\stdclib\itoa.asm
             WriteCmdXLCD   0x0073ec    program     extern C:\ECNG3006\L02_815008434.X\wcmdxlcd.c
            WriteDataXLCD   0x007394    program     extern C:\ECNG3006\L02_815008434.X\writdata.c
              _4jContinue   0x007478    program     static E:\3.46\pic18-lt\cxx-framework\src\traditional\stdclib\memcpy.asm
                   _5jEnd   0x007482    program     static E:\3.46\pic18-lt\cxx-framework\src\traditional\stdclib\memcpy.asm
       _D10KTCYXCODE_0010   0x0076ac    program     static E:\3.46\pic18-lt\cxx-framework\src\traditional\delays\d10ktcyx.asm
       _D10KTCYXCODE_001C   0x0076b8    program     static E:\3.46\pic18-lt\cxx-framework\src\traditional\delays\d10ktcyx.asm
        _D10TCYXCODE_000A   0x007780    program     static E:\3.46\pic18-lt\cxx-framework\src\traditional\delays\d10tcyx.asm
        _D10TCYXCODE_000C   0x007782    program     static E:\3.46\pic18-lt\cxx-framework\src\traditional\delays\d10tcyx.asm
        _D10TCYXCODE_000E   0x007784    program     static E:\3.46\pic18-lt\cxx-framework\src\traditional\delays\d10tcyx.asm
        _D1KTCYXCODE_0010   0x00772a    program     static E:\3.46\pic18-lt\cxx-framework\src\traditional\delays\d1ktcyx.asm
        _D1KTCYXCODE_0016   0x007730    program     static E:\3.46\pic18-lt\cxx-framework\src\traditional\delays\d1ktcyx.asm
           ___?:_lbl00001   0x003910    program     static                          
           ___?:_lbl00002   0x00390e    program     static                          
           ___?:_lbl00029   0x003dbc    program     static                          
           ___?:_lbl00030   0x003dba    program     static                          
           ___?:_lbl00036   0x0006ea    program     static                          
           ___?:_lbl00037   0x0006de    program     static                          
           ___?:_lbl00067   0x000a3a    program     static                          
           ___?:_lbl00068   0x000a2e    program     static                          
           ___?:_lbl00076   0x000b5e    program     static                          
           ___?:_lbl00077   0x000b52    program     static                          
           ___?:_lbl00085   0x00435e    program     static                          
           ___?:_lbl00086   0x00435c    program     static                          
           ___?:_lbl00090   0x000d0e    program     static                          
           ___?:_lbl00091   0x000d0c    program     static                          
           ___?:_lbl00102   0x000e34    program     static                          
           ___?:_lbl00103   0x000e28    program     static                          
           ___?:_lbl00117   0x00463e    program     static                          
           ___?:_lbl00118   0x00463c    program     static                          
           ___?:_lbl00152   0x0049d6    program     static                          
           ___?:_lbl00153   0x0049d4    program     static                          
           ___?:_lbl00160   0x001406    program     static                          
           ___?:_lbl00161   0x001404    program     static                          
           ___?:_lbl00226   0x005518    program     static                          
           ___?:_lbl00227   0x005516    program     static                          
           ___?:_lbl00235   0x0055d0    program     static                          
           ___?:_lbl00236   0x0055ce    program     static                          
           ___?:_lbl00381   0x0035be    program     static                          
           ___?:_lbl00382   0x0035b2    program     static                          
       ___case_0_lbl00346   0x003028    program     static                          
       ___case_1_lbl00340   0x002f80    program     static                          
       ___case_2_lbl00341   0x002faa    program     static                          
       ___case_3_lbl00342   0x002fc6    program     static                          
       ___case_4_lbl00345   0x002ff0    program     static                          
      ___default_lbl00347   0x00302a    program     static                          
           ___do_lbl00166   0x00155e    program     static                          
           ___do_lbl00167   0x001566    program     static                          
           ___do_lbl00170   0x00154c    program     static                          
         ___else_lbl00004   0x003942    program     static                          
         ___else_lbl00006   0x003944    program     static                          
         ___else_lbl00008   0x003946    program     static                          
         ___else_lbl00008   0x005ee6    program     static                          
         ___else_lbl00016   0x0060a0    program     static                          
         ___else_lbl00022   0x000584    program     static                          
         ___else_lbl00024   0x0005c4    program     static                          
         ___else_lbl00026   0x0005c6    program     static                          
         ___else_lbl00027   0x00625e    program     static                          
         ___else_lbl00028   0x000586    program     static                          
         ___else_lbl00032   0x00069a    program     static                          
         ___else_lbl00032   0x003df2    program     static                          
         ___else_lbl00034   0x00069c    program     static                          
         ___else_lbl00034   0x003dfc    program     static                          
         ___else_lbl00036   0x003df4    program     static                          
         ___else_lbl00039   0x000720    program     static                          
         ___else_lbl00040   0x003e44    program     static                          
         ___else_lbl00041   0x000768    program     static                          
         ___else_lbl00042   0x003e26    program     static                          
         ___else_lbl00043   0x0007bc    program     static                          
         ___else_lbl00044   0x003e08    program     static                          
         ___else_lbl00046   0x0007fc    program     static                          
         ___else_lbl00051   0x003f58    program     static                          
         ___else_lbl00053   0x003f72    program     static                          
         ___else_lbl00075   0x000b30    program     static                          
         ___else_lbl00079   0x000bd8    program     static                          
         ___else_lbl00081   0x000bda    program     static                          
         ___else_lbl00083   0x000bfe    program     static                          
         ___else_lbl00085   0x000bdc    program     static                          
         ___else_lbl00087   0x000c56    program     static                          
         ___else_lbl00088   0x004394    program     static                          
         ___else_lbl00089   0x000cc6    program     static                          
         ___else_lbl00090   0x004396    program     static                          
         ___else_lbl00093   0x000d40    program     static                          
         ___else_lbl00094   0x0043de    program     static                          
         ___else_lbl00096   0x000dcc    program     static                          
         ___else_lbl00096   0x0043c0    program     static                          
         ___else_lbl00098   0x000dd4    program     static                          
         ___else_lbl00098   0x0043a2    program     static                          
         ___else_lbl00104   0x0044f2    program     static                          
         ___else_lbl00105   0x000e6a    program     static                          
         ___else_lbl00106   0x0044f4    program     static                          
         ___else_lbl00107   0x000eb2    program     static                          
         ___else_lbl00108   0x004544    program     static                          
         ___else_lbl00110   0x00450e    program     static                          
         ___else_lbl00112   0x000f2a    program     static                          
         ___else_lbl00114   0x000f5e    program     static                          
         ___else_lbl00116   0x004620    program     static                          
         ___else_lbl00116   0x000f4c    program     static                          
         ___else_lbl00118   0x000f64    program     static                          
         ___else_lbl00120   0x004674    program     static                          
         ___else_lbl00122   0x004676    program     static                          
         ___else_lbl00126   0x0046be    program     static                          
         ___else_lbl00128   0x0046a0    program     static                          
         ___else_lbl00130   0x004682    program     static                          
         ___else_lbl00136   0x001190    program     static                          
         ___else_lbl00137   0x0047c0    program     static                          
         ___else_lbl00138   0x001192    program     static                          
         ___else_lbl00139   0x00481e    program     static                          
         ___else_lbl00141   0x004820    program     static                          
         ___else_lbl00141   0x00119a    program     static                          
         ___else_lbl00145   0x0048c8    program     static                          
         ___else_lbl00147   0x00483a    program     static                          
         ___else_lbl00155   0x004a0c    program     static                          
         ___else_lbl00157   0x004a0e    program     static                          
         ___else_lbl00161   0x004a56    program     static                          
         ___else_lbl00163   0x004a38    program     static                          
         ___else_lbl00164   0x00152a    program     static                          
         ___else_lbl00165   0x004a1a    program     static                          
         ___else_lbl00169   0x00155a    program     static                          
         ___else_lbl00171   0x004b6a    program     static                          
         ___else_lbl00172   0x00156c    program     static                          
         ___else_lbl00173   0x004b6c    program     static                          
         ___else_lbl00174   0x001574    program     static                          
         ___else_lbl00175   0x004bbc    program     static                          
         ___else_lbl00177   0x004b86    program     static                          
         ___else_lbl00177   0x001576    program     static                          
         ___else_lbl00229   0x005552    program     static                          
         ___else_lbl00229   0x002004    program     static                          
         ___else_lbl00231   0x005554    program     static                          
         ___else_lbl00231   0x001fa4    program     static                          
         ___else_lbl00233   0x001f5a    program     static                          
         ___else_lbl00238   0x00560a    program     static                          
         ___else_lbl00240   0x005610    program     static                          
         ___else_lbl00244   0x005676    program     static                          
         ___else_lbl00251   0x005742    program     static                          
         ___else_lbl00318   0x002c28    program     static                          
         ___else_lbl00320   0x002c2a    program     static                          
         ___else_lbl00323   0x002c9e    program     static                          
         ___else_lbl00325   0x002ce6    program     static                          
         ___else_lbl00329   0x002de0    program     static                          
         ___else_lbl00331   0x002de2    program     static                          
         ___else_lbl00335   0x002e50    program     static                          
         ___else_lbl00344   0x003022    program     static                          
         ___else_lbl00350   0x00310c    program     static                          
         ___else_lbl00352   0x00310e    program     static                          
         ___else_lbl00384   0x003600    program     static                          
          ___for_lbl00026   0x003f8e    program     static                          
          ___for_lbl00027   0x003f90    program     static                          
          ___for_lbl00054   0x003d24    program     static                          
          ___for_lbl00083   0x004544    program     static                          
          ___for_lbl00084   0x004546    program     static                          
          ___for_lbl00111   0x0042d4    program     static                          
          ___for_lbl00113   0x0048c8    program     static                          
          ___for_lbl00114   0x0048ca    program     static                          
          ___for_lbl00148   0x00459c    program     static                          
          ___for_lbl00150   0x004bbc    program     static                          
          ___for_lbl00151   0x004bbe    program     static                          
          ___for_lbl00178   0x00491c    program     static                          
           ___if_lbl00003   0x003942    program     static                          
           ___if_lbl00005   0x003944    program     static                          
           ___if_lbl00007   0x005ef0    program     static                          
           ___if_lbl00007   0x003996    program     static                          
           ___if_lbl00009   0x00399c    program     static                          
           ___if_lbl00015   0x0060aa    program     static                          
           ___if_lbl00018   0x000010    program     static                          
           ___if_lbl00019   0x000018    program     static                          
           ___if_lbl00021   0x000584    program     static                          
           ___if_lbl00023   0x00618e    program     static                          
           ___if_lbl00023   0x0005c4    program     static                          
           ___if_lbl00025   0x0005c6    program     static                          
           ___if_lbl00026   0x006268    program     static                          
           ___if_lbl00027   0x0005c6    program     static                          
           ___if_lbl00029   0x000604    program     static                          
           ___if_lbl00030   0x00066a    program     static                          
           ___if_lbl00031   0x003df2    program     static                          
           ___if_lbl00031   0x00069a    program     static                          
           ___if_lbl00033   0x003dfc    program     static                          
           ___if_lbl00033   0x00069c    program     static                          
           ___if_lbl00035   0x003dfc    program     static                          
           ___if_lbl00037   0x003e02    program     static                          
           ___if_lbl00038   0x000720    program     static                          
           ___if_lbl00038   0x003e20    program     static                          
           ___if_lbl00039   0x003e44    program     static                          
           ___if_lbl00040   0x000768    program     static                          
           ___if_lbl00041   0x003e44    program     static                          
           ___if_lbl00042   0x0007d4    program     static                          
           ___if_lbl00043   0x003e44    program     static                          
           ___if_lbl00044   0x0007da    program     static                          
           ___if_lbl00045   0x003e4a    program     static                          
           ___if_lbl00045   0x0007fc    program     static                          
           ___if_lbl00046   0x003e84    program     static                          
           ___if_lbl00047   0x003eb4    program     static                          
           ___if_lbl00047   0x0007fc    program     static                          
           ___if_lbl00048   0x003eba    program     static                          
           ___if_lbl00049   0x003f56    program     static                          
           ___if_lbl00050   0x003f70    program     static                          
           ___if_lbl00052   0x003f8e    program     static                          
           ___if_lbl00069   0x000a5e    program     static                          
           ___if_lbl00074   0x000b30    program     static                          
           ___if_lbl00078   0x000bd8    program     static                          
           ___if_lbl00080   0x000bda    program     static                          
           ___if_lbl00082   0x000bfe    program     static                          
           ___if_lbl00084   0x000bfe    program     static                          
           ___if_lbl00086   0x000c56    program     static                          
           ___if_lbl00087   0x004394    program     static                          
           ___if_lbl00088   0x000cc6    program     static                          
           ___if_lbl00089   0x004396    program     static                          
           ___if_lbl00091   0x00439c    program     static                          
           ___if_lbl00092   0x0043ba    program     static                          
           ___if_lbl00092   0x000d40    program     static                          
           ___if_lbl00093   0x0043de    program     static                          
           ___if_lbl00094   0x000d72    program     static                          
           ___if_lbl00095   0x000dcc    program     static                          
           ___if_lbl00095   0x0043de    program     static                          
           ___if_lbl00097   0x000dd4    program     static                          
           ___if_lbl00097   0x0043de    program     static                          
           ___if_lbl00099   0x000dd4    program     static                          
           ___if_lbl00099   0x0043e4    program     static                          
           ___if_lbl00100   0x00441e    program     static                          
           ___if_lbl00100   0x000dda    program     static                          
           ___if_lbl00101   0x00444e    program     static                          
           ___if_lbl00102   0x004454    program     static                          
           ___if_lbl00103   0x0044f2    program     static                          
           ___if_lbl00104   0x000e6a    program     static                          
           ___if_lbl00105   0x00450c    program     static                          
           ___if_lbl00106   0x000eb2    program     static                          
           ___if_lbl00107   0x004544    program     static                          
           ___if_lbl00108   0x000f0c    program     static                          
           ___if_lbl00109   0x004544    program     static                          
           ___if_lbl00109   0x000f12    program     static                          
           ___if_lbl00110   0x000f28    program     static                          
           ___if_lbl00111   0x000f2a    program     static                          
           ___if_lbl00113   0x000f62    program     static                          
           ___if_lbl00115   0x004620    program     static                          
           ___if_lbl00115   0x000f62    program     static                          
           ___if_lbl00117   0x000f64    program     static                          
           ___if_lbl00119   0x004674    program     static                          
           ___if_lbl00121   0x004676    program     static                          
           ___if_lbl00123   0x00467c    program     static                          
           ___if_lbl00124   0x00469a    program     static                          
           ___if_lbl00125   0x0046be    program     static                          
           ___if_lbl00127   0x0046be    program     static                          
           ___if_lbl00129   0x0046be    program     static                          
           ___if_lbl00131   0x0046c4    program     static                          
           ___if_lbl00132   0x0046fe    program     static                          
           ___if_lbl00133   0x00472e    program     static                          
           ___if_lbl00134   0x004734    program     static                          
           ___if_lbl00134   0x001112    program     static                          
           ___if_lbl00135   0x0047be    program     static                          
           ___if_lbl00135   0x001190    program     static                          
           ___if_lbl00136   0x0047c0    program     static                          
           ___if_lbl00137   0x001192    program     static                          
           ___if_lbl00138   0x00481e    program     static                          
           ___if_lbl00139   0x001198    program     static                          
           ___if_lbl00140   0x00119a    program     static                          
           ___if_lbl00140   0x004838    program     static                          
           ___if_lbl00142   0x0048c2    program     static                          
           ___if_lbl00143   0x0048c2    program     static                          
           ___if_lbl00144   0x0048c8    program     static                          
           ___if_lbl00146   0x0048c8    program     static                          
           ___if_lbl00154   0x004a0c    program     static                          
           ___if_lbl00156   0x004a0e    program     static                          
           ___if_lbl00158   0x004a14    program     static                          
           ___if_lbl00159   0x004a32    program     static                          
           ___if_lbl00160   0x004a56    program     static                          
           ___if_lbl00162   0x0014a6    program     static                          
           ___if_lbl00162   0x004a56    program     static                          
           ___if_lbl00163   0x00152a    program     static                          
           ___if_lbl00164   0x004a56    program     static                          
           ___if_lbl00165   0x00153e    program     static                          
           ___if_lbl00166   0x004a5c    program     static                          
           ___if_lbl00167   0x004a96    program     static                          
           ___if_lbl00168   0x004ac6    program     static                          
           ___if_lbl00168   0x00155a    program     static                          
           ___if_lbl00169   0x004acc    program     static                          
           ___if_lbl00170   0x004b6a    program     static                          
           ___if_lbl00171   0x00156c    program     static                          
           ___if_lbl00172   0x004b84    program     static                          
           ___if_lbl00173   0x001574    program     static                          
           ___if_lbl00174   0x004bbc    program     static                          
           ___if_lbl00175   0x001574    program     static                          
           ___if_lbl00176   0x001576    program     static                          
           ___if_lbl00176   0x004bbc    program     static                          
           ___if_lbl00178   0x00157c    program     static                          
           ___if_lbl00180   0x0015c6    program     static                          
           ___if_lbl00196   0x004e72    program     static                          
           ___if_lbl00198   0x004ef0    program     static                          
           ___if_lbl00224   0x001e92    program     static                          
           ___if_lbl00228   0x002018    program     static                          
           ___if_lbl00228   0x005552    program     static                          
           ___if_lbl00230   0x002018    program     static                          
           ___if_lbl00230   0x005556    program     static                          
           ___if_lbl00232   0x002018    program     static                          
           ___if_lbl00232   0x005576    program     static                          
           ___if_lbl00234   0x00201e    program     static                          
           ___if_lbl00237   0x00560a    program     static                          
           ___if_lbl00239   0x005612    program     static                          
           ___if_lbl00241   0x005630    program     static                          
           ___if_lbl00243   0x005678    program     static                          
           ___if_lbl00245   0x00567e    program     static                          
           ___if_lbl00250   0x005744    program     static                          
           ___if_lbl00252   0x00574a    program     static                          
           ___if_lbl00256   0x00230a    program     static                          
           ___if_lbl00317   0x002c28    program     static                          
           ___if_lbl00319   0x002c2a    program     static                          
           ___if_lbl00321   0x002c30    program     static                          
           ___if_lbl00322   0x002ce4    program     static                          
           ___if_lbl00324   0x002ce6    program     static                          
           ___if_lbl00326   0x002cfe    program     static                          
           ___if_lbl00328   0x002de0    program     static                          
           ___if_lbl00330   0x002de2    program     static                          
           ___if_lbl00332   0x002de8    program     static                          
           ___if_lbl00333   0x002e3c    program     static                          
           ___if_lbl00334   0x002e94    program     static                          
           ___if_lbl00336   0x002eac    program     static                          
           ___if_lbl00338   0x002f3e    program     static                          
           ___if_lbl00343   0x003026    program     static                          
           ___if_lbl00348   0x00308c    program     static                          
           ___if_lbl00349   0x00310c    program     static                          
           ___if_lbl00351   0x00310e    program     static                          
           ___if_lbl00353   0x003114    program     static                          
           ___if_lbl00383   0x003604    program     static                          
           ___if_lbl00385   0x00360a    program     static                          
       ___return_lbl00000   0x0076f4    program     static                          
       ___return_lbl00000   0x0039a0    program     static                          
       ___return_lbl00000   0x000004    program     static                          
       ___return_lbl00001   0x007774    program     static                          
       ___return_lbl00002   0x007218    program     static                          
       ___return_lbl00004   0x005ef4    program     static                          
       ___return_lbl00010   0x0060aa    program     static                          
       ___return_lbl00017   0x000018    program     static                          
       ___return_lbl00020   0x00069c    program     static                          
       ___return_lbl00020   0x006268    program     static                          
       ___return_lbl00025   0x003f90    program     static                          
       ___return_lbl00035   0x0007fc    program     static                          
       ___return_lbl00066   0x000a64    program     static                          
       ___return_lbl00073   0x000dda    program     static                          
       ___return_lbl00082   0x004546    program     static                          
       ___return_lbl00101   0x000f64    program     static                          
       ___return_lbl00112   0x0048ca    program     static                          
       ___return_lbl00132   0x00119a    program     static                          
       ___return_lbl00149   0x004bbe    program     static                          
       ___return_lbl00157   0x001582    program     static                          
       ___return_lbl00179   0x0015d8    program     static                          
       ___return_lbl00195   0x004e76    program     static                          
       ___return_lbl00197   0x004ef4    program     static                          
       ___return_lbl00223   0x005630    program     static                          
       ___return_lbl00223   0x001e92    program     static                          
       ___return_lbl00226   0x002022    program     static                          
       ___return_lbl00242   0x005682    program     static                          
       ___return_lbl00249   0x00574e    program     static                          
       ___return_lbl00253   0x00231a    program     static                          
       ___return_lbl00316   0x002d14    program     static                          
       ___return_lbl00327   0x002eb0    program     static                          
       ___return_lbl00337   0x00311a    program     static                          
       ___return_lbl00380   0x003610    program     static                          
   ___switchexit_lbl00339   0x00302c    program     static                          
        ___while_lbl00005   0x005e30    program     static                          
        ___while_lbl00006   0x005e46    program     static                          
        ___while_lbl00011   0x005fa0    program     static                          
        ___while_lbl00012   0x005fb6    program     static                          
        ___while_lbl00013   0x005fea    program     static                          
        ___while_lbl00014   0x006000    program     static                          
        ___while_lbl00021   0x006154    program     static                          
        ___while_lbl00022   0x00616a    program     static                          
        ___while_lbl00024   0x0061a8    program     static                          
        ___while_lbl00025   0x0061be    program     static                          
        ___while_lbl00158   0x0013fa    program     static                          
        ___while_lbl00159   0x00152c    program     static                          
        ___while_lbl00224   0x0054e0    program     static                          
        ___while_lbl00225   0x00555a    program     static                          
        ___while_lbl00233   0x005596    program     static                          
        ___while_lbl00234   0x005614    program     static                          
        ___while_lbl00254   0x0022ae    program     static                          
        ___while_lbl00255   0x00231a    program     static                          
               __config_0   0x300001    program     static C:\ECNG3006\L02_815008434.X\code_lab2_6.c
               __config_1   0x300003    program     static C:\ECNG3006\L02_815008434.X\code_lab2_6.c
               __config_2   0x300006    program     static C:\ECNG3006\L02_815008434.X\code_lab2_6.c
                   __init   0x007790    program     extern E:\3.46\pic18-lt\cxx-framework\src\traditional\stdclib\__init.c
               __string_0   0x0076f6    program     static C:\ECNG3006\L02_815008434.X\tasks.c
               __string_0   0x00770e    program     static C:\ECNG3006\L02_815008434.X\code_lab2_6.c
               __string_1   0x007706    program     static C:\ECNG3006\L02_815008434.X\code_lab2_6.c
               __string_2   0x0076fb    program     static C:\ECNG3006\L02_815008434.X\code_lab2_6.c
               __tmplbl_0   0x003d64    program     static                          
               __tmplbl_1   0x003d5c    program     static                          
              __tmplbl_10   0x0054f2    program     static                          
              __tmplbl_11   0x0055aa    program     static                          
               __tmplbl_4   0x0010a0    program     static                          
               __tmplbl_5   0x001090    program     static                          
               __tmplbl_6   0x001f9e    program     static                          
               __tmplbl_7   0x001f6e    program     static                          
            __zero_memory   0x00773a    program     extern E:\3.46\pic18-lt\cxx-framework\src\traditional\proc\p18f452.asm
                _do_cinit   0x00717c    program     extern E:\3.46\pic18-lt\cxx-framework\src\traditional\startup\c018i.c
                   _entry   0x000000    program     extern E:\3.46\pic18-lt\cxx-framework\src\traditional\startup\c018i.c
                 _startup   0x00775a    program     extern E:\3.46\pic18-lt\cxx-framework\src\traditional\startup\c018i.c
                compare_l   0x007750    program     static E:\3.46\pic18-lt\cxx-framework\src\traditional\proc\p18f452.asm
                copy_loop   0x0071ee    program     static                          
            copy_one_byte   0x0071f4    program     static                          
                     done   0x007218    program     static                          
             done_copying   0x007202    program     static                          
                  endloop   0x0076f0    program     static                          
                   itoBCD   0x006f52    program     extern E:\3.46\pic18-lt\cxx-framework\src\traditional\stdclib\itobcd.asm
                     itoa   0x006e72    program     extern E:\3.46\pic18-lt\cxx-framework\src\traditional\stdclib\itoa.asm
                     jDo1   0x006ef8    program     static E:\3.46\pic18-lt\cxx-framework\src\traditional\stdclib\itoa.asm
                     jDo2   0x006ef4    program     static E:\3.46\pic18-lt\cxx-framework\src\traditional\stdclib\itoa.asm
                     jDo3   0x006ef0    program     static E:\3.46\pic18-lt\cxx-framework\src\traditional\stdclib\itoa.asm
                     jDo4   0x006eec    program     static E:\3.46\pic18-lt\cxx-framework\src\traditional\stdclib\itoa.asm
                     jDo5   0x006ee8    program     static E:\3.46\pic18-lt\cxx-framework\src\traditional\stdclib\itoa.asm
                     jEnd   0x007488    program     static E:\3.46\pic18-lt\cxx-framework\src\traditional\stdclib\memcpy.asm
                     jEnd   0x006f90    program     static E:\3.46\pic18-lt\cxx-framework\src\traditional\stdclib\itobcd.asm
                    jLoop   0x006f6a    program     static E:\3.46\pic18-lt\cxx-framework\src\traditional\stdclib\itobcd.asm
                    jLoop   0x00746c    program     static E:\3.46\pic18-lt\cxx-framework\src\traditional\stdclib\memcpy.asm
                jTstLowZ1   0x006f3c    program     static E:\3.46\pic18-lt\cxx-framework\src\traditional\stdclib\itoa.asm
                jTstSign1   0x006e9e    program     static E:\3.46\pic18-lt\cxx-framework\src\traditional\stdclib\itoa.asm
                     loop   0x0076d4    program     static                          
                     loop   0x00776a    program     static                          
                   loop_h   0x007748    program     static E:\3.46\pic18-lt\cxx-framework\src\traditional\proc\p18f452.asm
                   loop_l   0x007752    program     static E:\3.46\pic18-lt\cxx-framework\src\traditional\proc\p18f452.asm
                     main   0x006338    program     extern C:\ECNG3006\L02_815008434.X\code_lab2_6.c
                   memcpy   0x007444    program     extern E:\3.46\pic18-lt\cxx-framework\src\traditional\stdclib\memcpy.asm
           pcQueueGetName   0x005868    program     extern C:\ECNG3006\L02_815008434.X\queue.c
            pcTaskGetName   0x001632    program     extern C:\ECNG3006\L02_815008434.X\tasks.c
prvAddCurrentTaskToDelayedList   0x003622    program     static C:\ECNG3006\L02_815008434.X\tasks.c
 prvAddNewTaskToReadyList   0x00054a    program     static C:\ECNG3006\L02_815008434.X\tasks.c
prvCheckTasksWaitingTermination   0x00229a    program     static C:\ECNG3006\L02_815008434.X\tasks.c
     prvCopyDataFromQueue   0x005350    program     static C:\ECNG3006\L02_815008434.X\queue.c
       prvCopyDataToQueue   0x005024    program     static C:\ECNG3006\L02_815008434.X\queue.c
             prvDeleteTCB   0x00232a    program     static C:\ECNG3006\L02_815008434.X\tasks.c
prvGetDisinheritPriorityAfterTimeout   0x004fae    program     static C:\ECNG3006\L02_815008434.X\queue.c
              prvIdleTask   0x002046    program     static C:\ECNG3006\L02_815008434.X\tasks.c
       prvInitialiseMutex   0x003b60    program     static C:\ECNG3006\L02_815008434.X\queue.c
    prvInitialiseNewQueue   0x003ac4    program     static C:\ECNG3006\L02_815008434.X\queue.c
     prvInitialiseNewTask   0x0001ae    program     static C:\ECNG3006\L02_815008434.X\tasks.c
   prvInitialiseTaskLists   0x0021e8    program     static C:\ECNG3006\L02_815008434.X\tasks.c
          prvIsQueueEmpty   0x005640    program     static C:\ECNG3006\L02_815008434.X\queue.c
           prvIsQueueFull   0x0056f2    program     static C:\ECNG3006\L02_815008434.X\queue.c
          prvLowInterrupt   0x000008    program     static C:\ECNG3006\L02_815008434.X\port.c
prvResetNextTaskUnblockTime   0x00237e    program     static C:\ECNG3006\L02_815008434.X\tasks.c
   prvSetupTimerInterrupt   0x00626a    program     static C:\ECNG3006\L02_815008434.X\port.c
   prvTaskIsTaskSuspended   0x000f74    program     static C:\ECNG3006\L02_815008434.X\tasks.c
               prvTickISR   0x0060ac    program     static C:\ECNG3006\L02_815008434.X\port.c
           prvUnlockQueue   0x0054ae    program     static C:\ECNG3006\L02_815008434.X\queue.c
                putrsXLCD   0x00733a    program     extern C:\ECNG3006\L02_815008434.X\putrxlcd.c
                 putsXLCD   0x00749a    program     extern C:\ECNG3006\L02_815008434.X\putsxlcd.c
             pvPortMalloc   0x006fa6    program     extern C:\ECNG3006\L02_815008434.X\heap_1.c
pvTaskGetThreadLocalStoragePointer   0x00210e    program     extern C:\ECNG3006\L02_815008434.X\tasks.c
pvTaskIncrementMutexHeldCount   0x002b70    program     extern C:\ECNG3006\L02_815008434.X\tasks.c
    pxPortInitialiseStack   0x0059a8    program     extern C:\ECNG3006\L02_815008434.X\port.c
                     test   0x007196    program     static                          
         ulTaskNotifyTake   0x002b94    program     extern C:\ECNG3006\L02_815008434.X\tasks.c
             uxListRemove   0x006d2a    program     extern C:\ECNG3006\L02_815008434.X\list.c
   uxQueueMessagesWaiting   0x004e3c    program     extern C:\ECNG3006\L02_815008434.X\queue.c
uxQueueMessagesWaitingFromISR   0x004f06    program     extern C:\ECNG3006\L02_815008434.X\queue.c
   uxQueueSpacesAvailable   0x004e84    program     extern C:\ECNG3006\L02_815008434.X\queue.c
   uxTaskGetNumberOfTasks   0x00162c    program     extern C:\ECNG3006\L02_815008434.X\tasks.c
        uxTaskPriorityGet   0x0009f6    program     extern C:\ECNG3006\L02_815008434.X\tasks.c
 uxTaskPriorityGetFromISR   0x000a76    program     extern C:\ECNG3006\L02_815008434.X\tasks.c
uxTaskResetEventItemValue   0x002af2    program     extern C:\ECNG3006\L02_815008434.X\tasks.c
          vListInitialise   0x00694a    program     extern C:\ECNG3006\L02_815008434.X\list.c
      vListInitialiseItem   0x006a3e    program     extern C:\ECNG3006\L02_815008434.X\list.c
              vListInsert   0x006b6e    program     extern C:\ECNG3006\L02_815008434.X\list.c
           vListInsertEnd   0x006a6e    program     extern C:\ECNG3006\L02_815008434.X\list.c
        vPortEndScheduler   0x005ef6    program     extern C:\ECNG3006\L02_815008434.X\port.c
                vPortFree   0x00706a    program     extern C:\ECNG3006\L02_815008434.X\heap_1.c
    vPortInitialiseBlocks   0x00707e    program     extern C:\ECNG3006\L02_815008434.X\heap_1.c
               vPortYield   0x005ef8    program     extern C:\ECNG3006\L02_815008434.X\port.c
      vQueueAddToRegistry   0x0057d8    program     extern C:\ECNG3006\L02_815008434.X\queue.c
             vQueueDelete   0x004f60    program     extern C:\ECNG3006\L02_815008434.X\queue.c
    vQueueUnregisterQueue   0x00590e    program     extern C:\ECNG3006\L02_815008434.X\queue.c
               vTaskDelay   0x000992    program     extern C:\ECNG3006\L02_815008434.X\tasks.c
          vTaskDelayUntil   0x00080c    program     extern C:\ECNG3006\L02_815008434.X\tasks.c
              vTaskDelete   0x0006a8    program     extern C:\ECNG3006\L02_815008434.X\tasks.c
        vTaskEndScheduler   0x0013ae    program     extern C:\ECNG3006\L02_815008434.X\tasks.c
vTaskInternalSetTimeOutState   0x001e9e    program     extern C:\ECNG3006\L02_815008434.X\tasks.c
         vTaskMissedYield   0x00203e    program     extern C:\ECNG3006\L02_815008434.X\tasks.c
   vTaskNotifyGiveFromISR   0x0033c8    program     extern C:\ECNG3006\L02_815008434.X\tasks.c
    vTaskPlaceOnEventList   0x001a50    program     extern C:\ECNG3006\L02_815008434.X\tasks.c
vTaskPlaceOnUnorderedEventList   0x001abe    program     extern C:\ECNG3006\L02_815008434.X\tasks.c
vTaskPriorityDisinheritAfterTimeout   0x00289a    program     extern C:\ECNG3006\L02_815008434.X\tasks.c
         vTaskPrioritySet   0x000af6    program     extern C:\ECNG3006\L02_815008434.X\tasks.c
vTaskRemoveFromUnorderedEventList   0x001cfa    program     extern C:\ECNG3006\L02_815008434.X\tasks.c
              vTaskResume   0x00105a    program     extern C:\ECNG3006\L02_815008434.X\tasks.c
vTaskSetThreadLocalStoragePointer   0x00205e    program     extern C:\ECNG3006\L02_815008434.X\tasks.c
     vTaskSetTimeOutState   0x001e50    program     extern C:\ECNG3006\L02_815008434.X\tasks.c
      vTaskStartScheduler   0x001338    program     extern C:\ECNG3006\L02_815008434.X\tasks.c
             vTaskSuspend   0x000df2    program     extern C:\ECNG3006\L02_815008434.X\tasks.c
          vTaskSuspendAll   0x0013b8    program     extern C:\ECNG3006\L02_815008434.X\tasks.c
       vTaskSwitchContext   0x0018f4    program     extern C:\ECNG3006\L02_815008434.X\tasks.c
     xPortGetFreeHeapSize   0x007086    program     extern C:\ECNG3006\L02_815008434.X\heap_1.c
      xPortStartScheduler   0x005e14    program     extern C:\ECNG3006\L02_815008434.X\port.c
xQueueCreateCountingSemaphore   0x003c7a    program     extern C:\ECNG3006\L02_815008434.X\queue.c
        xQueueCreateMutex   0x003bfc    program     extern C:\ECNG3006\L02_815008434.X\queue.c
      xQueueGenericCreate   0x0039b0    program     extern C:\ECNG3006\L02_815008434.X\queue.c
       xQueueGenericReset   0x0037b2    program     extern C:\ECNG3006\L02_815008434.X\queue.c
        xQueueGenericSend   0x003cee    program     extern C:\ECNG3006\L02_815008434.X\queue.c
 xQueueGenericSendFromISR   0x003fac    program     extern C:\ECNG3006\L02_815008434.X\queue.c
        xQueueGiveFromISR   0x00412c    program     extern C:\ECNG3006\L02_815008434.X\queue.c
xQueueIsQueueEmptyFromISR   0x005690    program     extern C:\ECNG3006\L02_815008434.X\queue.c
 xQueueIsQueueFullFromISR   0x00575c    program     extern C:\ECNG3006\L02_815008434.X\queue.c
               xQueuePeek   0x0048e6    program     extern C:\ECNG3006\L02_815008434.X\queue.c
        xQueuePeekFromISR   0x004d52    program     extern C:\ECNG3006\L02_815008434.X\queue.c
            xQueueReceive   0x00429e    program     extern C:\ECNG3006\L02_815008434.X\queue.c
     xQueueReceiveFromISR   0x004bda    program     extern C:\ECNG3006\L02_815008434.X\queue.c
      xQueueSemaphoreTake   0x004562    program     extern C:\ECNG3006\L02_815008434.X\queue.c
     xTaskCheckForTimeOut   0x001ee0    program     extern C:\ECNG3006\L02_815008434.X\tasks.c
              xTaskCreate   0x000060    program     extern C:\ECNG3006\L02_815008434.X\tasks.c
       xTaskGenericNotify   0x002ebe    program     extern C:\ECNG3006\L02_815008434.X\tasks.c
xTaskGenericNotifyFromISR   0x003136    program     extern C:\ECNG3006\L02_815008434.X\tasks.c
xTaskGetCurrentTaskHandle   0x00240a    program     extern C:\ECNG3006\L02_815008434.X\tasks.c
   xTaskGetSchedulerState   0x002446    program     extern C:\ECNG3006\L02_815008434.X\tasks.c
        xTaskGetTickCount   0x00159e    program     extern C:\ECNG3006\L02_815008434.X\tasks.c
 xTaskGetTickCountFromISR   0x0015e8    program     extern C:\ECNG3006\L02_815008434.X\tasks.c
       xTaskIncrementTick   0x00169e    program     extern C:\ECNG3006\L02_815008434.X\tasks.c
    xTaskNotifyStateClear   0x003580    program     extern C:\ECNG3006\L02_815008434.X\tasks.c
          xTaskNotifyWait   0x002d2c    program     extern C:\ECNG3006\L02_815008434.X\tasks.c
  xTaskPriorityDisinherit   0x0026d8    program     extern C:\ECNG3006\L02_815008434.X\tasks.c
     xTaskPriorityInherit   0x00247e    program     extern C:\ECNG3006\L02_815008434.X\tasks.c
 xTaskRemoveFromEventList   0x001b54    program     extern C:\ECNG3006\L02_815008434.X\tasks.c
           xTaskResumeAll   0x0013be    program     extern C:\ECNG3006\L02_815008434.X\tasks.c
       xTaskResumeFromISR   0x0011aa    program     extern C:\ECNG3006\L02_815008434.X\tasks.c
               zero_block   0x007748    program     static E:\3.46\pic18-lt\cxx-framework\src\traditional\proc\p18f452.asm
                   ADCON0   0x000fc2       data     extern E:\3.46\pic18-lt\cxx-framework\src\traditional\proc\p18f452.asm
               ADCON0bits   0x000fc2       data     extern E:\3.46\pic18-lt\cxx-framework\src\traditional\proc\p18f452.asm
                   ADCON1   0x000fc1       data     extern E:\3.46\pic18-lt\cxx-framework\src\traditional\proc\p18f452.asm
               ADCON1bits   0x000fc1       data     extern E:\3.46\pic18-lt\cxx-framework\src\traditional\proc\p18f452.asm
                 ADCQueue   0x000556       data     extern C:\ECNG3006\L02_815008434.X\code_lab2_6.c
                   ADCSem   0x000554       data     extern C:\ECNG3006\L02_815008434.X\code_lab2_6.c
                    ADRES   0x000fc3       data     extern E:\3.46\pic18-lt\cxx-framework\src\traditional\proc\p18f452.asm
                   ADRESH   0x000fc4       data     extern E:\3.46\pic18-lt\cxx-framework\src\traditional\proc\p18f452.asm
                   ADRESL   0x000fc3       data     extern E:\3.46\pic18-lt\cxx-framework\src\traditional\proc\p18f452.asm
                      BSR   0x000fe0       data     extern E:\3.46\pic18-lt\cxx-framework\src\traditional\proc\p18f452.asm
                  CCP1CON   0x000fbd       data     extern E:\3.46\pic18-lt\cxx-framework\src\traditional\proc\p18f452.asm
              CCP1CONbits   0x000fbd       data     extern E:\3.46\pic18-lt\cxx-framework\src\traditional\proc\p18f452.asm
                  CCP2CON   0x000fba       data     extern E:\3.46\pic18-lt\cxx-framework\src\traditional\proc\p18f452.asm
              CCP2CONbits   0x000fba       data     extern E:\3.46\pic18-lt\cxx-framework\src\traditional\proc\p18f452.asm
                    CCPR1   0x000fbe       data     extern E:\3.46\pic18-lt\cxx-framework\src\traditional\proc\p18f452.asm
                   CCPR1H   0x000fbf       data     extern E:\3.46\pic18-lt\cxx-framework\src\traditional\proc\p18f452.asm
                   CCPR1L   0x000fbe       data     extern E:\3.46\pic18-lt\cxx-framework\src\traditional\proc\p18f452.asm
                    CCPR2   0x000fbb       data     extern E:\3.46\pic18-lt\cxx-framework\src\traditional\proc\p18f452.asm
                   CCPR2H   0x000fbc       data     extern E:\3.46\pic18-lt\cxx-framework\src\traditional\proc\p18f452.asm
                   CCPR2L   0x000fbb       data     extern E:\3.46\pic18-lt\cxx-framework\src\traditional\proc\p18f452.asm
                     DDRA   0x000f92       data     extern E:\3.46\pic18-lt\cxx-framework\src\traditional\proc\p18f452.asm
                 DDRAbits   0x000f92       data     extern E:\3.46\pic18-lt\cxx-framework\src\traditional\proc\p18f452.asm
                     DDRB   0x000f93       data     extern E:\3.46\pic18-lt\cxx-framework\src\traditional\proc\p18f452.asm
                 DDRBbits   0x000f93       data     extern E:\3.46\pic18-lt\cxx-framework\src\traditional\proc\p18f452.asm
                     DDRC   0x000f94       data     extern E:\3.46\pic18-lt\cxx-framework\src\traditional\proc\p18f452.asm
                 DDRCbits   0x000f94       data     extern E:\3.46\pic18-lt\cxx-framework\src\traditional\proc\p18f452.asm
                     DDRD   0x000f95       data     extern E:\3.46\pic18-lt\cxx-framework\src\traditional\proc\p18f452.asm
                 DDRDbits   0x000f95       data     extern E:\3.46\pic18-lt\cxx-framework\src\traditional\proc\p18f452.asm
                     DDRE   0x000f96       data     extern E:\3.46\pic18-lt\cxx-framework\src\traditional\proc\p18f452.asm
                 DDREbits   0x000f96       data     extern E:\3.46\pic18-lt\cxx-framework\src\traditional\proc\p18f452.asm
            DelayCounter1   0x000019       data     extern E:\3.46\pic18-lt\cxx-framework\src\traditional\delays\delayd1.asm
            DelayCounter2   0x000018       data     extern E:\3.46\pic18-lt\cxx-framework\src\traditional\delays\delayd2.asm
                    EEADR   0x000fa9       data     extern E:\3.46\pic18-lt\cxx-framework\src\traditional\proc\p18f452.asm
                   EECON1   0x000fa6       data     extern E:\3.46\pic18-lt\cxx-framework\src\traditional\proc\p18f452.asm
               EECON1bits   0x000fa6       data     extern E:\3.46\pic18-lt\cxx-framework\src\traditional\proc\p18f452.asm
                   EECON2   0x000fa7       data     extern E:\3.46\pic18-lt\cxx-framework\src\traditional\proc\p18f452.asm
                   EEDATA   0x000fa8       data     extern E:\3.46\pic18-lt\cxx-framework\src\traditional\proc\p18f452.asm
                     FSR0   0x000fe9       data     extern E:\3.46\pic18-lt\cxx-framework\src\traditional\proc\p18f452.asm
                    FSR0H   0x000fea       data     extern E:\3.46\pic18-lt\cxx-framework\src\traditional\proc\p18f452.asm
                    FSR0L   0x000fe9       data     extern E:\3.46\pic18-lt\cxx-framework\src\traditional\proc\p18f452.asm
                     FSR1   0x000fe1       data     extern E:\3.46\pic18-lt\cxx-framework\src\traditional\proc\p18f452.asm
                    FSR1H   0x000fe2       data     extern E:\3.46\pic18-lt\cxx-framework\src\traditional\proc\p18f452.asm
                    FSR1L   0x000fe1       data     extern E:\3.46\pic18-lt\cxx-framework\src\traditional\proc\p18f452.asm
                     FSR2   0x000fd9       data     extern E:\3.46\pic18-lt\cxx-framework\src\traditional\proc\p18f452.asm
                    FSR2H   0x000fda       data     extern E:\3.46\pic18-lt\cxx-framework\src\traditional\proc\p18f452.asm
                    FSR2L   0x000fd9       data     extern E:\3.46\pic18-lt\cxx-framework\src\traditional\proc\p18f452.asm
                    INDF0   0x000fef       data     extern E:\3.46\pic18-lt\cxx-framework\src\traditional\proc\p18f452.asm
                    INDF1   0x000fe7       data     extern E:\3.46\pic18-lt\cxx-framework\src\traditional\proc\p18f452.asm
                    INDF2   0x000fdf       data     extern E:\3.46\pic18-lt\cxx-framework\src\traditional\proc\p18f452.asm
                   INTCON   0x000ff2       data     extern E:\3.46\pic18-lt\cxx-framework\src\traditional\proc\p18f452.asm
                  INTCON1   0x000ff2       data     extern E:\3.46\pic18-lt\cxx-framework\src\traditional\proc\p18f452.asm
              INTCON1bits   0x000ff2       data     extern E:\3.46\pic18-lt\cxx-framework\src\traditional\proc\p18f452.asm
                  INTCON2   0x000ff1       data     extern E:\3.46\pic18-lt\cxx-framework\src\traditional\proc\p18f452.asm
              INTCON2bits   0x000ff1       data     extern E:\3.46\pic18-lt\cxx-framework\src\traditional\proc\p18f452.asm
                  INTCON3   0x000ff0       data     extern E:\3.46\pic18-lt\cxx-framework\src\traditional\proc\p18f452.asm
              INTCON3bits   0x000ff0       data     extern E:\3.46\pic18-lt\cxx-framework\src\traditional\proc\p18f452.asm
               INTCONbits   0x000ff2       data     extern E:\3.46\pic18-lt\cxx-framework\src\traditional\proc\p18f452.asm
                     IPR1   0x000f9f       data     extern E:\3.46\pic18-lt\cxx-framework\src\traditional\proc\p18f452.asm
                 IPR1bits   0x000f9f       data     extern E:\3.46\pic18-lt\cxx-framework\src\traditional\proc\p18f452.asm
                     IPR2   0x000fa2       data     extern E:\3.46\pic18-lt\cxx-framework\src\traditional\proc\p18f452.asm
                 IPR2bits   0x000fa2       data     extern E:\3.46\pic18-lt\cxx-framework\src\traditional\proc\p18f452.asm
                     LATA   0x000f89       data     extern E:\3.46\pic18-lt\cxx-framework\src\traditional\proc\p18f452.asm
                 LATAbits   0x000f89       data     extern E:\3.46\pic18-lt\cxx-framework\src\traditional\proc\p18f452.asm
                     LATB   0x000f8a       data     extern E:\3.46\pic18-lt\cxx-framework\src\traditional\proc\p18f452.asm
                 LATBbits   0x000f8a       data     extern E:\3.46\pic18-lt\cxx-framework\src\traditional\proc\p18f452.asm
                     LATC   0x000f8b       data     extern E:\3.46\pic18-lt\cxx-framework\src\traditional\proc\p18f452.asm
                 LATCbits   0x000f8b       data     extern E:\3.46\pic18-lt\cxx-framework\src\traditional\proc\p18f452.asm
                     LATD   0x000f8c       data     extern E:\3.46\pic18-lt\cxx-framework\src\traditional\proc\p18f452.asm
                 LATDbits   0x000f8c       data     extern E:\3.46\pic18-lt\cxx-framework\src\traditional\proc\p18f452.asm
                     LATE   0x000f8d       data     extern E:\3.46\pic18-lt\cxx-framework\src\traditional\proc\p18f452.asm
                 LATEbits   0x000f8d       data     extern E:\3.46\pic18-lt\cxx-framework\src\traditional\proc\p18f452.asm
                 LCDQueue   0x000558       data     extern C:\ECNG3006\L02_815008434.X\code_lab2_6.c
                  LCDbuff   0x000560       data     extern C:\ECNG3006\L02_815008434.X\code_lab2_6.c
                  LCDread   0x00055e       data     extern C:\ECNG3006\L02_815008434.X\code_lab2_6.c
                   LVDCON   0x000fd2       data     extern E:\3.46\pic18-lt\cxx-framework\src\traditional\proc\p18f452.asm
               LVDCONbits   0x000fd2       data     extern E:\3.46\pic18-lt\cxx-framework\src\traditional\proc\p18f452.asm
                   OSCCON   0x000fd3       data     extern E:\3.46\pic18-lt\cxx-framework\src\traditional\proc\p18f452.asm
               OSCCONbits   0x000fd3       data     extern E:\3.46\pic18-lt\cxx-framework\src\traditional\proc\p18f452.asm
                       PC   0x000ff9       data     extern E:\3.46\pic18-lt\cxx-framework\src\traditional\proc\p18f452.asm
                      PCL   0x000ff9       data     extern E:\3.46\pic18-lt\cxx-framework\src\traditional\proc\p18f452.asm
                   PCLATH   0x000ffa       data     extern E:\3.46\pic18-lt\cxx-framework\src\traditional\proc\p18f452.asm
                   PCLATU   0x000ffb       data     extern E:\3.46\pic18-lt\cxx-framework\src\traditional\proc\p18f452.asm
                     PIE1   0x000f9d       data     extern E:\3.46\pic18-lt\cxx-framework\src\traditional\proc\p18f452.asm
                 PIE1bits   0x000f9d       data     extern E:\3.46\pic18-lt\cxx-framework\src\traditional\proc\p18f452.asm
                     PIE2   0x000fa0       data     extern E:\3.46\pic18-lt\cxx-framework\src\traditional\proc\p18f452.asm
                 PIE2bits   0x000fa0       data     extern E:\3.46\pic18-lt\cxx-framework\src\traditional\proc\p18f452.asm
                     PIR1   0x000f9e       data     extern E:\3.46\pic18-lt\cxx-framework\src\traditional\proc\p18f452.asm
                 PIR1bits   0x000f9e       data     extern E:\3.46\pic18-lt\cxx-framework\src\traditional\proc\p18f452.asm
                     PIR2   0x000fa1       data     extern E:\3.46\pic18-lt\cxx-framework\src\traditional\proc\p18f452.asm
                 PIR2bits   0x000fa1       data     extern E:\3.46\pic18-lt\cxx-framework\src\traditional\proc\p18f452.asm
                   PLUSW0   0x000feb       data     extern E:\3.46\pic18-lt\cxx-framework\src\traditional\proc\p18f452.asm
                   PLUSW1   0x000fe3       data     extern E:\3.46\pic18-lt\cxx-framework\src\traditional\proc\p18f452.asm
                   PLUSW2   0x000fdb       data     extern E:\3.46\pic18-lt\cxx-framework\src\traditional\proc\p18f452.asm
                    PORTA   0x000f80       data     extern E:\3.46\pic18-lt\cxx-framework\src\traditional\proc\p18f452.asm
                PORTAbits   0x000f80       data     extern E:\3.46\pic18-lt\cxx-framework\src\traditional\proc\p18f452.asm
                    PORTB   0x000f81       data     extern E:\3.46\pic18-lt\cxx-framework\src\traditional\proc\p18f452.asm
                PORTBbits   0x000f81       data     extern E:\3.46\pic18-lt\cxx-framework\src\traditional\proc\p18f452.asm
                    PORTC   0x000f82       data     extern E:\3.46\pic18-lt\cxx-framework\src\traditional\proc\p18f452.asm
                PORTCbits   0x000f82       data     extern E:\3.46\pic18-lt\cxx-framework\src\traditional\proc\p18f452.asm
                    PORTD   0x000f83       data     extern E:\3.46\pic18-lt\cxx-framework\src\traditional\proc\p18f452.asm
                PORTDbits   0x000f83       data     extern E:\3.46\pic18-lt\cxx-framework\src\traditional\proc\p18f452.asm
                    PORTE   0x000f84       data     extern E:\3.46\pic18-lt\cxx-framework\src\traditional\proc\p18f452.asm
                PORTEbits   0x000f84       data     extern E:\3.46\pic18-lt\cxx-framework\src\traditional\proc\p18f452.asm
                 POSTDEC0   0x000fed       data     extern E:\3.46\pic18-lt\cxx-framework\src\traditional\proc\p18f452.asm
                 POSTDEC1   0x000fe5       data     extern E:\3.46\pic18-lt\cxx-framework\src\traditional\proc\p18f452.asm
                 POSTDEC2   0x000fdd       data     extern E:\3.46\pic18-lt\cxx-framework\src\traditional\proc\p18f452.asm
                 POSTINC0   0x000fee       data     extern E:\3.46\pic18-lt\cxx-framework\src\traditional\proc\p18f452.asm
                 POSTINC1   0x000fe6       data     extern E:\3.46\pic18-lt\cxx-framework\src\traditional\proc\p18f452.asm
                 POSTINC2   0x000fde       data     extern E:\3.46\pic18-lt\cxx-framework\src\traditional\proc\p18f452.asm
                      PR2   0x000fcb       data     extern E:\3.46\pic18-lt\cxx-framework\src\traditional\proc\p18f452.asm
                  PREINC0   0x000fec       data     extern E:\3.46\pic18-lt\cxx-framework\src\traditional\proc\p18f452.asm
                  PREINC1   0x000fe4       data     extern E:\3.46\pic18-lt\cxx-framework\src\traditional\proc\p18f452.asm
                  PREINC2   0x000fdc       data     extern E:\3.46\pic18-lt\cxx-framework\src\traditional\proc\p18f452.asm
                     PROD   0x000ff3       data     extern E:\3.46\pic18-lt\cxx-framework\src\traditional\proc\p18f452.asm
                    PRODH   0x000ff4       data     extern E:\3.46\pic18-lt\cxx-framework\src\traditional\proc\p18f452.asm
                    PRODL   0x000ff3       data     extern E:\3.46\pic18-lt\cxx-framework\src\traditional\proc\p18f452.asm
                     RCON   0x000fd0       data     extern E:\3.46\pic18-lt\cxx-framework\src\traditional\proc\p18f452.asm
                 RCONbits   0x000fd0       data     extern E:\3.46\pic18-lt\cxx-framework\src\traditional\proc\p18f452.asm
                    RCREG   0x000fae       data     extern E:\3.46\pic18-lt\cxx-framework\src\traditional\proc\p18f452.asm
                    RCSTA   0x000fab       data     extern E:\3.46\pic18-lt\cxx-framework\src\traditional\proc\p18f452.asm
                RCSTAbits   0x000fab       data     extern E:\3.46\pic18-lt\cxx-framework\src\traditional\proc\p18f452.asm
                     SIGN   0x000000       data     extern E:\3.46\pic18-lt\cxx-framework\src\traditional\math\cmath18.asm
                    SPBRG   0x000faf       data     extern E:\3.46\pic18-lt\cxx-framework\src\traditional\proc\p18f452.asm
                   SSPADD   0x000fc8       data     extern E:\3.46\pic18-lt\cxx-framework\src\traditional\proc\p18f452.asm
                   SSPBUF   0x000fc9       data     extern E:\3.46\pic18-lt\cxx-framework\src\traditional\proc\p18f452.asm
                  SSPCON1   0x000fc6       data     extern E:\3.46\pic18-lt\cxx-framework\src\traditional\proc\p18f452.asm
              SSPCON1bits   0x000fc6       data     extern E:\3.46\pic18-lt\cxx-framework\src\traditional\proc\p18f452.asm
                  SSPCON2   0x000fc5       data     extern E:\3.46\pic18-lt\cxx-framework\src\traditional\proc\p18f452.asm
              SSPCON2bits   0x000fc5       data     extern E:\3.46\pic18-lt\cxx-framework\src\traditional\proc\p18f452.asm
                  SSPSTAT   0x000fc7       data     extern E:\3.46\pic18-lt\cxx-framework\src\traditional\proc\p18f452.asm
              SSPSTATbits   0x000fc7       data     extern E:\3.46\pic18-lt\cxx-framework\src\traditional\proc\p18f452.asm
                   STATUS   0x000fd8       data     extern E:\3.46\pic18-lt\cxx-framework\src\traditional\proc\p18f452.asm
               STATUSbits   0x000fd8       data     extern E:\3.46\pic18-lt\cxx-framework\src\traditional\proc\p18f452.asm
                   STKPTR   0x000ffc       data     extern E:\3.46\pic18-lt\cxx-framework\src\traditional\proc\p18f452.asm
               STKPTRbits   0x000ffc       data     extern E:\3.46\pic18-lt\cxx-framework\src\traditional\proc\p18f452.asm
                    T0CON   0x000fd5       data     extern E:\3.46\pic18-lt\cxx-framework\src\traditional\proc\p18f452.asm
                T0CONbits   0x000fd5       data     extern E:\3.46\pic18-lt\cxx-framework\src\traditional\proc\p18f452.asm
                    T1CON   0x000fcd       data     extern E:\3.46\pic18-lt\cxx-framework\src\traditional\proc\p18f452.asm
                T1CONbits   0x000fcd       data     extern E:\3.46\pic18-lt\cxx-framework\src\traditional\proc\p18f452.asm
                    T2CON   0x000fca       data     extern E:\3.46\pic18-lt\cxx-framework\src\traditional\proc\p18f452.asm
[...]
                PORTDbits   0x000f83       data     extern E:\3.46\pic18-lt\cxx-framework\src\traditional\proc\p18f452.asm
                    PORTE   0x000f84       data     extern E:\3.46\pic18-lt\cxx-framework\src\traditional\proc\p18f452.asm
                PORTEbits   0x000f84       data     extern E:\3.46\pic18-lt\cxx-framework\src\traditional\proc\p18f452.asm
                 LATAbits   0x000f89       data     extern E:\3.46\pic18-lt\cxx-framework\src\traditional\proc\p18f452.asm
                     LATA   0x000f89       data     extern E:\3.46\pic18-lt\cxx-framework\src\traditional\proc\p18f452.asm
                     LATB   0x000f8a       data     extern E:\3.46\pic18-lt\cxx-framework\src\traditional\proc\p18f452.asm
                 LATBbits   0x000f8a       data     extern E:\3.46\pic18-lt\cxx-framework\src\traditional\proc\p18f452.asm
                     LATC   0x000f8b       data     extern E:\3.46\pic18-lt\cxx-framework\src\traditional\proc\p18f452.asm
                 LATCbits   0x000f8b       data     extern E:\3.46\pic18-lt\cxx-framework\src\traditional\proc\p18f452.asm
                     LATD   0x000f8c       data     extern E:\3.46\pic18-lt\cxx-framework\src\traditional\proc\p18f452.asm
                 LATDbits   0x000f8c       data     extern E:\3.46\pic18-lt\cxx-framework\src\traditional\proc\p18f452.asm
                     LATE   0x000f8d       data     extern E:\3.46\pic18-lt\cxx-framework\src\traditional\proc\p18f452.asm
                 LATEbits   0x000f8d       data     extern E:\3.46\pic18-lt\cxx-framework\src\traditional\proc\p18f452.asm
                 DDRAbits   0x000f92       data     extern E:\3.46\pic18-lt\cxx-framework\src\traditional\proc\p18f452.asm
                     DDRA   0x000f92       data     extern E:\3.46\pic18-lt\cxx-framework\src\traditional\proc\p18f452.asm
                TRISAbits   0x000f92       data     extern E:\3.46\pic18-lt\cxx-framework\src\traditional\proc\p18f452.asm
                    TRISA   0x000f92       data     extern E:\3.46\pic18-lt\cxx-framework\src\traditional\proc\p18f452.asm
                TRISBbits   0x000f93       data     extern E:\3.46\pic18-lt\cxx-framework\src\traditional\proc\p18f452.asm
                    TRISB   0x000f93       data     extern E:\3.46\pic18-lt\cxx-framework\src\traditional\proc\p18f452.asm
                     DDRB   0x000f93       data     extern E:\3.46\pic18-lt\cxx-framework\src\traditional\proc\p18f452.asm
                 DDRBbits   0x000f93       data     extern E:\3.46\pic18-lt\cxx-framework\src\traditional\proc\p18f452.asm
                TRISCbits   0x000f94       data     extern E:\3.46\pic18-lt\cxx-framework\src\traditional\proc\p18f452.asm
                    TRISC   0x000f94       data     extern E:\3.46\pic18-lt\cxx-framework\src\traditional\proc\p18f452.asm
                 DDRCbits   0x000f94       data     extern E:\3.46\pic18-lt\cxx-framework\src\traditional\proc\p18f452.asm
                     DDRC   0x000f94       data     extern E:\3.46\pic18-lt\cxx-framework\src\traditional\proc\p18f452.asm
                 DDRDbits   0x000f95       data     extern E:\3.46\pic18-lt\cxx-framework\src\traditional\proc\p18f452.asm
                     DDRD   0x000f95       data     extern E:\3.46\pic18-lt\cxx-framework\src\traditional\proc\p18f452.asm
                TRISDbits   0x000f95       data     extern E:\3.46\pic18-lt\cxx-framework\src\traditional\proc\p18f452.asm
                    TRISD   0x000f95       data     extern E:\3.46\pic18-lt\cxx-framework\src\traditional\proc\p18f452.asm
                TRISEbits   0x000f96       data     extern E:\3.46\pic18-lt\cxx-framework\src\traditional\proc\p18f452.asm
                    TRISE   0x000f96       data     extern E:\3.46\pic18-lt\cxx-framework\src\traditional\proc\p18f452.asm
                 DDREbits   0x000f96       data     extern E:\3.46\pic18-lt\cxx-framework\src\traditional\proc\p18f452.asm
                     DDRE   0x000f96       data     extern E:\3.46\pic18-lt\cxx-framework\src\traditional\proc\p18f452.asm
                     PIE1   0x000f9d       data     extern E:\3.46\pic18-lt\cxx-framework\src\traditional\proc\p18f452.asm
                 PIE1bits   0x000f9d       data     extern E:\3.46\pic18-lt\cxx-framework\src\traditional\proc\p18f452.asm
                     PIR1   0x000f9e       data     extern E:\3.46\pic18-lt\cxx-framework\src\traditional\proc\p18f452.asm
                 PIR1bits   0x000f9e       data     extern E:\3.46\pic18-lt\cxx-framework\src\traditional\proc\p18f452.asm
                     IPR1   0x000f9f       data     extern E:\3.46\pic18-lt\cxx-framework\src\traditional\proc\p18f452.asm
                 IPR1bits   0x000f9f       data     extern E:\3.46\pic18-lt\cxx-framework\src\traditional\proc\p18f452.asm
                     PIE2   0x000fa0       data     extern E:\3.46\pic18-lt\cxx-framework\src\traditional\proc\p18f452.asm
                 PIE2bits   0x000fa0       data     extern E:\3.46\pic18-lt\cxx-framework\src\traditional\proc\p18f452.asm
                     PIR2   0x000fa1       data     extern E:\3.46\pic18-lt\cxx-framework\src\traditional\proc\p18f452.asm
                 PIR2bits   0x000fa1       data     extern E:\3.46\pic18-lt\cxx-framework\src\traditional\proc\p18f452.asm
                 IPR2bits   0x000fa2       data     extern E:\3.46\pic18-lt\cxx-framework\src\traditional\proc\p18f452.asm
                     IPR2   0x000fa2       data     extern E:\3.46\pic18-lt\cxx-framework\src\traditional\proc\p18f452.asm
               EECON1bits   0x000fa6       data     extern E:\3.46\pic18-lt\cxx-framework\src\traditional\proc\p18f452.asm
                   EECON1   0x000fa6       data     extern E:\3.46\pic18-lt\cxx-framework\src\traditional\proc\p18f452.asm
                   EECON2   0x000fa7       data     extern E:\3.46\pic18-lt\cxx-framework\src\traditional\proc\p18f452.asm
                   EEDATA   0x000fa8       data     extern E:\3.46\pic18-lt\cxx-framework\src\traditional\proc\p18f452.asm
                    EEADR   0x000fa9       data     extern E:\3.46\pic18-lt\cxx-framework\src\traditional\proc\p18f452.asm
                RCSTAbits   0x000fab       data     extern E:\3.46\pic18-lt\cxx-framework\src\traditional\proc\p18f452.asm
                    RCSTA   0x000fab       data     extern E:\3.46\pic18-lt\cxx-framework\src\traditional\proc\p18f452.asm
                    TXSTA   0x000fac       data     extern E:\3.46\pic18-lt\cxx-framework\src\traditional\proc\p18f452.asm
                TXSTAbits   0x000fac       data     extern E:\3.46\pic18-lt\cxx-framework\src\traditional\proc\p18f452.asm
                    TXREG   0x000fad       data     extern E:\3.46\pic18-lt\cxx-framework\src\traditional\proc\p18f452.asm
                    RCREG   0x000fae       data     extern E:\3.46\pic18-lt\cxx-framework\src\traditional\proc\p18f452.asm
                    SPBRG   0x000faf       data     extern E:\3.46\pic18-lt\cxx-framework\src\traditional\proc\p18f452.asm
                T3CONbits   0x000fb1       data     extern E:\3.46\pic18-lt\cxx-framework\src\traditional\proc\p18f452.asm
                    T3CON   0x000fb1       data     extern E:\3.46\pic18-lt\cxx-framework\src\traditional\proc\p18f452.asm
                    TMR3L   0x000fb2       data     extern E:\3.46\pic18-lt\cxx-framework\src\traditional\proc\p18f452.asm
                    TMR3H   0x000fb3       data     extern E:\3.46\pic18-lt\cxx-framework\src\traditional\proc\p18f452.asm
              CCP2CONbits   0x000fba       data     extern E:\3.46\pic18-lt\cxx-framework\src\traditional\proc\p18f452.asm
                  CCP2CON   0x000fba       data     extern E:\3.46\pic18-lt\cxx-framework\src\traditional\proc\p18f452.asm
                   CCPR2L   0x000fbb       data     extern E:\3.46\pic18-lt\cxx-framework\src\traditional\proc\p18f452.asm
                    CCPR2   0x000fbb       data     extern E:\3.46\pic18-lt\cxx-framework\src\traditional\proc\p18f452.asm
                   CCPR2H   0x000fbc       data     extern E:\3.46\pic18-lt\cxx-framework\src\traditional\proc\p18f452.asm
                  CCP1CON   0x000fbd       data     extern E:\3.46\pic18-lt\cxx-framework\src\traditional\proc\p18f452.asm
              CCP1CONbits   0x000fbd       data     extern E:\3.46\pic18-lt\cxx-framework\src\traditional\proc\p18f452.asm
                   CCPR1L   0x000fbe       data     extern E:\3.46\pic18-lt\cxx-framework\src\traditional\proc\p18f452.asm
                    CCPR1   0x000fbe       data     extern E:\3.46\pic18-lt\cxx-framework\src\traditional\proc\p18f452.asm
                   CCPR1H   0x000fbf       data     extern E:\3.46\pic18-lt\cxx-framework\src\traditional\proc\p18f452.asm
               ADCON1bits   0x000fc1       data     extern E:\3.46\pic18-lt\cxx-framework\src\traditional\proc\p18f452.asm
                   ADCON1   0x000fc1       data     extern E:\3.46\pic18-lt\cxx-framework\src\traditional\proc\p18f452.asm
               ADCON0bits   0x000fc2       data     extern E:\3.46\pic18-lt\cxx-framework\src\traditional\proc\p18f452.asm
                   ADCON0   0x000fc2       data     extern E:\3.46\pic18-lt\cxx-framework\src\traditional\proc\p18f452.asm
                   ADRESL   0x000fc3       data     extern E:\3.46\pic18-lt\cxx-framework\src\traditional\proc\p18f452.asm
                    ADRES   0x000fc3       data     extern E:\3.46\pic18-lt\cxx-framework\src\traditional\proc\p18f452.asm
                   ADRESH   0x000fc4       data     extern E:\3.46\pic18-lt\cxx-framework\src\traditional\proc\p18f452.asm
                  SSPCON2   0x000fc5       data     extern E:\3.46\pic18-lt\cxx-framework\src\traditional\proc\p18f452.asm
              SSPCON2bits   0x000fc5       data     extern E:\3.46\pic18-lt\cxx-framework\src\traditional\proc\p18f452.asm
              SSPCON1bits   0x000fc6       data     extern E:\3.46\pic18-lt\cxx-framework\src\traditional\proc\p18f452.asm
                  SSPCON1   0x000fc6       data     extern E:\3.46\pic18-lt\cxx-framework\src\traditional\proc\p18f452.asm
                  SSPSTAT   0x000fc7       data     extern E:\3.46\pic18-lt\cxx-framework\src\traditional\proc\p18f452.asm
              SSPSTATbits   0x000fc7       data     extern E:\3.46\pic18-lt\cxx-framework\src\traditional\proc\p18f452.asm
                   SSPADD   0x000fc8       data     extern E:\3.46\pic18-lt\cxx-framework\src\traditional\proc\p18f452.asm
                   SSPBUF   0x000fc9       data     extern E:\3.46\pic18-lt\cxx-framework\src\traditional\proc\p18f452.asm
                T2CONbits   0x000fca       data     extern E:\3.46\pic18-lt\cxx-framework\src\traditional\proc\p18f452.asm
                    T2CON   0x000fca       data     extern E:\3.46\pic18-lt\cxx-framework\src\traditional\proc\p18f452.asm
                      PR2   0x000fcb       data     extern E:\3.46\pic18-lt\cxx-framework\src\traditional\proc\p18f452.asm
                     TMR2   0x000fcc       data     extern E:\3.46\pic18-lt\cxx-framework\src\traditional\proc\p18f452.asm
                    T1CON   0x000fcd       data     extern E:\3.46\pic18-lt\cxx-framework\src\traditional\proc\p18f452.asm
                T1CONbits   0x000fcd       data     extern E:\3.46\pic18-lt\cxx-framework\src\traditional\proc\p18f452.asm
                    TMR1L   0x000fce       data     extern E:\3.46\pic18-lt\cxx-framework\src\traditional\proc\p18f452.asm
                    TMR1H   0x000fcf       data     extern E:\3.46\pic18-lt\cxx-framework\src\traditional\proc\p18f452.asm
                 RCONbits   0x000fd0       data     extern E:\3.46\pic18-lt\cxx-framework\src\traditional\proc\p18f452.asm
                     RCON   0x000fd0       data     extern E:\3.46\pic18-lt\cxx-framework\src\traditional\proc\p18f452.asm
                   WDTCON   0x000fd1       data     extern E:\3.46\pic18-lt\cxx-framework\src\traditional\proc\p18f452.asm
               WDTCONbits   0x000fd1       data     extern E:\3.46\pic18-lt\cxx-framework\src\traditional\proc\p18f452.asm
                   LVDCON   0x000fd2       data     extern E:\3.46\pic18-lt\cxx-framework\src\traditional\proc\p18f452.asm
               LVDCONbits   0x000fd2       data     extern E:\3.46\pic18-lt\cxx-framework\src\traditional\proc\p18f452.asm
                   OSCCON   0x000fd3       data     extern E:\3.46\pic18-lt\cxx-framework\src\traditional\proc\p18f452.asm
               OSCCONbits   0x000fd3       data     extern E:\3.46\pic18-lt\cxx-framework\src\traditional\proc\p18f452.asm
                    T0CON   0x000fd5       data     extern E:\3.46\pic18-lt\cxx-framework\src\traditional\proc\p18f452.asm
                T0CONbits   0x000fd5       data     extern E:\3.46\pic18-lt\cxx-framework\src\traditional\proc\p18f452.asm
                    TMR0L   0x000fd6       data     extern E:\3.46\pic18-lt\cxx-framework\src\traditional\proc\p18f452.asm
                    TMR0H   0x000fd7       data     extern E:\3.46\pic18-lt\cxx-framework\src\traditional\proc\p18f452.asm
                   STATUS   0x000fd8       data     extern E:\3.46\pic18-lt\cxx-framework\src\traditional\proc\p18f452.asm
               STATUSbits   0x000fd8       data     extern E:\3.46\pic18-lt\cxx-framework\src\traditional\proc\p18f452.asm
                     FSR2   0x000fd9       data     extern E:\3.46\pic18-lt\cxx-framework\src\traditional\proc\p18f452.asm
                    FSR2L   0x000fd9       data     extern E:\3.46\pic18-lt\cxx-framework\src\traditional\proc\p18f452.asm
                    FSR2H   0x000fda       data     extern E:\3.46\pic18-lt\cxx-framework\src\traditional\proc\p18f452.asm
                   PLUSW2   0x000fdb       data     extern E:\3.46\pic18-lt\cxx-framework\src\traditional\proc\p18f452.asm
                  PREINC2   0x000fdc       data     extern E:\3.46\pic18-lt\cxx-framework\src\traditional\proc\p18f452.asm
                 POSTDEC2   0x000fdd       data     extern E:\3.46\pic18-lt\cxx-framework\src\traditional\proc\p18f452.asm
                 POSTINC2   0x000fde       data     extern E:\3.46\pic18-lt\cxx-framework\src\traditional\proc\p18f452.asm
                    INDF2   0x000fdf       data     extern E:\3.46\pic18-lt\cxx-framework\src\traditional\proc\p18f452.asm
                      BSR   0x000fe0       data     extern E:\3.46\pic18-lt\cxx-framework\src\traditional\proc\p18f452.asm
                     FSR1   0x000fe1       data     extern E:\3.46\pic18-lt\cxx-framework\src\traditional\proc\p18f452.asm
                    FSR1L   0x000fe1       data     extern E:\3.46\pic18-lt\cxx-framework\src\traditional\proc\p18f452.asm
                    FSR1H   0x000fe2       data     extern E:\3.46\pic18-lt\cxx-framework\src\traditional\proc\p18f452.asm
                   PLUSW1   0x000fe3       data     extern E:\3.46\pic18-lt\cxx-framework\src\traditional\proc\p18f452.asm
                  PREINC1   0x000fe4       data     extern E:\3.46\pic18-lt\cxx-framework\src\traditional\proc\p18f452.asm
                 POSTDEC1   0x000fe5       data     extern E:\3.46\pic18-lt\cxx-framework\src\traditional\proc\p18f452.asm
                 POSTINC1   0x000fe6       data     extern E:\3.46\pic18-lt\cxx-framework\src\traditional\proc\p18f452.asm
                    INDF1   0x000fe7       data     extern E:\3.46\pic18-lt\cxx-framework\src\traditional\proc\p18f452.asm
                     WREG   0x000fe8       data     extern E:\3.46\pic18-lt\cxx-framework\src\traditional\proc\p18f452.asm
                        W   0x000fe8       data     extern E:\3.46\pic18-lt\cxx-framework\src\traditional\proc\p18f452.asm
                     FSR0   0x000fe9       data     extern E:\3.46\pic18-lt\cxx-framework\src\traditional\proc\p18f452.asm
                    FSR0L   0x000fe9       data     extern E:\3.46\pic18-lt\cxx-framework\src\traditional\proc\p18f452.asm
                    FSR0H   0x000fea       data     extern E:\3.46\pic18-lt\cxx-framework\src\traditional\proc\p18f452.asm
                   PLUSW0   0x000feb       data     extern E:\3.46\pic18-lt\cxx-framework\src\traditional\proc\p18f452.asm
                  PREINC0   0x000fec       data     extern E:\3.46\pic18-lt\cxx-framework\src\traditional\proc\p18f452.asm
                 POSTDEC0   0x000fed       data     extern E:\3.46\pic18-lt\cxx-framework\src\traditional\proc\p18f452.asm
                 POSTINC0   0x000fee       data     extern E:\3.46\pic18-lt\cxx-framework\src\traditional\proc\p18f452.asm
                    INDF0   0x000fef       data     extern E:\3.46\pic18-lt\cxx-framework\src\traditional\proc\p18f452.asm
              INTCON3bits   0x000ff0       data     extern E:\3.46\pic18-lt\cxx-framework\src\traditional\proc\p18f452.asm
                  INTCON3   0x000ff0       data     extern E:\3.46\pic18-lt\cxx-framework\src\traditional\proc\p18f452.asm
              INTCON2bits   0x000ff1       data     extern E:\3.46\pic18-lt\cxx-framework\src\traditional\proc\p18f452.asm
                  INTCON2   0x000ff1       data     extern E:\3.46\pic18-lt\cxx-framework\src\traditional\proc\p18f452.asm
                   INTCON   0x000ff2       data     extern E:\3.46\pic18-lt\cxx-framework\src\traditional\proc\p18f452.asm
                  INTCON1   0x000ff2       data     extern E:\3.46\pic18-lt\cxx-framework\src\traditional\proc\p18f452.asm
              INTCON1bits   0x000ff2       data     extern E:\3.46\pic18-lt\cxx-framework\src\traditional\proc\p18f452.asm
               INTCONbits   0x000ff2       data     extern E:\3.46\pic18-lt\cxx-framework\src\traditional\proc\p18f452.asm
                    PRODL   0x000ff3       data     extern E:\3.46\pic18-lt\cxx-framework\src\traditional\proc\p18f452.asm
                     PROD   0x000ff3       data     extern E:\3.46\pic18-lt\cxx-framework\src\traditional\proc\p18f452.asm
                    PRODH   0x000ff4       data     extern E:\3.46\pic18-lt\cxx-framework\src\traditional\proc\p18f452.asm
                   TABLAT   0x000ff5       data     extern E:\3.46\pic18-lt\cxx-framework\src\traditional\proc\p18f452.asm
                   TBLPTR   0x000ff6       data     extern E:\3.46\pic18-lt\cxx-framework\src\traditional\proc\p18f452.asm
                  TBLPTRL   0x000ff6       data     extern E:\3.46\pic18-lt\cxx-framework\src\traditional\proc\p18f452.asm
                  TBLPTRH   0x000ff7       data     extern E:\3.46\pic18-lt\cxx-framework\src\traditional\proc\p18f452.asm
                  TBLPTRU   0x000ff8       data     extern E:\3.46\pic18-lt\cxx-framework\src\traditional\proc\p18f452.asm
                       PC   0x000ff9       data     extern E:\3.46\pic18-lt\cxx-framework\src\traditional\proc\p18f452.asm
                      PCL   0x000ff9       data     extern E:\3.46\pic18-lt\cxx-framework\src\traditional\proc\p18f452.asm
                   PCLATH   0x000ffa       data     extern E:\3.46\pic18-lt\cxx-framework\src\traditional\proc\p18f452.asm
                   PCLATU   0x000ffb       data     extern E:\3.46\pic18-lt\cxx-framework\src\traditional\proc\p18f452.asm
               STKPTRbits   0x000ffc       data     extern E:\3.46\pic18-lt\cxx-framework\src\traditional\proc\p18f452.asm
                   STKPTR   0x000ffc       data     extern E:\3.46\pic18-lt\cxx-framework\src\traditional\proc\p18f452.asm
                     TOSL   0x000ffd       data     extern E:\3.46\pic18-lt\cxx-framework\src\traditional\proc\p18f452.asm
                      TOS   0x000ffd       data     extern E:\3.46\pic18-lt\cxx-framework\src\traditional\proc\p18f452.asm
                     TOSH   0x000ffe       data     extern E:\3.46\pic18-lt\cxx-framework\src\traditional\proc\p18f452.asm
                     TOSU   0x000fff       data     extern E:\3.46\pic18-lt\cxx-framework\src\traditional\proc\p18f452.asm


