MPLINK 5.00, LINKER
Linker Map File - Created Thu Nov 07 14:40:24 2019

                                 Section Info
                  Section       Type    Address   Location Size(Bytes)
                ---------  ---------  ---------  ---------  ---------
               _entry_scn       code   0x000000    program   0x000006
              high_vector       code   0x000008    program   0x000012
                   .cinit    romdata   0x00003a    program   0x00001a
            .code_tasks.o       code   0x000054    program   0x0037b8
            .code_queue.o       code   0x00380c    program   0x00220e
             .code_port.o       code   0x005a1a    program   0x000990
             .code_list.o       code   0x0063aa    program   0x000528
      .code_code_lab2_6.o       code   0x0068d2    program   0x000270
                   STDLIB       code   0x006b42    program   0x000134
           .code_heap_1.o       code   0x006c76    program   0x0000fc
         .code_openxlcd.o       code   0x006d72    program   0x0000da
               _cinit_scn       code   0x006e4c    program   0x00009e
   .code_DelayFunctions.o       code   0x006eea    program   0x000086
         .code_setddram.o       code   0x006f70    program   0x00005a
         .code_setcgram.o       code   0x006fca    program   0x00005a
         .code_putrxlcd.o       code   0x007024    program   0x00005a
         .code_writdata.o       code   0x00707e    program   0x000058
         .code_wcmdxlcd.o       code   0x0070d6    program   0x000058
                   STRING       code   0x00712e    program   0x000056
         .code_putsxlcd.o       code   0x007184    program   0x000056
         .code_readdata.o       code   0x0071da    program   0x000050
         .code_readaddr.o       code   0x00722a    program   0x000050
          .code_adcopen.o       code   0x00727a    program   0x000048
           .code_t1open.o       code   0x0072c2    program   0x000042
         .code_busyxlcd.o       code   0x007304    program   0x000036
             D10KTCYXCODE       code   0x00733a    program   0x00002e
     .code_adcselchconv.o       code   0x007368    program   0x00002e
         .code_adcsetch.o       code   0x007396    program   0x00002c
              D1KTCYXCODE       code   0x0073c2    program   0x000020
                    .code       code   0x0073e2    program   0x000020
             _startup_scn       code   0x007402    program   0x00001c
             .stringtable    romdata   0x00741e    program   0x000018
          .code_adcread.o       code   0x007436    program   0x000012
          .code_adcbusy.o       code   0x007448    program   0x00000a
         .code_adcclose.o       code   0x007452    program   0x000006
          .code_adcconv.o       code   0x007458    program   0x000004
           .code___init.o       code   0x00745c    program   0x000002
        .romdata_timers.o    romdata   0x00745e    program   0x000000
        .romdata___init.o    romdata   0x00745e    program   0x000000
        .romdata_heap_1.o    romdata   0x00745e    program   0x000000
        .romdata_t1open.o    romdata   0x00745e    program   0x000000
      .romdata_adcsetch.o    romdata   0x00745e    program   0x000000
          .romdata_port.o    romdata   0x00745e    program   0x000000
  .romdata_adcselchconv.o    romdata   0x00745e    program   0x000000
      .romdata_adcclose.o    romdata   0x00745e    program   0x000000
   .romdata_code_lab2_6.o    romdata   0x00745e    program   0x000000
       .romdata_adcbusy.o    romdata   0x00745e    program   0x000000
       .romdata_adcopen.o    romdata   0x00745e    program   0x000000
       .romdata_adcconv.o    romdata   0x00745e    program   0x000000
       .romdata_adcread.o    romdata   0x00745e    program   0x000000
      .romdata_readaddr.o    romdata   0x00745e    program   0x000000
      .romdata_putsxlcd.o    romdata   0x00745e    program   0x000000
      .romdata_readdata.o    romdata   0x00745e    program   0x000000
      .romdata_setcgram.o    romdata   0x00745e    program   0x000000
      .romdata_putrxlcd.o    romdata   0x00745e    program   0x000000
      .romdata_setddram.o    romdata   0x00745e    program   0x000000
      .idata_wcmdxlcd.o_i    romdata   0x00745e    program   0x000000
      .romdata_wcmdxlcd.o    romdata   0x00745e    program   0x000000
      .idata_writdata.o_i    romdata   0x00745e    program   0x000000
      .romdata_writdata.o    romdata   0x00745e    program   0x000000
      .romdata_openxlcd.o    romdata   0x00745e    program   0x000000
      .romdata_busyxlcd.o    romdata   0x00745e    program   0x000000
.romdata_DelayFunctions.o    romdata   0x00745e    program   0x000000
        .idata_timers.o_i    romdata   0x00745e    program   0x000000
         .romdata_c018i.o    romdata   0x00745e    program   0x000000
          .romdata_list.o    romdata   0x00745e    program   0x000000
         .romdata_tasks.o    romdata   0x00745e    program   0x000000
         .romdata_queue.o    romdata   0x00745e    program   0x000000
         .idata_tasks.o_i    romdata   0x00745e    program   0x000011
      .idata_readaddr.o_i    romdata   0x00746f    program   0x000000
      .idata_readdata.o_i    romdata   0x00746f    program   0x000000
        .idata_heap_1.o_i    romdata   0x00746f    program   0x000004
      .idata_setcgram.o_i    romdata   0x00746f    program   0x000000
      .idata_putsxlcd.o_i    romdata   0x00746f    program   0x000000
      .idata_setddram.o_i    romdata   0x00746f    program   0x000000
          .idata_port.o_i    romdata   0x00746f    program   0x000000
      .idata_putrxlcd.o_i    romdata   0x00746f    program   0x000000
         .idata_queue.o_i    romdata   0x00746f    program   0x000000
        .idata_t1open.o_i    romdata   0x00746f    program   0x000000
          .idata_list.o_i    romdata   0x00746f    program   0x000000
      .idata_openxlcd.o_i    romdata   0x00746f    program   0x000000
         .idata_c018i.o_i    romdata   0x007473    program   0x000000
        .idata___init.o_i    romdata   0x007473    program   0x000000
      .idata_busyxlcd.o_i    romdata   0x007473    program   0x000000
      .idata_adcsetch.o_i    romdata   0x007473    program   0x000000
  .idata_adcselchconv.o_i    romdata   0x007473    program   0x000000
      .idata_adcclose.o_i    romdata   0x007473    program   0x000000
       .idata_adcbusy.o_i    romdata   0x007473    program   0x000000
       .idata_adcconv.o_i    romdata   0x007473    program   0x000000
       .idata_adcread.o_i    romdata   0x007473    program   0x000000
.idata_DelayFunctions.o_i    romdata   0x007473    program   0x000000
       .idata_adcopen.o_i    romdata   0x007473    program   0x000000
   .idata_code_lab2_6.o_i    romdata   0x007473    program   0x000000
            .code_c018i.o       code   0x007474    program   0x000000
           .code_timers.o       code   0x007474    program   0x000000
.config_300001_code_lab2_6.o    romdata   0x300001    program   0x000001
.config_300003_code_lab2_6.o    romdata   0x300003    program   0x000001
.config_300006_code_lab2_6.o    romdata   0x300006    program   0x000001
                MATH_DATA      udata   0x000000       data   0x00000b
                 .tmpdata      udata   0x00000b       data   0x000008
                DELAYDAT2      udata   0x000013       data   0x000001
                DELAYDAT1      udata   0x000014       data   0x000001
                   .stack      udata   0x000080       data   0x000060
          .udata_heap_1.o      udata   0x0000e0       data   0x000400
           .udata_tasks.o      udata   0x0004e0       data   0x00004c
           .udata_queue.o      udata   0x00052c       data   0x000028
           .idata_tasks.o      idata   0x000554       data   0x000011
           .udata_c018i.o      udata   0x000565       data   0x00000a
     .udata_code_lab2_6.o      udata   0x00056f       data   0x000009
          .idata_heap_1.o      idata   0x000578       data   0x000004
            .udata_port.o      udata   0x00057c       data   0x000000
          .idata___init.o      idata   0x00057c       data   0x000000
          .udata___init.o      udata   0x00057c       data   0x000000
            .idata_port.o      idata   0x00057c       data   0x000000
          .idata_t1open.o      idata   0x00057c       data   0x000000
     .idata_code_lab2_6.o      idata   0x00057c       data   0x000000
         .udata_adcopen.o      udata   0x00057c       data   0x000000
         .idata_adcopen.o      idata   0x00057c       data   0x000000
         .udata_adcread.o      udata   0x00057c       data   0x000000
         .idata_adcread.o      idata   0x00057c       data   0x000000
         .udata_adcconv.o      udata   0x00057c       data   0x000000
         .idata_adcconv.o      idata   0x00057c       data   0x000000
         .udata_adcbusy.o      udata   0x00057c       data   0x000000
         .idata_adcbusy.o      idata   0x00057c       data   0x000000
        .udata_adcclose.o      udata   0x00057c       data   0x000000
        .idata_adcclose.o      idata   0x00057c       data   0x000000
    .udata_adcselchconv.o      udata   0x00057c       data   0x000000
    .idata_adcselchconv.o      idata   0x00057c       data   0x000000
        .udata_adcsetch.o      udata   0x00057c       data   0x000000
        .idata_adcsetch.o      idata   0x00057c       data   0x000000
        .udata_busyxlcd.o      udata   0x00057c       data   0x000000
           .idata_c018i.o      idata   0x00057c       data   0x000000
          .udata_t1open.o      udata   0x00057c       data   0x000000
        .idata_busyxlcd.o      idata   0x00057c       data   0x000000
        .udata_openxlcd.o      udata   0x00057c       data   0x000000
        .idata_openxlcd.o      idata   0x00057c       data   0x000000
        .udata_putrxlcd.o      udata   0x00057c       data   0x000000
        .idata_putrxlcd.o      idata   0x00057c       data   0x000000
        .udata_putsxlcd.o      udata   0x00057c       data   0x000000
        .idata_putsxlcd.o      idata   0x00057c       data   0x000000
        .udata_readaddr.o      udata   0x00057c       data   0x000000
        .idata_readaddr.o      idata   0x00057c       data   0x000000
        .udata_readdata.o      udata   0x00057c       data   0x000000
        .idata_readdata.o      idata   0x00057c       data   0x000000
        .udata_setcgram.o      udata   0x00057c       data   0x000000
        .idata_setcgram.o      idata   0x00057c       data   0x000000
        .udata_setddram.o      udata   0x00057c       data   0x000000
        .idata_setddram.o      idata   0x00057c       data   0x000000
        .udata_wcmdxlcd.o      udata   0x00057c       data   0x000000
        .idata_wcmdxlcd.o      idata   0x00057c       data   0x000000
        .udata_writdata.o      udata   0x00057c       data   0x000000
        .idata_writdata.o      idata   0x00057c       data   0x000000
  .udata_DelayFunctions.o      udata   0x00057c       data   0x000000
  .idata_DelayFunctions.o      idata   0x00057c       data   0x000000
            .udata_list.o      udata   0x00057c       data   0x000000
            .idata_list.o      idata   0x00057c       data   0x000000
           .idata_queue.o      idata   0x00057c       data   0x000000
          .udata_timers.o      udata   0x00057c       data   0x000000
          .idata_timers.o      idata   0x00057c       data   0x000000
            SFR_UNBANKED0      udata   0x000f80       data   0x000080



                              Program Memory Usage 
                               Start         End      
                           ---------   ---------      
                            0x000000    0x000005      
                            0x000008    0x000019      
                            0x00003a    0x007472      
                            0x300001    0x300001      
                            0x300003    0x300003      
                            0x300006    0x300006      
            29780 out of 33048 program addresses used, program memory utilization is 90%



                              Symbols - Sorted by Name
                     Name    Address   Location    Storage File                     
                ---------  ---------  ---------  --------- ---------                
                   ADCisr   0x006a8c    program     extern C:\Users\vasis\Documents\ECNG3006\FreeRTOSPractice.X\code_lab2_6.c
               AnalogTask   0x006994    program     extern C:\Users\vasis\Documents\ECNG3006\FreeRTOSPractice.X\code_lab2_6.c
                  BusyADC   0x007448    program     extern C:\Users\vasis\Documents\ECNG3006\FreeRTOSPractice.X\adcbusy.c
                 BusyXLCD   0x007304    program     extern C:\Users\vasis\Documents\ECNG3006\FreeRTOSPractice.X\busyxlcd.c
                 CloseADC   0x007452    program     extern C:\Users\vasis\Documents\ECNG3006\FreeRTOSPractice.X\adcclose.c
               ConvertADC   0x007458    program     extern C:\Users\vasis\Documents\ECNG3006\FreeRTOSPractice.X\adcconv.c
                   D10K_1   0x007346    program     static E:\3.46\pic18-lt\cxx-framework\src\traditional\delays\d10ktcyx.asm
                    D10Kl   0x007352    program     static E:\3.46\pic18-lt\cxx-framework\src\traditional\delays\d10ktcyx.asm
                    D10Kx   0x007344    program     static E:\3.46\pic18-lt\cxx-framework\src\traditional\delays\d10ktcyx.asm
                    D1K_1   0x0073ce    program     static E:\3.46\pic18-lt\cxx-framework\src\traditional\delays\d1ktcyx.asm
                     D1Kx   0x0073cc    program     static E:\3.46\pic18-lt\cxx-framework\src\traditional\delays\d1ktcyx.asm
             Delay10KTCYx   0x00733a    program     extern E:\3.46\pic18-lt\cxx-framework\src\traditional\delays\d10ktcyx.asm
              Delay1KTCYx   0x0073c2    program     extern E:\3.46\pic18-lt\cxx-framework\src\traditional\delays\d1ktcyx.asm
            DelayFor18TCY   0x006eea    program     extern C:\Users\vasis\Documents\ECNG3006\FreeRTOSPractice.X\DelayFunctions.c
             DelayPORXLCD   0x006f10    program     extern C:\Users\vasis\Documents\ECNG3006\FreeRTOSPractice.X\DelayFunctions.c
                DelayXLCD   0x006f1c    program     extern C:\Users\vasis\Documents\ECNG3006\FreeRTOSPractice.X\DelayFunctions.c
                  InitLCD   0x006f28    program     extern C:\Users\vasis\Documents\ECNG3006\FreeRTOSPractice.X\DelayFunctions.c
                  LCDTask   0x006a08    program     extern C:\Users\vasis\Documents\ECNG3006\FreeRTOSPractice.X\code_lab2_6.c
                  OneByte   0x006c64    program     static E:\3.46\pic18-lt\cxx-framework\src\traditional\stdclib\itobcd.asm
                  OpenADC   0x00727a    program     extern C:\Users\vasis\Documents\ECNG3006\FreeRTOSPractice.X\adcopen.c
               OpenTimer1   0x0072c2    program     extern E:\3.46\pic18-lt\cxx-framework\src\pmc_common\Timers\t1open.c
                 OpenXLCD   0x006d72    program     extern C:\Users\vasis\Documents\ECNG3006\FreeRTOSPractice.X\openxlcd.c
                ProcLower   0x006c18    program     static E:\3.46\pic18-lt\cxx-framework\src\traditional\stdclib\itoa.asm
                ProcUpper   0x006c0e    program     static E:\3.46\pic18-lt\cxx-framework\src\traditional\stdclib\itoa.asm
                  ReadADC   0x007436    program     extern C:\Users\vasis\Documents\ECNG3006\FreeRTOSPractice.X\adcread.c
             ReadAddrXLCD   0x00722a    program     extern C:\Users\vasis\Documents\ECNG3006\FreeRTOSPractice.X\readaddr.c
             ReadDataXLCD   0x0071da    program     extern C:\Users\vasis\Documents\ECNG3006\FreeRTOSPractice.X\readdata.c
           SelChanConvADC   0x007368    program     extern C:\Users\vasis\Documents\ECNG3006\FreeRTOSPractice.X\adcselchconv.c
             SetCGRamAddr   0x006fca    program     extern C:\Users\vasis\Documents\ECNG3006\FreeRTOSPractice.X\setcgram.c
               SetChanADC   0x007396    program     extern C:\Users\vasis\Documents\ECNG3006\FreeRTOSPractice.X\adcsetch.c
             SetDDRamAddr   0x006f70    program     extern C:\Users\vasis\Documents\ECNG3006\FreeRTOSPractice.X\setddram.c
                 TstLower   0x006c02    program     static E:\3.46\pic18-lt\cxx-framework\src\traditional\stdclib\itoa.asm
                 TstUpper   0x006bfc    program     static E:\3.46\pic18-lt\cxx-framework\src\traditional\stdclib\itoa.asm
             WriteCmdXLCD   0x0070d6    program     extern C:\Users\vasis\Documents\ECNG3006\FreeRTOSPractice.X\wcmdxlcd.c
            WriteDataXLCD   0x00707e    program     extern C:\Users\vasis\Documents\ECNG3006\FreeRTOSPractice.X\writdata.c
              _4jContinue   0x007162    program     static E:\3.46\pic18-lt\cxx-framework\src\traditional\stdclib\memcpy.asm
                   _5jEnd   0x00716c    program     static E:\3.46\pic18-lt\cxx-framework\src\traditional\stdclib\memcpy.asm
       _D10KTCYXCODE_0010   0x00734a    program     static E:\3.46\pic18-lt\cxx-framework\src\traditional\delays\d10ktcyx.asm
       _D10KTCYXCODE_001C   0x007356    program     static E:\3.46\pic18-lt\cxx-framework\src\traditional\delays\d10ktcyx.asm
        _D1KTCYXCODE_0010   0x0073d2    program     static E:\3.46\pic18-lt\cxx-framework\src\traditional\delays\d1ktcyx.asm
        _D1KTCYXCODE_0016   0x0073d8    program     static E:\3.46\pic18-lt\cxx-framework\src\traditional\delays\d1ktcyx.asm
           ___?:_lbl00001   0x00396a    program     static                          
           ___?:_lbl00002   0x003968    program     static                          
           ___?:_lbl00029   0x003e1a    program     static                          
           ___?:_lbl00030   0x003e18    program     static                          
           ___?:_lbl00036   0x0006e2    program     static                          
           ___?:_lbl00037   0x0006d6    program     static                          
           ___?:_lbl00067   0x000a32    program     static                          
           ___?:_lbl00068   0x000a26    program     static                          
           ___?:_lbl00076   0x000b56    program     static                          
           ___?:_lbl00077   0x000b4a    program     static                          
           ___?:_lbl00085   0x0043c4    program     static                          
           ___?:_lbl00086   0x0043c2    program     static                          
           ___?:_lbl00090   0x000d06    program     static                          
           ___?:_lbl00091   0x000d04    program     static                          
           ___?:_lbl00102   0x000e30    program     static                          
           ___?:_lbl00103   0x000e24    program     static                          
           ___?:_lbl00117   0x0046a8    program     static                          
           ___?:_lbl00118   0x0046a6    program     static                          
           ___?:_lbl00152   0x004a44    program     static                          
           ___?:_lbl00153   0x004a42    program     static                          
           ___?:_lbl00160   0x001406    program     static                          
           ___?:_lbl00161   0x001404    program     static                          
           ___?:_lbl00226   0x00558a    program     static                          
           ___?:_lbl00227   0x005588    program     static                          
           ___?:_lbl00235   0x005642    program     static                          
           ___?:_lbl00236   0x005640    program     static                          
           ___?:_lbl00387   0x003618    program     static                          
           ___?:_lbl00388   0x00360c    program     static                          
       ___case_0_lbl00352   0x00307e    program     static                          
       ___case_1_lbl00346   0x002fd6    program     static                          
       ___case_2_lbl00347   0x003000    program     static                          
       ___case_3_lbl00348   0x00301c    program     static                          
       ___case_4_lbl00351   0x003046    program     static                          
      ___default_lbl00353   0x003080    program     static                          
           ___do_lbl00166   0x00155e    program     static                          
           ___do_lbl00167   0x001566    program     static                          
           ___do_lbl00170   0x00154c    program     static                          
         ___else_lbl00004   0x0039a0    program     static                          
         ___else_lbl00006   0x0039a2    program     static                          
         ___else_lbl00008   0x005f58    program     static                          
         ___else_lbl00008   0x0039a4    program     static                          
         ___else_lbl00016   0x006112    program     static                          
         ___else_lbl00022   0x000578    program     static                          
         ___else_lbl00024   0x0005b8    program     static                          
         ___else_lbl00026   0x0005ba    program     static                          
         ___else_lbl00027   0x0062d0    program     static                          
         ___else_lbl00028   0x00057a    program     static                          
         ___else_lbl00032   0x003e54    program     static                          
         ___else_lbl00032   0x000692    program     static                          
         ___else_lbl00034   0x000694    program     static                          
         ___else_lbl00034   0x003e62    program     static                          
         ___else_lbl00036   0x003e56    program     static                          
         ___else_lbl00039   0x000718    program     static                          
         ___else_lbl00040   0x003eaa    program     static                          
         ___else_lbl00041   0x000760    program     static                          
         ___else_lbl00042   0x003e8c    program     static                          
         ___else_lbl00043   0x0007b4    program     static                          
         ___else_lbl00044   0x003e6e    program     static                          
         ___else_lbl00046   0x0007f4    program     static                          
         ___else_lbl00051   0x003fbe    program     static                          
         ___else_lbl00053   0x003fd8    program     static                          
         ___else_lbl00075   0x000b28    program     static                          
         ___else_lbl00079   0x000bd0    program     static                          
         ___else_lbl00081   0x000bd2    program     static                          
         ___else_lbl00083   0x000bf6    program     static                          
         ___else_lbl00085   0x000bd4    program     static                          
         ___else_lbl00087   0x000c4e    program     static                          
         ___else_lbl00088   0x0043fe    program     static                          
         ___else_lbl00089   0x000cbe    program     static                          
         ___else_lbl00090   0x004400    program     static                          
         ___else_lbl00093   0x000d38    program     static                          
         ___else_lbl00094   0x004448    program     static                          
         ___else_lbl00096   0x000dc4    program     static                          
         ___else_lbl00096   0x00442a    program     static                          
         ___else_lbl00098   0x00440c    program     static                          
         ___else_lbl00098   0x000dd0    program     static                          
         ___else_lbl00104   0x00455c    program     static                          
         ___else_lbl00105   0x000e66    program     static                          
         ___else_lbl00106   0x00455e    program     static                          
         ___else_lbl00107   0x000eae    program     static                          
         ___else_lbl00108   0x0045ae    program     static                          
         ___else_lbl00110   0x004578    program     static                          
         ___else_lbl00112   0x000f26    program     static                          
         ___else_lbl00114   0x000f5a    program     static                          
         ___else_lbl00116   0x00468a    program     static                          
         ___else_lbl00116   0x000f48    program     static                          
         ___else_lbl00118   0x000f60    program     static                          
         ___else_lbl00120   0x0046e2    program     static                          
         ___else_lbl00122   0x0046e4    program     static                          
         ___else_lbl00126   0x00472c    program     static                          
         ___else_lbl00128   0x00470e    program     static                          
         ___else_lbl00130   0x0046f0    program     static                          
         ___else_lbl00136   0x001190    program     static                          
         ___else_lbl00137   0x00482e    program     static                          
         ___else_lbl00138   0x001192    program     static                          
         ___else_lbl00139   0x00488c    program     static                          
         ___else_lbl00141   0x00488e    program     static                          
         ___else_lbl00141   0x00119a    program     static                          
         ___else_lbl00145   0x004936    program     static                          
         ___else_lbl00147   0x0048a8    program     static                          
         ___else_lbl00155   0x004a7e    program     static                          
         ___else_lbl00157   0x004a80    program     static                          
         ___else_lbl00161   0x004ac8    program     static                          
         ___else_lbl00163   0x004aaa    program     static                          
         ___else_lbl00164   0x00152a    program     static                          
         ___else_lbl00165   0x004a8c    program     static                          
         ___else_lbl00169   0x00155a    program     static                          
         ___else_lbl00171   0x004bdc    program     static                          
         ___else_lbl00172   0x00156c    program     static                          
         ___else_lbl00173   0x004bde    program     static                          
         ___else_lbl00174   0x001582    program     static                          
         ___else_lbl00175   0x004c2e    program     static                          
         ___else_lbl00177   0x004bf8    program     static                          
         ___else_lbl00177   0x001584    program     static                          
         ___else_lbl00229   0x0055c4    program     static                          
         ___else_lbl00231   0x0055c6    program     static                          
         ___else_lbl00233   0x002052    program     static                          
         ___else_lbl00235   0x001ff2    program     static                          
         ___else_lbl00237   0x001fa8    program     static                          
         ___else_lbl00238   0x00567c    program     static                          
         ___else_lbl00240   0x005682    program     static                          
         ___else_lbl00244   0x0056e8    program     static                          
         ___else_lbl00251   0x0057b4    program     static                          
         ___else_lbl00324   0x002c7e    program     static                          
         ___else_lbl00326   0x002c80    program     static                          
         ___else_lbl00329   0x002cf4    program     static                          
         ___else_lbl00331   0x002d3c    program     static                          
         ___else_lbl00335   0x002e36    program     static                          
         ___else_lbl00337   0x002e38    program     static                          
         ___else_lbl00341   0x002ea6    program     static                          
         ___else_lbl00350   0x003078    program     static                          
         ___else_lbl00356   0x003166    program     static                          
         ___else_lbl00358   0x003168    program     static                          
         ___else_lbl00390   0x00365a    program     static                          
          ___for_lbl00026   0x003ff4    program     static                          
          ___for_lbl00027   0x003ff6    program     static                          
          ___for_lbl00054   0x003d82    program     static                          
          ___for_lbl00083   0x0045ae    program     static                          
          ___for_lbl00084   0x0045b0    program     static                          
          ___for_lbl00111   0x00433a    program     static                          
          ___for_lbl00113   0x004936    program     static                          
          ___for_lbl00114   0x004938    program     static                          
          ___for_lbl00148   0x004606    program     static                          
          ___for_lbl00150   0x004c2e    program     static                          
          ___for_lbl00151   0x004c30    program     static                          
          ___for_lbl00178   0x00498a    program     static                          
           ___if_lbl00003   0x0039a0    program     static                          
           ___if_lbl00005   0x0039a2    program     static                          
           ___if_lbl00007   0x005f62    program     static                          
           ___if_lbl00007   0x0039f4    program     static                          
           ___if_lbl00009   0x0039fa    program     static                          
           ___if_lbl00015   0x00611c    program     static                          
           ___if_lbl00018   0x000010    program     static                          
           ___if_lbl00019   0x000018    program     static                          
           ___if_lbl00021   0x000578    program     static                          
           ___if_lbl00023   0x0005b8    program     static                          
           ___if_lbl00023   0x006200    program     static                          
           ___if_lbl00025   0x0005ba    program     static                          
           ___if_lbl00026   0x0062da    program     static                          
           ___if_lbl00027   0x0005ba    program     static                          
           ___if_lbl00029   0x0005f8    program     static                          
           ___if_lbl00030   0x00065e    program     static                          
           ___if_lbl00031   0x003e54    program     static                          
           ___if_lbl00031   0x000692    program     static                          
           ___if_lbl00033   0x003e62    program     static                          
           ___if_lbl00033   0x000694    program     static                          
           ___if_lbl00035   0x003e62    program     static                          
           ___if_lbl00037   0x003e68    program     static                          
           ___if_lbl00038   0x000718    program     static                          
           ___if_lbl00038   0x003e86    program     static                          
           ___if_lbl00039   0x003eaa    program     static                          
           ___if_lbl00040   0x000760    program     static                          
           ___if_lbl00041   0x003eaa    program     static                          
           ___if_lbl00042   0x0007cc    program     static                          
           ___if_lbl00043   0x003eaa    program     static                          
           ___if_lbl00044   0x0007d2    program     static                          
           ___if_lbl00045   0x0007f4    program     static                          
           ___if_lbl00045   0x003eb0    program     static                          
           ___if_lbl00046   0x003eea    program     static                          
           ___if_lbl00047   0x0007f4    program     static                          
           ___if_lbl00047   0x003f1a    program     static                          
           ___if_lbl00048   0x003f20    program     static                          
           ___if_lbl00049   0x003fbc    program     static                          
           ___if_lbl00050   0x003fd6    program     static                          
           ___if_lbl00052   0x003ff4    program     static                          
           ___if_lbl00069   0x000a56    program     static                          
           ___if_lbl00074   0x000b28    program     static                          
           ___if_lbl00078   0x000bd0    program     static                          
           ___if_lbl00080   0x000bd2    program     static                          
           ___if_lbl00082   0x000bf6    program     static                          
           ___if_lbl00084   0x000bf6    program     static                          
           ___if_lbl00086   0x000c4e    program     static                          
           ___if_lbl00087   0x0043fe    program     static                          
           ___if_lbl00088   0x000cbe    program     static                          
           ___if_lbl00089   0x004400    program     static                          
           ___if_lbl00091   0x004406    program     static                          
           ___if_lbl00092   0x004424    program     static                          
           ___if_lbl00092   0x000d38    program     static                          
           ___if_lbl00093   0x004448    program     static                          
           ___if_lbl00094   0x000d6a    program     static                          
           ___if_lbl00095   0x000dc4    program     static                          
           ___if_lbl00095   0x004448    program     static                          
           ___if_lbl00097   0x004448    program     static                          
           ___if_lbl00097   0x000dd0    program     static                          
           ___if_lbl00099   0x00444e    program     static                          
           ___if_lbl00099   0x000dd0    program     static                          
           ___if_lbl00100   0x004488    program     static                          
           ___if_lbl00100   0x000dd6    program     static                          
           ___if_lbl00101   0x0044b8    program     static                          
           ___if_lbl00102   0x0044be    program     static                          
           ___if_lbl00103   0x00455c    program     static                          
           ___if_lbl00104   0x000e66    program     static                          
           ___if_lbl00105   0x004576    program     static                          
           ___if_lbl00106   0x000eae    program     static                          
           ___if_lbl00107   0x0045ae    program     static                          
           ___if_lbl00108   0x000f08    program     static                          
           ___if_lbl00109   0x0045ae    program     static                          
           ___if_lbl00109   0x000f0e    program     static                          
           ___if_lbl00110   0x000f24    program     static                          
           ___if_lbl00111   0x000f26    program     static                          
           ___if_lbl00113   0x000f5e    program     static                          
           ___if_lbl00115   0x00468a    program     static                          
           ___if_lbl00115   0x000f5e    program     static                          
           ___if_lbl00117   0x000f60    program     static                          
           ___if_lbl00119   0x0046e2    program     static                          
           ___if_lbl00121   0x0046e4    program     static                          
           ___if_lbl00123   0x0046ea    program     static                          
           ___if_lbl00124   0x004708    program     static                          
           ___if_lbl00125   0x00472c    program     static                          
           ___if_lbl00127   0x00472c    program     static                          
           ___if_lbl00129   0x00472c    program     static                          
           ___if_lbl00131   0x004732    program     static                          
           ___if_lbl00132   0x00476c    program     static                          
           ___if_lbl00133   0x00479c    program     static                          
           ___if_lbl00134   0x0047a2    program     static                          
           ___if_lbl00134   0x00110e    program     static                          
           ___if_lbl00135   0x001190    program     static                          
           ___if_lbl00135   0x00482c    program     static                          
           ___if_lbl00136   0x00482e    program     static                          
           ___if_lbl00137   0x001192    program     static                          
           ___if_lbl00138   0x00488c    program     static                          
           ___if_lbl00139   0x001198    program     static                          
           ___if_lbl00140   0x00119a    program     static                          
           ___if_lbl00140   0x0048a6    program     static                          
           ___if_lbl00142   0x004930    program     static                          
           ___if_lbl00143   0x004930    program     static                          
           ___if_lbl00144   0x004936    program     static                          
           ___if_lbl00146   0x004936    program     static                          
           ___if_lbl00154   0x004a7e    program     static                          
           ___if_lbl00156   0x004a80    program     static                          
           ___if_lbl00158   0x004a86    program     static                          
           ___if_lbl00159   0x004aa4    program     static                          
           ___if_lbl00160   0x004ac8    program     static                          
           ___if_lbl00162   0x004ac8    program     static                          
           ___if_lbl00162   0x0014a6    program     static                          
           ___if_lbl00163   0x00152a    program     static                          
           ___if_lbl00164   0x004ac8    program     static                          
           ___if_lbl00165   0x00153e    program     static                          
           ___if_lbl00166   0x004ace    program     static                          
           ___if_lbl00167   0x004b08    program     static                          
           ___if_lbl00168   0x00155a    program     static                          
           ___if_lbl00168   0x004b38    program     static                          
           ___if_lbl00169   0x004b3e    program     static                          
           ___if_lbl00170   0x004bdc    program     static                          
           ___if_lbl00171   0x00156c    program     static                          
           ___if_lbl00172   0x004bf6    program     static                          
           ___if_lbl00173   0x001582    program     static                          
           ___if_lbl00174   0x004c2e    program     static                          
           ___if_lbl00175   0x001582    program     static                          
           ___if_lbl00176   0x004c2e    program     static                          
           ___if_lbl00176   0x001584    program     static                          
           ___if_lbl00178   0x00158a    program     static                          
           ___if_lbl00180   0x0015d4    program     static                          
           ___if_lbl00196   0x004ee4    program     static                          
           ___if_lbl00198   0x004f62    program     static                          
           ___if_lbl00228   0x0055c4    program     static                          
           ___if_lbl00228   0x001ee0    program     static                          
           ___if_lbl00230   0x0055c8    program     static                          
           ___if_lbl00232   0x002066    program     static                          
           ___if_lbl00232   0x0055e8    program     static                          
           ___if_lbl00234   0x002066    program     static                          
           ___if_lbl00236   0x002066    program     static                          
           ___if_lbl00237   0x00567c    program     static                          
           ___if_lbl00238   0x00206c    program     static                          
           ___if_lbl00239   0x005684    program     static                          
           ___if_lbl00241   0x0056a2    program     static                          
           ___if_lbl00243   0x0056ea    program     static                          
           ___if_lbl00245   0x0056f0    program     static                          
           ___if_lbl00250   0x0057b6    program     static                          
           ___if_lbl00252   0x0057bc    program     static                          
           ___if_lbl00262   0x002360    program     static                          
           ___if_lbl00323   0x002c7e    program     static                          
           ___if_lbl00325   0x002c80    program     static                          
           ___if_lbl00327   0x002c86    program     static                          
           ___if_lbl00328   0x002d3a    program     static                          
           ___if_lbl00330   0x002d3c    program     static                          
           ___if_lbl00332   0x002d54    program     static                          
           ___if_lbl00334   0x002e36    program     static                          
           ___if_lbl00336   0x002e38    program     static                          
           ___if_lbl00338   0x002e3e    program     static                          
           ___if_lbl00339   0x002e92    program     static                          
           ___if_lbl00340   0x002eea    program     static                          
           ___if_lbl00342   0x002f02    program     static                          
           ___if_lbl00344   0x002f94    program     static                          
           ___if_lbl00349   0x00307c    program     static                          
           ___if_lbl00354   0x0030e2    program     static                          
           ___if_lbl00355   0x003166    program     static                          
           ___if_lbl00357   0x003168    program     static                          
           ___if_lbl00359   0x00316e    program     static                          
           ___if_lbl00389   0x00365e    program     static                          
           ___if_lbl00391   0x003664    program     static                          
       ___return_lbl00000   0x0039fe    program     static                          
       ___return_lbl00000   0x000004    program     static                          
       ___return_lbl00000   0x006f0e    program     static                          
       ___return_lbl00001   0x00741c    program     static                          
       ___return_lbl00002   0x006ee8    program     static                          
       ___return_lbl00004   0x005f66    program     static                          
       ___return_lbl00010   0x00611c    program     static                          
       ___return_lbl00017   0x000018    program     static                          
       ___return_lbl00020   0x000694    program     static                          
       ___return_lbl00020   0x0062da    program     static                          
       ___return_lbl00025   0x003ff6    program     static                          
       ___return_lbl00035   0x0007f4    program     static                          
       ___return_lbl00066   0x000a5c    program     static                          
       ___return_lbl00073   0x000dd6    program     static                          
       ___return_lbl00082   0x0045b0    program     static                          
       ___return_lbl00101   0x000f60    program     static                          
       ___return_lbl00112   0x004938    program     static                          
       ___return_lbl00132   0x00119a    program     static                          
       ___return_lbl00149   0x004c30    program     static                          
       ___return_lbl00157   0x001590    program     static                          
       ___return_lbl00179   0x0015e6    program     static                          
       ___return_lbl00195   0x004ee8    program     static                          
       ___return_lbl00197   0x004f66    program     static                          
       ___return_lbl00223   0x0056a2    program     static                          
       ___return_lbl00227   0x001ee0    program     static                          
       ___return_lbl00230   0x002070    program     static                          
       ___return_lbl00242   0x0056f4    program     static                          
       ___return_lbl00249   0x0057c0    program     static                          
       ___return_lbl00259   0x002370    program     static                          
       ___return_lbl00322   0x002d6a    program     static                          
       ___return_lbl00333   0x002f06    program     static                          
       ___return_lbl00343   0x003174    program     static                          
       ___return_lbl00386   0x00366a    program     static                          
   ___switchexit_lbl00345   0x003082    program     static                          
        ___while_lbl00005   0x005ea2    program     static                          
        ___while_lbl00006   0x005eb8    program     static                          
        ___while_lbl00011   0x006012    program     static                          
        ___while_lbl00012   0x006028    program     static                          
        ___while_lbl00013   0x00605c    program     static                          
        ___while_lbl00014   0x006072    program     static                          
        ___while_lbl00021   0x0061c6    program     static                          
        ___while_lbl00022   0x0061dc    program     static                          
        ___while_lbl00024   0x00621a    program     static                          
        ___while_lbl00025   0x006230    program     static                          
        ___while_lbl00158   0x0013fa    program     static                          
        ___while_lbl00159   0x00152c    program     static                          
        ___while_lbl00224   0x005552    program     static                          
        ___while_lbl00225   0x0055cc    program     static                          
        ___while_lbl00233   0x005608    program     static                          
        ___while_lbl00234   0x005686    program     static                          
        ___while_lbl00260   0x002304    program     static                          
        ___while_lbl00261   0x002370    program     static                          
               __config_0   0x300001    program     static C:\Users\vasis\Documents\ECNG3006\FreeRTOSPractice.X\code_lab2_6.c
               __config_1   0x300003    program     static C:\Users\vasis\Documents\ECNG3006\FreeRTOSPractice.X\code_lab2_6.c
               __config_2   0x300006    program     static C:\Users\vasis\Documents\ECNG3006\FreeRTOSPractice.X\code_lab2_6.c
                   __init   0x00745c    program     extern E:\3.46\pic18-lt\cxx-framework\src\traditional\stdclib\__init.c
               __string_0   0x00741e    program     static C:\Users\vasis\Documents\ECNG3006\FreeRTOSPractice.X\tasks.c
               __string_0   0x00742b    program     static C:\Users\vasis\Documents\ECNG3006\FreeRTOSPractice.X\code_lab2_6.c
               __string_1   0x007423    program     static C:\Users\vasis\Documents\ECNG3006\FreeRTOSPractice.X\code_lab2_6.c
               __tmplbl_0   0x003dc2    program     static                          
               __tmplbl_1   0x003dba    program     static                          
              __tmplbl_10   0x005564    program     static                          
              __tmplbl_11   0x00561c    program     static                          
               __tmplbl_4   0x00109c    program     static                          
               __tmplbl_5   0x00108c    program     static                          
               __tmplbl_6   0x001fec    program     static                          
               __tmplbl_7   0x001fbc    program     static                          
            __zero_memory   0x0073e2    program     extern E:\3.46\pic18-lt\cxx-framework\src\traditional\proc\p18f452.asm
                _do_cinit   0x006e4c    program     extern E:\3.46\pic18-lt\cxx-framework\src\traditional\startup\c018i.c
                   _entry   0x000000    program     extern E:\3.46\pic18-lt\cxx-framework\src\traditional\startup\c018i.c
                 _startup   0x007402    program     extern E:\3.46\pic18-lt\cxx-framework\src\traditional\startup\c018i.c
                compare_l   0x0073f8    program     static E:\3.46\pic18-lt\cxx-framework\src\traditional\proc\p18f452.asm
                configADC   0x006982    program     extern C:\Users\vasis\Documents\ECNG3006\FreeRTOSPractice.X\code_lab2_6.c
                copy_loop   0x006ebe    program     static                          
            copy_one_byte   0x006ec4    program     static                          
                     done   0x006ee8    program     static                          
             done_copying   0x006ed2    program     static                          
                   itoBCD   0x006c22    program     extern E:\3.46\pic18-lt\cxx-framework\src\traditional\stdclib\itobcd.asm
                     itoa   0x006b42    program     extern E:\3.46\pic18-lt\cxx-framework\src\traditional\stdclib\itoa.asm
                     jDo1   0x006bc8    program     static E:\3.46\pic18-lt\cxx-framework\src\traditional\stdclib\itoa.asm
                     jDo2   0x006bc4    program     static E:\3.46\pic18-lt\cxx-framework\src\traditional\stdclib\itoa.asm
                     jDo3   0x006bc0    program     static E:\3.46\pic18-lt\cxx-framework\src\traditional\stdclib\itoa.asm
                     jDo4   0x006bbc    program     static E:\3.46\pic18-lt\cxx-framework\src\traditional\stdclib\itoa.asm
                     jDo5   0x006bb8    program     static E:\3.46\pic18-lt\cxx-framework\src\traditional\stdclib\itoa.asm
                     jEnd   0x006c60    program     static E:\3.46\pic18-lt\cxx-framework\src\traditional\stdclib\itobcd.asm
                     jEnd   0x007172    program     static E:\3.46\pic18-lt\cxx-framework\src\traditional\stdclib\memcpy.asm
                    jLoop   0x007156    program     static E:\3.46\pic18-lt\cxx-framework\src\traditional\stdclib\memcpy.asm
                    jLoop   0x006c3a    program     static E:\3.46\pic18-lt\cxx-framework\src\traditional\stdclib\itobcd.asm
                jTstLowZ1   0x006c0c    program     static E:\3.46\pic18-lt\cxx-framework\src\traditional\stdclib\itoa.asm
                jTstSign1   0x006b6e    program     static E:\3.46\pic18-lt\cxx-framework\src\traditional\stdclib\itoa.asm
                     loop   0x007412    program     static                          
                   loop_h   0x0073f0    program     static E:\3.46\pic18-lt\cxx-framework\src\traditional\proc\p18f452.asm
                   loop_l   0x0073fa    program     static E:\3.46\pic18-lt\cxx-framework\src\traditional\proc\p18f452.asm
                     main   0x0068d2    program     extern C:\Users\vasis\Documents\ECNG3006\FreeRTOSPractice.X\code_lab2_6.c
                   memcpy   0x00712e    program     extern E:\3.46\pic18-lt\cxx-framework\src\traditional\stdclib\memcpy.asm
           pcQueueGetName   0x0058da    program     extern C:\Users\vasis\Documents\ECNG3006\FreeRTOSPractice.X\queue.c
            pcTaskGetName   0x001640    program     extern C:\Users\vasis\Documents\ECNG3006\FreeRTOSPractice.X\tasks.c
prvAddCurrentTaskToDelayedList   0x00367c    program     static C:\Users\vasis\Documents\ECNG3006\FreeRTOSPractice.X\tasks.c
 prvAddNewTaskToReadyList   0x00053e    program     static C:\Users\vasis\Documents\ECNG3006\FreeRTOSPractice.X\tasks.c
prvCheckTasksWaitingTermination   0x0022f0    program     static C:\Users\vasis\Documents\ECNG3006\FreeRTOSPractice.X\tasks.c
     prvCopyDataFromQueue   0x0053c2    program     static C:\Users\vasis\Documents\ECNG3006\FreeRTOSPractice.X\queue.c
       prvCopyDataToQueue   0x005096    program     static C:\Users\vasis\Documents\ECNG3006\FreeRTOSPractice.X\queue.c
             prvDeleteTCB   0x002380    program     static C:\Users\vasis\Documents\ECNG3006\FreeRTOSPractice.X\tasks.c
prvGetDisinheritPriorityAfterTimeout   0x005020    program     static C:\Users\vasis\Documents\ECNG3006\FreeRTOSPractice.X\queue.c
              prvIdleTask   0x002094    program     static C:\Users\vasis\Documents\ECNG3006\FreeRTOSPractice.X\tasks.c
       prvInitialiseMutex   0x003bbe    program     static C:\Users\vasis\Documents\ECNG3006\FreeRTOSPractice.X\queue.c
    prvInitialiseNewQueue   0x003b22    program     static C:\Users\vasis\Documents\ECNG3006\FreeRTOSPractice.X\queue.c
     prvInitialiseNewTask   0x0001a2    program     static C:\Users\vasis\Documents\ECNG3006\FreeRTOSPractice.X\tasks.c
   prvInitialiseTaskLists   0x00223e    program     static C:\Users\vasis\Documents\ECNG3006\FreeRTOSPractice.X\tasks.c
          prvIsQueueEmpty   0x0056b2    program     static C:\Users\vasis\Documents\ECNG3006\FreeRTOSPractice.X\queue.c
           prvIsQueueFull   0x005764    program     static C:\Users\vasis\Documents\ECNG3006\FreeRTOSPractice.X\queue.c
          prvLowInterrupt   0x000008    program     static C:\Users\vasis\Documents\ECNG3006\FreeRTOSPractice.X\port.c
prvResetNextTaskUnblockTime   0x0023d4    program     static C:\Users\vasis\Documents\ECNG3006\FreeRTOSPractice.X\tasks.c
   prvSetupTimerInterrupt   0x0062dc    program     static C:\Users\vasis\Documents\ECNG3006\FreeRTOSPractice.X\port.c
   prvTaskIsTaskSuspended   0x000f70    program     static C:\Users\vasis\Documents\ECNG3006\FreeRTOSPractice.X\tasks.c
               prvTickISR   0x00611e    program     static C:\Users\vasis\Documents\ECNG3006\FreeRTOSPractice.X\port.c
           prvUnlockQueue   0x005520    program     static C:\Users\vasis\Documents\ECNG3006\FreeRTOSPractice.X\queue.c
                putrsXLCD   0x007024    program     extern C:\Users\vasis\Documents\ECNG3006\FreeRTOSPractice.X\putrxlcd.c
                 putsXLCD   0x007184    program     extern C:\Users\vasis\Documents\ECNG3006\FreeRTOSPractice.X\putsxlcd.c
             pvPortMalloc   0x006c76    program     extern C:\Users\vasis\Documents\ECNG3006\FreeRTOSPractice.X\heap_1.c
pvTaskGetThreadLocalStoragePointer   0x002164    program     extern C:\Users\vasis\Documents\ECNG3006\FreeRTOSPractice.X\tasks.c
pvTaskIncrementMutexHeldCount   0x002bc6    program     extern C:\Users\vasis\Documents\ECNG3006\FreeRTOSPractice.X\tasks.c
    pxPortInitialiseStack   0x005a1a    program     extern C:\Users\vasis\Documents\ECNG3006\FreeRTOSPractice.X\port.c
                     test   0x006e66    program     static                          
         ulTaskNotifyTake   0x002bea    program     extern C:\Users\vasis\Documents\ECNG3006\FreeRTOSPractice.X\tasks.c
             uxListRemove   0x00678a    program     extern C:\Users\vasis\Documents\ECNG3006\FreeRTOSPractice.X\list.c
   uxQueueMessagesWaiting   0x004eae    program     extern C:\Users\vasis\Documents\ECNG3006\FreeRTOSPractice.X\queue.c
uxQueueMessagesWaitingFromISR   0x004f78    program     extern C:\Users\vasis\Documents\ECNG3006\FreeRTOSPractice.X\queue.c
   uxQueueSpacesAvailable   0x004ef6    program     extern C:\Users\vasis\Documents\ECNG3006\FreeRTOSPractice.X\queue.c
   uxTaskGetNumberOfTasks   0x00163a    program     extern C:\Users\vasis\Documents\ECNG3006\FreeRTOSPractice.X\tasks.c
        uxTaskPriorityGet   0x0009ee    program     extern C:\Users\vasis\Documents\ECNG3006\FreeRTOSPractice.X\tasks.c
 uxTaskPriorityGetFromISR   0x000a6e    program     extern C:\Users\vasis\Documents\ECNG3006\FreeRTOSPractice.X\tasks.c
uxTaskResetEventItemValue   0x002b48    program     extern C:\Users\vasis\Documents\ECNG3006\FreeRTOSPractice.X\tasks.c
          vListInitialise   0x0063aa    program     extern C:\Users\vasis\Documents\ECNG3006\FreeRTOSPractice.X\list.c
      vListInitialiseItem   0x00649e    program     extern C:\Users\vasis\Documents\ECNG3006\FreeRTOSPractice.X\list.c
              vListInsert   0x0065ce    program     extern C:\Users\vasis\Documents\ECNG3006\FreeRTOSPractice.X\list.c
           vListInsertEnd   0x0064ce    program     extern C:\Users\vasis\Documents\ECNG3006\FreeRTOSPractice.X\list.c
        vPortEndScheduler   0x005f68    program     extern C:\Users\vasis\Documents\ECNG3006\FreeRTOSPractice.X\port.c
                vPortFree   0x006d3a    program     extern C:\Users\vasis\Documents\ECNG3006\FreeRTOSPractice.X\heap_1.c
    vPortInitialiseBlocks   0x006d4e    program     extern C:\Users\vasis\Documents\ECNG3006\FreeRTOSPractice.X\heap_1.c
               vPortYield   0x005f6a    program     extern C:\Users\vasis\Documents\ECNG3006\FreeRTOSPractice.X\port.c
      vQueueAddToRegistry   0x00584a    program     extern C:\Users\vasis\Documents\ECNG3006\FreeRTOSPractice.X\queue.c
             vQueueDelete   0x004fd2    program     extern C:\Users\vasis\Documents\ECNG3006\FreeRTOSPractice.X\queue.c
    vQueueUnregisterQueue   0x005980    program     extern C:\Users\vasis\Documents\ECNG3006\FreeRTOSPractice.X\queue.c
               vTaskDelay   0x00098a    program     extern C:\Users\vasis\Documents\ECNG3006\FreeRTOSPractice.X\tasks.c
          vTaskDelayUntil   0x000804    program     extern C:\Users\vasis\Documents\ECNG3006\FreeRTOSPractice.X\tasks.c
              vTaskDelete   0x0006a0    program     extern C:\Users\vasis\Documents\ECNG3006\FreeRTOSPractice.X\tasks.c
        vTaskEndScheduler   0x0013ae    program     extern C:\Users\vasis\Documents\ECNG3006\FreeRTOSPractice.X\tasks.c
vTaskInternalSetTimeOutState   0x001eec    program     extern C:\Users\vasis\Documents\ECNG3006\FreeRTOSPractice.X\tasks.c
         vTaskMissedYield   0x00208c    program     extern C:\Users\vasis\Documents\ECNG3006\FreeRTOSPractice.X\tasks.c
   vTaskNotifyGiveFromISR   0x003422    program     extern C:\Users\vasis\Documents\ECNG3006\FreeRTOSPractice.X\tasks.c
    vTaskPlaceOnEventList   0x001a9e    program     extern C:\Users\vasis\Documents\ECNG3006\FreeRTOSPractice.X\tasks.c
vTaskPlaceOnUnorderedEventList   0x001b0c    program     extern C:\Users\vasis\Documents\ECNG3006\FreeRTOSPractice.X\tasks.c
vTaskPriorityDisinheritAfterTimeout   0x0028f0    program     extern C:\Users\vasis\Documents\ECNG3006\FreeRTOSPractice.X\tasks.c
         vTaskPrioritySet   0x000aee    program     extern C:\Users\vasis\Documents\ECNG3006\FreeRTOSPractice.X\tasks.c
vTaskRemoveFromUnorderedEventList   0x001d48    program     extern C:\Users\vasis\Documents\ECNG3006\FreeRTOSPractice.X\tasks.c
              vTaskResume   0x001056    program     extern C:\Users\vasis\Documents\ECNG3006\FreeRTOSPractice.X\tasks.c
vTaskSetThreadLocalStoragePointer   0x0020b4    program     extern C:\Users\vasis\Documents\ECNG3006\FreeRTOSPractice.X\tasks.c
     vTaskSetTimeOutState   0x001e9e    program     extern C:\Users\vasis\Documents\ECNG3006\FreeRTOSPractice.X\tasks.c
      vTaskStartScheduler   0x001338    program     extern C:\Users\vasis\Documents\ECNG3006\FreeRTOSPractice.X\tasks.c
             vTaskSuspend   0x000dee    program     extern C:\Users\vasis\Documents\ECNG3006\FreeRTOSPractice.X\tasks.c
          vTaskSuspendAll   0x0013b8    program     extern C:\Users\vasis\Documents\ECNG3006\FreeRTOSPractice.X\tasks.c
       vTaskSwitchContext   0x001942    program     extern C:\Users\vasis\Documents\ECNG3006\FreeRTOSPractice.X\tasks.c
     xPortGetFreeHeapSize   0x006d56    program     extern C:\Users\vasis\Documents\ECNG3006\FreeRTOSPractice.X\heap_1.c
      xPortStartScheduler   0x005e86    program     extern C:\Users\vasis\Documents\ECNG3006\FreeRTOSPractice.X\port.c
xQueueCreateCountingSemaphore   0x003cd8    program     extern C:\Users\vasis\Documents\ECNG3006\FreeRTOSPractice.X\queue.c
        xQueueCreateMutex   0x003c5a    program     extern C:\Users\vasis\Documents\ECNG3006\FreeRTOSPractice.X\queue.c
      xQueueGenericCreate   0x003a0e    program     extern C:\Users\vasis\Documents\ECNG3006\FreeRTOSPractice.X\queue.c
       xQueueGenericReset   0x00380c    program     extern C:\Users\vasis\Documents\ECNG3006\FreeRTOSPractice.X\queue.c
        xQueueGenericSend   0x003d4c    program     extern C:\Users\vasis\Documents\ECNG3006\FreeRTOSPractice.X\queue.c
 xQueueGenericSendFromISR   0x004012    program     extern C:\Users\vasis\Documents\ECNG3006\FreeRTOSPractice.X\queue.c
        xQueueGiveFromISR   0x004192    program     extern C:\Users\vasis\Documents\ECNG3006\FreeRTOSPractice.X\queue.c
xQueueIsQueueEmptyFromISR   0x005702    program     extern C:\Users\vasis\Documents\ECNG3006\FreeRTOSPractice.X\queue.c
 xQueueIsQueueFullFromISR   0x0057ce    program     extern C:\Users\vasis\Documents\ECNG3006\FreeRTOSPractice.X\queue.c
               xQueuePeek   0x004954    program     extern C:\Users\vasis\Documents\ECNG3006\FreeRTOSPractice.X\queue.c
        xQueuePeekFromISR   0x004dc4    program     extern C:\Users\vasis\Documents\ECNG3006\FreeRTOSPractice.X\queue.c
            xQueueReceive   0x004304    program     extern C:\Users\vasis\Documents\ECNG3006\FreeRTOSPractice.X\queue.c
     xQueueReceiveFromISR   0x004c4c    program     extern C:\Users\vasis\Documents\ECNG3006\FreeRTOSPractice.X\queue.c
      xQueueSemaphoreTake   0x0045cc    program     extern C:\Users\vasis\Documents\ECNG3006\FreeRTOSPractice.X\queue.c
     xTaskCheckForTimeOut   0x001f2e    program     extern C:\Users\vasis\Documents\ECNG3006\FreeRTOSPractice.X\tasks.c
              xTaskCreate   0x000054    program     extern C:\Users\vasis\Documents\ECNG3006\FreeRTOSPractice.X\tasks.c
       xTaskGenericNotify   0x002f14    program     extern C:\Users\vasis\Documents\ECNG3006\FreeRTOSPractice.X\tasks.c
xTaskGenericNotifyFromISR   0x003190    program     extern C:\Users\vasis\Documents\ECNG3006\FreeRTOSPractice.X\tasks.c
xTaskGetCurrentTaskHandle   0x002460    program     extern C:\Users\vasis\Documents\ECNG3006\FreeRTOSPractice.X\tasks.c
   xTaskGetSchedulerState   0x00249c    program     extern C:\Users\vasis\Documents\ECNG3006\FreeRTOSPractice.X\tasks.c
        xTaskGetTickCount   0x0015ac    program     extern C:\Users\vasis\Documents\ECNG3006\FreeRTOSPractice.X\tasks.c
 xTaskGetTickCountFromISR   0x0015f6    program     extern C:\Users\vasis\Documents\ECNG3006\FreeRTOSPractice.X\tasks.c
       xTaskIncrementTick   0x0016ac    program     extern C:\Users\vasis\Documents\ECNG3006\FreeRTOSPractice.X\tasks.c
    xTaskNotifyStateClear   0x0035da    program     extern C:\Users\vasis\Documents\ECNG3006\FreeRTOSPractice.X\tasks.c
          xTaskNotifyWait   0x002d82    program     extern C:\Users\vasis\Documents\ECNG3006\FreeRTOSPractice.X\tasks.c
  xTaskPriorityDisinherit   0x00272e    program     extern C:\Users\vasis\Documents\ECNG3006\FreeRTOSPractice.X\tasks.c
     xTaskPriorityInherit   0x0024d4    program     extern C:\Users\vasis\Documents\ECNG3006\FreeRTOSPractice.X\tasks.c
 xTaskRemoveFromEventList   0x001ba2    program     extern C:\Users\vasis\Documents\ECNG3006\FreeRTOSPractice.X\tasks.c
           xTaskResumeAll   0x0013be    program     extern C:\Users\vasis\Documents\ECNG3006\FreeRTOSPractice.X\tasks.c
       xTaskResumeFromISR   0x0011aa    program     extern C:\Users\vasis\Documents\ECNG3006\FreeRTOSPractice.X\tasks.c
               zero_block   0x0073f0    program     static E:\3.46\pic18-lt\cxx-framework\src\traditional\proc\p18f452.asm
                   ADCON0   0x000fc2       data     extern E:\3.46\pic18-lt\cxx-framework\src\traditional\proc\p18f452.asm
               ADCON0bits   0x000fc2       data     extern E:\3.46\pic18-lt\cxx-framework\src\traditional\proc\p18f452.asm
                   ADCON1   0x000fc1       data     extern E:\3.46\pic18-lt\cxx-framework\src\traditional\proc\p18f452.asm
               ADCON1bits   0x000fc1       data     extern E:\3.46\pic18-lt\cxx-framework\src\traditional\proc\p18f452.asm
                   ADCSem   0x00056f       data     extern C:\Users\vasis\Documents\ECNG3006\FreeRTOSPractice.X\code_lab2_6.c
                    ADRES   0x000fc3       data     extern E:\3.46\pic18-lt\cxx-framework\src\traditional\proc\p18f452.asm
                   ADRESH   0x000fc4       data     extern E:\3.46\pic18-lt\cxx-framework\src\traditional\proc\p18f452.asm
                   ADRESL   0x000fc3       data     extern E:\3.46\pic18-lt\cxx-framework\src\traditional\proc\p18f452.asm
                      BSR   0x000fe0       data     extern E:\3.46\pic18-lt\cxx-framework\src\traditional\proc\p18f452.asm
                  CCP1CON   0x000fbd       data     extern E:\3.46\pic18-lt\cxx-framework\src\traditional\proc\p18f452.asm
              CCP1CONbits   0x000fbd       data     extern E:\3.46\pic18-lt\cxx-framework\src\traditional\proc\p18f452.asm
                  CCP2CON   0x000fba       data     extern E:\3.46\pic18-lt\cxx-framework\src\traditional\proc\p18f452.asm
              CCP2CONbits   0x000fba       data     extern E:\3.46\pic18-lt\cxx-framework\src\traditional\proc\p18f452.asm
                    CCPR1   0x000fbe       data     extern E:\3.46\pic18-lt\cxx-framework\src\traditional\proc\p18f452.asm
                   CCPR1H   0x000fbf       data     extern E:\3.46\pic18-lt\cxx-framework\src\traditional\proc\p18f452.asm
                   CCPR1L   0x000fbe       data     extern E:\3.46\pic18-lt\cxx-framework\src\traditional\proc\p18f452.asm
                    CCPR2   0x000fbb       data     extern E:\3.46\pic18-lt\cxx-framework\src\traditional\proc\p18f452.asm
                   CCPR2H   0x000fbc       data     extern E:\3.46\pic18-lt\cxx-framework\src\traditional\proc\p18f452.asm
                   CCPR2L   0x000fbb       data     extern E:\3.46\pic18-lt\cxx-framework\src\traditional\proc\p18f452.asm
                     DDRA   0x000f92       data     extern E:\3.46\pic18-lt\cxx-framework\src\traditional\proc\p18f452.asm
                 DDRAbits   0x000f92       data     extern E:\3.46\pic18-lt\cxx-framework\src\traditional\proc\p18f452.asm
                     DDRB   0x000f93       data     extern E:\3.46\pic18-lt\cxx-framework\src\traditional\proc\p18f452.asm
                 DDRBbits   0x000f93       data     extern E:\3.46\pic18-lt\cxx-framework\src\traditional\proc\p18f452.asm
                     DDRC   0x000f94       data     extern E:\3.46\pic18-lt\cxx-framework\src\traditional\proc\p18f452.asm
                 DDRCbits   0x000f94       data     extern E:\3.46\pic18-lt\cxx-framework\src\traditional\proc\p18f452.asm
                     DDRD   0x000f95       data     extern E:\3.46\pic18-lt\cxx-framework\src\traditional\proc\p18f452.asm
                 DDRDbits   0x000f95       data     extern E:\3.46\pic18-lt\cxx-framework\src\traditional\proc\p18f452.asm
                     DDRE   0x000f96       data     extern E:\3.46\pic18-lt\cxx-framework\src\traditional\proc\p18f452.asm
                 DDREbits   0x000f96       data     extern E:\3.46\pic18-lt\cxx-framework\src\traditional\proc\p18f452.asm
            DelayCounter1   0x000014       data     extern E:\3.46\pic18-lt\cxx-framework\src\traditional\delays\delayd1.asm
            DelayCounter2   0x000013       data     extern E:\3.46\pic18-lt\cxx-framework\src\traditional\delays\delayd2.asm
                    EEADR   0x000fa9       data     extern E:\3.46\pic18-lt\cxx-framework\src\traditional\proc\p18f452.asm
                   EECON1   0x000fa6       data     extern E:\3.46\pic18-lt\cxx-framework\src\traditional\proc\p18f452.asm
               EECON1bits   0x000fa6       data     extern E:\3.46\pic18-lt\cxx-framework\src\traditional\proc\p18f452.asm
                   EECON2   0x000fa7       data     extern E:\3.46\pic18-lt\cxx-framework\src\traditional\proc\p18f452.asm
                   EEDATA   0x000fa8       data     extern E:\3.46\pic18-lt\cxx-framework\src\traditional\proc\p18f452.asm
                     FSR0   0x000fe9       data     extern E:\3.46\pic18-lt\cxx-framework\src\traditional\proc\p18f452.asm
                    FSR0H   0x000fea       data     extern E:\3.46\pic18-lt\cxx-framework\src\traditional\proc\p18f452.asm
                    FSR0L   0x000fe9       data     extern E:\3.46\pic18-lt\cxx-framework\src\traditional\proc\p18f452.asm
                     FSR1   0x000fe1       data     extern E:\3.46\pic18-lt\cxx-framework\src\traditional\proc\p18f452.asm
                    FSR1H   0x000fe2       data     extern E:\3.46\pic18-lt\cxx-framework\src\traditional\proc\p18f452.asm
                    FSR1L   0x000fe1       data     extern E:\3.46\pic18-lt\cxx-framework\src\traditional\proc\p18f452.asm
                     FSR2   0x000fd9       data     extern E:\3.46\pic18-lt\cxx-framework\src\traditional\proc\p18f452.asm
                    FSR2H   0x000fda       data     extern E:\3.46\pic18-lt\cxx-framework\src\traditional\proc\p18f452.asm
                    FSR2L   0x000fd9       data     extern E:\3.46\pic18-lt\cxx-framework\src\traditional\proc\p18f452.asm
                    INDF0   0x000fef       data     extern E:\3.46\pic18-lt\cxx-framework\src\traditional\proc\p18f452.asm
                    INDF1   0x000fe7       data     extern E:\3.46\pic18-lt\cxx-framework\src\traditional\proc\p18f452.asm
                    INDF2   0x000fdf       data     extern E:\3.46\pic18-lt\cxx-framework\src\traditional\proc\p18f452.asm
                   INTCON   0x000ff2       data     extern E:\3.46\pic18-lt\cxx-framework\src\traditional\proc\p18f452.asm
                  INTCON1   0x000ff2       data     extern E:\3.46\pic18-lt\cxx-framework\src\traditional\proc\p18f452.asm
              INTCON1bits   0x000ff2       data     extern E:\3.46\pic18-lt\cxx-framework\src\traditional\proc\p18f452.asm
                  INTCON2   0x000ff1       data     extern E:\3.46\pic18-lt\cxx-framework\src\traditional\proc\p18f452.asm
              INTCON2bits   0x000ff1       data     extern E:\3.46\pic18-lt\cxx-framework\src\traditional\proc\p18f452.asm
                  INTCON3   0x000ff0       data     extern E:\3.46\pic18-lt\cxx-framework\src\traditional\proc\p18f452.asm
              INTCON3bits   0x000ff0       data     extern E:\3.46\pic18-lt\cxx-framework\src\traditional\proc\p18f452.asm
               INTCONbits   0x000ff2       data     extern E:\3.46\pic18-lt\cxx-framework\src\traditional\proc\p18f452.asm
                     IPR1   0x000f9f       data     extern E:\3.46\pic18-lt\cxx-framework\src\traditional\proc\p18f452.asm
                 IPR1bits   0x000f9f       data     extern E:\3.46\pic18-lt\cxx-framework\src\traditional\proc\p18f452.asm
                     IPR2   0x000fa2       data     extern E:\3.46\pic18-lt\cxx-framework\src\traditional\proc\p18f452.asm
                 IPR2bits   0x000fa2       data     extern E:\3.46\pic18-lt\cxx-framework\src\traditional\proc\p18f452.asm
                     LATA   0x000f89       data     extern E:\3.46\pic18-lt\cxx-framework\src\traditional\proc\p18f452.asm
                 LATAbits   0x000f89       data     extern E:\3.46\pic18-lt\cxx-framework\src\traditional\proc\p18f452.asm
                     LATB   0x000f8a       data     extern E:\3.46\pic18-lt\cxx-framework\src\traditional\proc\p18f452.asm
                 LATBbits   0x000f8a       data     extern E:\3.46\pic18-lt\cxx-framework\src\traditional\proc\p18f452.asm
                     LATC   0x000f8b       data     extern E:\3.46\pic18-lt\cxx-framework\src\traditional\proc\p18f452.asm
                 LATCbits   0x000f8b       data     extern E:\3.46\pic18-lt\cxx-framework\src\traditional\proc\p18f452.asm
                     LATD   0x000f8c       data     extern E:\3.46\pic18-lt\cxx-framework\src\traditional\proc\p18f452.asm
                 LATDbits   0x000f8c       data     extern E:\3.46\pic18-lt\cxx-framework\src\traditional\proc\p18f452.asm
                     LATE   0x000f8d       data     extern E:\3.46\pic18-lt\cxx-framework\src\traditional\proc\p18f452.asm
                 LATEbits   0x000f8d       data     extern E:\3.46\pic18-lt\cxx-framework\src\traditional\proc\p18f452.asm
                   LVDCON   0x000fd2       data     extern E:\3.46\pic18-lt\cxx-framework\src\traditional\proc\p18f452.asm
               LVDCONbits   0x000fd2       data     extern E:\3.46\pic18-lt\cxx-framework\src\traditional\proc\p18f452.asm
                   OSCCON   0x000fd3       data     extern E:\3.46\pic18-lt\cxx-framework\src\traditional\proc\p18f452.asm
               OSCCONbits   0x000fd3       data     extern E:\3.46\pic18-lt\cxx-framework\src\traditional\proc\p18f452.asm
                       PC   0x000ff9       data     extern E:\3.46\pic18-lt\cxx-framework\src\traditional\proc\p18f452.asm
                      PCL   0x000ff9       data     extern E:\3.46\pic18-lt\cxx-framework\src\traditional\proc\p18f452.asm
                   PCLATH   0x000ffa       data     extern E:\3.46\pic18-lt\cxx-framework\src\traditional\proc\p18f452.asm
                   PCLATU   0x000ffb       data     extern E:\3.46\pic18-lt\cxx-framework\src\traditional\proc\p18f452.asm
                     PIE1   0x000f9d       data     extern E:\3.46\pic18-lt\cxx-framework\src\traditional\proc\p18f452.asm
                 PIE1bits   0x000f9d       data     extern E:\3.46\pic18-lt\cxx-framework\src\traditional\proc\p18f452.asm
                     PIE2   0x000fa0       data     extern E:\3.46\pic18-lt\cxx-framework\src\traditional\proc\p18f452.asm
                 PIE2bits   0x000fa0       data     extern E:\3.46\pic18-lt\cxx-framework\src\traditional\proc\p18f452.asm
                     PIR1   0x000f9e       data     extern E:\3.46\pic18-lt\cxx-framework\src\traditional\proc\p18f452.asm
                 PIR1bits   0x000f9e       data     extern E:\3.46\pic18-lt\cxx-framework\src\traditional\proc\p18f452.asm
                     PIR2   0x000fa1       data     extern E:\3.46\pic18-lt\cxx-framework\src\traditional\proc\p18f452.asm
                 PIR2bits   0x000fa1       data     extern E:\3.46\pic18-lt\cxx-framework\src\traditional\proc\p18f452.asm
                   PLUSW0   0x000feb       data     extern E:\3.46\pic18-lt\cxx-framework\src\traditional\proc\p18f452.asm
                   PLUSW1   0x000fe3       data     extern E:\3.46\pic18-lt\cxx-framework\src\traditional\proc\p18f452.asm
                   PLUSW2   0x000fdb       data     extern E:\3.46\pic18-lt\cxx-framework\src\traditional\proc\p18f452.asm
                    PORTA   0x000f80       data     extern E:\3.46\pic18-lt\cxx-framework\src\traditional\proc\p18f452.asm
                PORTAbits   0x000f80       data     extern E:\3.46\pic18-lt\cxx-framework\src\traditional\proc\p18f452.asm
                    PORTB   0x000f81       data     extern E:\3.46\pic18-lt\cxx-framework\src\traditional\proc\p18f452.asm
                PORTBbits   0x000f81       data     extern E:\3.46\pic18-lt\cxx-framework\src\traditional\proc\p18f452.asm
                    PORTC   0x000f82       data     extern E:\3.46\pic18-lt\cxx-framework\src\traditional\proc\p18f452.asm
                PORTCbits   0x000f82       data     extern E:\3.46\pic18-lt\cxx-framework\src\traditional\proc\p18f452.asm
                    PORTD   0x000f83       data     extern E:\3.46\pic18-lt\cxx-framework\src\traditional\proc\p18f452.asm
                PORTDbits   0x000f83       data     extern E:\3.46\pic18-lt\cxx-framework\src\traditional\proc\p18f452.asm
                    PORTE   0x000f84       data     extern E:\3.46\pic18-lt\cxx-framework\src\traditional\proc\p18f452.asm
                PORTEbits   0x000f84       data     extern E:\3.46\pic18-lt\cxx-framework\src\traditional\proc\p18f452.asm
                 POSTDEC0   0x000fed       data     extern E:\3.46\pic18-lt\cxx-framework\src\traditional\proc\p18f452.asm
                 POSTDEC1   0x000fe5       data     extern E:\3.46\pic18-lt\cxx-framework\src\traditional\proc\p18f452.asm
                 POSTDEC2   0x000fdd       data     extern E:\3.46\pic18-lt\cxx-framework\src\traditional\proc\p18f452.asm
                 POSTINC0   0x000fee       data     extern E:\3.46\pic18-lt\cxx-framework\src\traditional\proc\p18f452.asm
                 POSTINC1   0x000fe6       data     extern E:\3.46\pic18-lt\cxx-framework\src\traditional\proc\p18f452.asm
                 POSTINC2   0x000fde       data     extern E:\3.46\pic18-lt\cxx-framework\src\traditional\proc\p18f452.asm
                      PR2   0x000fcb       data     extern E:\3.46\pic18-lt\cxx-framework\src\traditional\proc\p18f452.asm
                  PREINC0   0x000fec       data     extern E:\3.46\pic18-lt\cxx-framework\src\traditional\proc\p18f452.asm
                  PREINC1   0x000fe4       data     extern E:\3.46\pic18-lt\cxx-framework\src\traditional\proc\p18f452.asm
                  PREINC2   0x000fdc       data     extern E:\3.46\pic18-lt\cxx-framework\src\traditional\proc\p18f452.asm
                     PROD   0x000ff3       data     extern E:\3.46\pic18-lt\cxx-framework\src\traditional\proc\p18f452.asm
                    PRODH   0x000ff4       data     extern E:\3.46\pic18-lt\cxx-framework\src\traditional\proc\p18f452.asm
                    PRODL   0x000ff3       data     extern E:\3.46\pic18-lt\cxx-framework\src\traditional\proc\p18f452.asm
                     RCON   0x000fd0       data     extern E:\3.46\pic18-lt\cxx-framework\src\traditional\proc\p18f452.asm
[...]
                    PORTD   0x000f83       data     extern E:\3.46\pic18-lt\cxx-framework\src\traditional\proc\p18f452.asm
                    PORTE   0x000f84       data     extern E:\3.46\pic18-lt\cxx-framework\src\traditional\proc\p18f452.asm
                PORTEbits   0x000f84       data     extern E:\3.46\pic18-lt\cxx-framework\src\traditional\proc\p18f452.asm
                 LATAbits   0x000f89       data     extern E:\3.46\pic18-lt\cxx-framework\src\traditional\proc\p18f452.asm
                     LATA   0x000f89       data     extern E:\3.46\pic18-lt\cxx-framework\src\traditional\proc\p18f452.asm
                 LATBbits   0x000f8a       data     extern E:\3.46\pic18-lt\cxx-framework\src\traditional\proc\p18f452.asm
                     LATB   0x000f8a       data     extern E:\3.46\pic18-lt\cxx-framework\src\traditional\proc\p18f452.asm
                 LATCbits   0x000f8b       data     extern E:\3.46\pic18-lt\cxx-framework\src\traditional\proc\p18f452.asm
                     LATC   0x000f8b       data     extern E:\3.46\pic18-lt\cxx-framework\src\traditional\proc\p18f452.asm
                 LATDbits   0x000f8c       data     extern E:\3.46\pic18-lt\cxx-framework\src\traditional\proc\p18f452.asm
                     LATD   0x000f8c       data     extern E:\3.46\pic18-lt\cxx-framework\src\traditional\proc\p18f452.asm
                 LATEbits   0x000f8d       data     extern E:\3.46\pic18-lt\cxx-framework\src\traditional\proc\p18f452.asm
                     LATE   0x000f8d       data     extern E:\3.46\pic18-lt\cxx-framework\src\traditional\proc\p18f452.asm
                    TRISA   0x000f92       data     extern E:\3.46\pic18-lt\cxx-framework\src\traditional\proc\p18f452.asm
                TRISAbits   0x000f92       data     extern E:\3.46\pic18-lt\cxx-framework\src\traditional\proc\p18f452.asm
                     DDRA   0x000f92       data     extern E:\3.46\pic18-lt\cxx-framework\src\traditional\proc\p18f452.asm
                 DDRAbits   0x000f92       data     extern E:\3.46\pic18-lt\cxx-framework\src\traditional\proc\p18f452.asm
                     DDRB   0x000f93       data     extern E:\3.46\pic18-lt\cxx-framework\src\traditional\proc\p18f452.asm
                    TRISB   0x000f93       data     extern E:\3.46\pic18-lt\cxx-framework\src\traditional\proc\p18f452.asm
                TRISBbits   0x000f93       data     extern E:\3.46\pic18-lt\cxx-framework\src\traditional\proc\p18f452.asm
                 DDRBbits   0x000f93       data     extern E:\3.46\pic18-lt\cxx-framework\src\traditional\proc\p18f452.asm
                    TRISC   0x000f94       data     extern E:\3.46\pic18-lt\cxx-framework\src\traditional\proc\p18f452.asm
                TRISCbits   0x000f94       data     extern E:\3.46\pic18-lt\cxx-framework\src\traditional\proc\p18f452.asm
                 DDRCbits   0x000f94       data     extern E:\3.46\pic18-lt\cxx-framework\src\traditional\proc\p18f452.asm
                     DDRC   0x000f94       data     extern E:\3.46\pic18-lt\cxx-framework\src\traditional\proc\p18f452.asm
                 DDRDbits   0x000f95       data     extern E:\3.46\pic18-lt\cxx-framework\src\traditional\proc\p18f452.asm
                     DDRD   0x000f95       data     extern E:\3.46\pic18-lt\cxx-framework\src\traditional\proc\p18f452.asm
                TRISDbits   0x000f95       data     extern E:\3.46\pic18-lt\cxx-framework\src\traditional\proc\p18f452.asm
                    TRISD   0x000f95       data     extern E:\3.46\pic18-lt\cxx-framework\src\traditional\proc\p18f452.asm
                TRISEbits   0x000f96       data     extern E:\3.46\pic18-lt\cxx-framework\src\traditional\proc\p18f452.asm
                    TRISE   0x000f96       data     extern E:\3.46\pic18-lt\cxx-framework\src\traditional\proc\p18f452.asm
                     DDRE   0x000f96       data     extern E:\3.46\pic18-lt\cxx-framework\src\traditional\proc\p18f452.asm
                 DDREbits   0x000f96       data     extern E:\3.46\pic18-lt\cxx-framework\src\traditional\proc\p18f452.asm
                 PIE1bits   0x000f9d       data     extern E:\3.46\pic18-lt\cxx-framework\src\traditional\proc\p18f452.asm
                     PIE1   0x000f9d       data     extern E:\3.46\pic18-lt\cxx-framework\src\traditional\proc\p18f452.asm
                 PIR1bits   0x000f9e       data     extern E:\3.46\pic18-lt\cxx-framework\src\traditional\proc\p18f452.asm
                     PIR1   0x000f9e       data     extern E:\3.46\pic18-lt\cxx-framework\src\traditional\proc\p18f452.asm
                     IPR1   0x000f9f       data     extern E:\3.46\pic18-lt\cxx-framework\src\traditional\proc\p18f452.asm
                 IPR1bits   0x000f9f       data     extern E:\3.46\pic18-lt\cxx-framework\src\traditional\proc\p18f452.asm
                 PIE2bits   0x000fa0       data     extern E:\3.46\pic18-lt\cxx-framework\src\traditional\proc\p18f452.asm
                     PIE2   0x000fa0       data     extern E:\3.46\pic18-lt\cxx-framework\src\traditional\proc\p18f452.asm
                     PIR2   0x000fa1       data     extern E:\3.46\pic18-lt\cxx-framework\src\traditional\proc\p18f452.asm
                 PIR2bits   0x000fa1       data     extern E:\3.46\pic18-lt\cxx-framework\src\traditional\proc\p18f452.asm
                 IPR2bits   0x000fa2       data     extern E:\3.46\pic18-lt\cxx-framework\src\traditional\proc\p18f452.asm
                     IPR2   0x000fa2       data     extern E:\3.46\pic18-lt\cxx-framework\src\traditional\proc\p18f452.asm
               EECON1bits   0x000fa6       data     extern E:\3.46\pic18-lt\cxx-framework\src\traditional\proc\p18f452.asm
                   EECON1   0x000fa6       data     extern E:\3.46\pic18-lt\cxx-framework\src\traditional\proc\p18f452.asm
                   EECON2   0x000fa7       data     extern E:\3.46\pic18-lt\cxx-framework\src\traditional\proc\p18f452.asm
                   EEDATA   0x000fa8       data     extern E:\3.46\pic18-lt\cxx-framework\src\traditional\proc\p18f452.asm
                    EEADR   0x000fa9       data     extern E:\3.46\pic18-lt\cxx-framework\src\traditional\proc\p18f452.asm
                RCSTAbits   0x000fab       data     extern E:\3.46\pic18-lt\cxx-framework\src\traditional\proc\p18f452.asm
                    RCSTA   0x000fab       data     extern E:\3.46\pic18-lt\cxx-framework\src\traditional\proc\p18f452.asm
                    TXSTA   0x000fac       data     extern E:\3.46\pic18-lt\cxx-framework\src\traditional\proc\p18f452.asm
                TXSTAbits   0x000fac       data     extern E:\3.46\pic18-lt\cxx-framework\src\traditional\proc\p18f452.asm
                    TXREG   0x000fad       data     extern E:\3.46\pic18-lt\cxx-framework\src\traditional\proc\p18f452.asm
                    RCREG   0x000fae       data     extern E:\3.46\pic18-lt\cxx-framework\src\traditional\proc\p18f452.asm
                    SPBRG   0x000faf       data     extern E:\3.46\pic18-lt\cxx-framework\src\traditional\proc\p18f452.asm
                    T3CON   0x000fb1       data     extern E:\3.46\pic18-lt\cxx-framework\src\traditional\proc\p18f452.asm
                T3CONbits   0x000fb1       data     extern E:\3.46\pic18-lt\cxx-framework\src\traditional\proc\p18f452.asm
                    TMR3L   0x000fb2       data     extern E:\3.46\pic18-lt\cxx-framework\src\traditional\proc\p18f452.asm
                    TMR3H   0x000fb3       data     extern E:\3.46\pic18-lt\cxx-framework\src\traditional\proc\p18f452.asm
                  CCP2CON   0x000fba       data     extern E:\3.46\pic18-lt\cxx-framework\src\traditional\proc\p18f452.asm
              CCP2CONbits   0x000fba       data     extern E:\3.46\pic18-lt\cxx-framework\src\traditional\proc\p18f452.asm
                   CCPR2L   0x000fbb       data     extern E:\3.46\pic18-lt\cxx-framework\src\traditional\proc\p18f452.asm
                    CCPR2   0x000fbb       data     extern E:\3.46\pic18-lt\cxx-framework\src\traditional\proc\p18f452.asm
                   CCPR2H   0x000fbc       data     extern E:\3.46\pic18-lt\cxx-framework\src\traditional\proc\p18f452.asm
                  CCP1CON   0x000fbd       data     extern E:\3.46\pic18-lt\cxx-framework\src\traditional\proc\p18f452.asm
              CCP1CONbits   0x000fbd       data     extern E:\3.46\pic18-lt\cxx-framework\src\traditional\proc\p18f452.asm
                   CCPR1L   0x000fbe       data     extern E:\3.46\pic18-lt\cxx-framework\src\traditional\proc\p18f452.asm
                    CCPR1   0x000fbe       data     extern E:\3.46\pic18-lt\cxx-framework\src\traditional\proc\p18f452.asm
                   CCPR1H   0x000fbf       data     extern E:\3.46\pic18-lt\cxx-framework\src\traditional\proc\p18f452.asm
               ADCON1bits   0x000fc1       data     extern E:\3.46\pic18-lt\cxx-framework\src\traditional\proc\p18f452.asm
                   ADCON1   0x000fc1       data     extern E:\3.46\pic18-lt\cxx-framework\src\traditional\proc\p18f452.asm
               ADCON0bits   0x000fc2       data     extern E:\3.46\pic18-lt\cxx-framework\src\traditional\proc\p18f452.asm
                   ADCON0   0x000fc2       data     extern E:\3.46\pic18-lt\cxx-framework\src\traditional\proc\p18f452.asm
                   ADRESL   0x000fc3       data     extern E:\3.46\pic18-lt\cxx-framework\src\traditional\proc\p18f452.asm
                    ADRES   0x000fc3       data     extern E:\3.46\pic18-lt\cxx-framework\src\traditional\proc\p18f452.asm
                   ADRESH   0x000fc4       data     extern E:\3.46\pic18-lt\cxx-framework\src\traditional\proc\p18f452.asm
              SSPCON2bits   0x000fc5       data     extern E:\3.46\pic18-lt\cxx-framework\src\traditional\proc\p18f452.asm
                  SSPCON2   0x000fc5       data     extern E:\3.46\pic18-lt\cxx-framework\src\traditional\proc\p18f452.asm
              SSPCON1bits   0x000fc6       data     extern E:\3.46\pic18-lt\cxx-framework\src\traditional\proc\p18f452.asm
                  SSPCON1   0x000fc6       data     extern E:\3.46\pic18-lt\cxx-framework\src\traditional\proc\p18f452.asm
              SSPSTATbits   0x000fc7       data     extern E:\3.46\pic18-lt\cxx-framework\src\traditional\proc\p18f452.asm
                  SSPSTAT   0x000fc7       data     extern E:\3.46\pic18-lt\cxx-framework\src\traditional\proc\p18f452.asm
                   SSPADD   0x000fc8       data     extern E:\3.46\pic18-lt\cxx-framework\src\traditional\proc\p18f452.asm
                   SSPBUF   0x000fc9       data     extern E:\3.46\pic18-lt\cxx-framework\src\traditional\proc\p18f452.asm
                    T2CON   0x000fca       data     extern E:\3.46\pic18-lt\cxx-framework\src\traditional\proc\p18f452.asm
                T2CONbits   0x000fca       data     extern E:\3.46\pic18-lt\cxx-framework\src\traditional\proc\p18f452.asm
                      PR2   0x000fcb       data     extern E:\3.46\pic18-lt\cxx-framework\src\traditional\proc\p18f452.asm
                     TMR2   0x000fcc       data     extern E:\3.46\pic18-lt\cxx-framework\src\traditional\proc\p18f452.asm
                    T1CON   0x000fcd       data     extern E:\3.46\pic18-lt\cxx-framework\src\traditional\proc\p18f452.asm
                T1CONbits   0x000fcd       data     extern E:\3.46\pic18-lt\cxx-framework\src\traditional\proc\p18f452.asm
                    TMR1L   0x000fce       data     extern E:\3.46\pic18-lt\cxx-framework\src\traditional\proc\p18f452.asm
                    TMR1H   0x000fcf       data     extern E:\3.46\pic18-lt\cxx-framework\src\traditional\proc\p18f452.asm
                 RCONbits   0x000fd0       data     extern E:\3.46\pic18-lt\cxx-framework\src\traditional\proc\p18f452.asm
                     RCON   0x000fd0       data     extern E:\3.46\pic18-lt\cxx-framework\src\traditional\proc\p18f452.asm
               WDTCONbits   0x000fd1       data     extern E:\3.46\pic18-lt\cxx-framework\src\traditional\proc\p18f452.asm
                   WDTCON   0x000fd1       data     extern E:\3.46\pic18-lt\cxx-framework\src\traditional\proc\p18f452.asm
                   LVDCON   0x000fd2       data     extern E:\3.46\pic18-lt\cxx-framework\src\traditional\proc\p18f452.asm
               LVDCONbits   0x000fd2       data     extern E:\3.46\pic18-lt\cxx-framework\src\traditional\proc\p18f452.asm
               OSCCONbits   0x000fd3       data     extern E:\3.46\pic18-lt\cxx-framework\src\traditional\proc\p18f452.asm
                   OSCCON   0x000fd3       data     extern E:\3.46\pic18-lt\cxx-framework\src\traditional\proc\p18f452.asm
                T0CONbits   0x000fd5       data     extern E:\3.46\pic18-lt\cxx-framework\src\traditional\proc\p18f452.asm
                    T0CON   0x000fd5       data     extern E:\3.46\pic18-lt\cxx-framework\src\traditional\proc\p18f452.asm
                    TMR0L   0x000fd6       data     extern E:\3.46\pic18-lt\cxx-framework\src\traditional\proc\p18f452.asm
                    TMR0H   0x000fd7       data     extern E:\3.46\pic18-lt\cxx-framework\src\traditional\proc\p18f452.asm
               STATUSbits   0x000fd8       data     extern E:\3.46\pic18-lt\cxx-framework\src\traditional\proc\p18f452.asm
                   STATUS   0x000fd8       data     extern E:\3.46\pic18-lt\cxx-framework\src\traditional\proc\p18f452.asm
                    FSR2L   0x000fd9       data     extern E:\3.46\pic18-lt\cxx-framework\src\traditional\proc\p18f452.asm
                     FSR2   0x000fd9       data     extern E:\3.46\pic18-lt\cxx-framework\src\traditional\proc\p18f452.asm
                    FSR2H   0x000fda       data     extern E:\3.46\pic18-lt\cxx-framework\src\traditional\proc\p18f452.asm
                   PLUSW2   0x000fdb       data     extern E:\3.46\pic18-lt\cxx-framework\src\traditional\proc\p18f452.asm
                  PREINC2   0x000fdc       data     extern E:\3.46\pic18-lt\cxx-framework\src\traditional\proc\p18f452.asm
                 POSTDEC2   0x000fdd       data     extern E:\3.46\pic18-lt\cxx-framework\src\traditional\proc\p18f452.asm
                 POSTINC2   0x000fde       data     extern E:\3.46\pic18-lt\cxx-framework\src\traditional\proc\p18f452.asm
                    INDF2   0x000fdf       data     extern E:\3.46\pic18-lt\cxx-framework\src\traditional\proc\p18f452.asm
                      BSR   0x000fe0       data     extern E:\3.46\pic18-lt\cxx-framework\src\traditional\proc\p18f452.asm
                     FSR1   0x000fe1       data     extern E:\3.46\pic18-lt\cxx-framework\src\traditional\proc\p18f452.asm
                    FSR1L   0x000fe1       data     extern E:\3.46\pic18-lt\cxx-framework\src\traditional\proc\p18f452.asm
                    FSR1H   0x000fe2       data     extern E:\3.46\pic18-lt\cxx-framework\src\traditional\proc\p18f452.asm
                   PLUSW1   0x000fe3       data     extern E:\3.46\pic18-lt\cxx-framework\src\traditional\proc\p18f452.asm
                  PREINC1   0x000fe4       data     extern E:\3.46\pic18-lt\cxx-framework\src\traditional\proc\p18f452.asm
                 POSTDEC1   0x000fe5       data     extern E:\3.46\pic18-lt\cxx-framework\src\traditional\proc\p18f452.asm
                 POSTINC1   0x000fe6       data     extern E:\3.46\pic18-lt\cxx-framework\src\traditional\proc\p18f452.asm
                    INDF1   0x000fe7       data     extern E:\3.46\pic18-lt\cxx-framework\src\traditional\proc\p18f452.asm
                        W   0x000fe8       data     extern E:\3.46\pic18-lt\cxx-framework\src\traditional\proc\p18f452.asm
                     WREG   0x000fe8       data     extern E:\3.46\pic18-lt\cxx-framework\src\traditional\proc\p18f452.asm
                     FSR0   0x000fe9       data     extern E:\3.46\pic18-lt\cxx-framework\src\traditional\proc\p18f452.asm
                    FSR0L   0x000fe9       data     extern E:\3.46\pic18-lt\cxx-framework\src\traditional\proc\p18f452.asm
                    FSR0H   0x000fea       data     extern E:\3.46\pic18-lt\cxx-framework\src\traditional\proc\p18f452.asm
                   PLUSW0   0x000feb       data     extern E:\3.46\pic18-lt\cxx-framework\src\traditional\proc\p18f452.asm
                  PREINC0   0x000fec       data     extern E:\3.46\pic18-lt\cxx-framework\src\traditional\proc\p18f452.asm
                 POSTDEC0   0x000fed       data     extern E:\3.46\pic18-lt\cxx-framework\src\traditional\proc\p18f452.asm
                 POSTINC0   0x000fee       data     extern E:\3.46\pic18-lt\cxx-framework\src\traditional\proc\p18f452.asm
                    INDF0   0x000fef       data     extern E:\3.46\pic18-lt\cxx-framework\src\traditional\proc\p18f452.asm
                  INTCON3   0x000ff0       data     extern E:\3.46\pic18-lt\cxx-framework\src\traditional\proc\p18f452.asm
              INTCON3bits   0x000ff0       data     extern E:\3.46\pic18-lt\cxx-framework\src\traditional\proc\p18f452.asm
                  INTCON2   0x000ff1       data     extern E:\3.46\pic18-lt\cxx-framework\src\traditional\proc\p18f452.asm
              INTCON2bits   0x000ff1       data     extern E:\3.46\pic18-lt\cxx-framework\src\traditional\proc\p18f452.asm
                   INTCON   0x000ff2       data     extern E:\3.46\pic18-lt\cxx-framework\src\traditional\proc\p18f452.asm
                  INTCON1   0x000ff2       data     extern E:\3.46\pic18-lt\cxx-framework\src\traditional\proc\p18f452.asm
              INTCON1bits   0x000ff2       data     extern E:\3.46\pic18-lt\cxx-framework\src\traditional\proc\p18f452.asm
               INTCONbits   0x000ff2       data     extern E:\3.46\pic18-lt\cxx-framework\src\traditional\proc\p18f452.asm
                     PROD   0x000ff3       data     extern E:\3.46\pic18-lt\cxx-framework\src\traditional\proc\p18f452.asm
                    PRODL   0x000ff3       data     extern E:\3.46\pic18-lt\cxx-framework\src\traditional\proc\p18f452.asm
                    PRODH   0x000ff4       data     extern E:\3.46\pic18-lt\cxx-framework\src\traditional\proc\p18f452.asm
                   TABLAT   0x000ff5       data     extern E:\3.46\pic18-lt\cxx-framework\src\traditional\proc\p18f452.asm
                   TBLPTR   0x000ff6       data     extern E:\3.46\pic18-lt\cxx-framework\src\traditional\proc\p18f452.asm
                  TBLPTRL   0x000ff6       data     extern E:\3.46\pic18-lt\cxx-framework\src\traditional\proc\p18f452.asm
                  TBLPTRH   0x000ff7       data     extern E:\3.46\pic18-lt\cxx-framework\src\traditional\proc\p18f452.asm
                  TBLPTRU   0x000ff8       data     extern E:\3.46\pic18-lt\cxx-framework\src\traditional\proc\p18f452.asm
                       PC   0x000ff9       data     extern E:\3.46\pic18-lt\cxx-framework\src\traditional\proc\p18f452.asm
                      PCL   0x000ff9       data     extern E:\3.46\pic18-lt\cxx-framework\src\traditional\proc\p18f452.asm
                   PCLATH   0x000ffa       data     extern E:\3.46\pic18-lt\cxx-framework\src\traditional\proc\p18f452.asm
                   PCLATU   0x000ffb       data     extern E:\3.46\pic18-lt\cxx-framework\src\traditional\proc\p18f452.asm
               STKPTRbits   0x000ffc       data     extern E:\3.46\pic18-lt\cxx-framework\src\traditional\proc\p18f452.asm
                   STKPTR   0x000ffc       data     extern E:\3.46\pic18-lt\cxx-framework\src\traditional\proc\p18f452.asm
                     TOSL   0x000ffd       data     extern E:\3.46\pic18-lt\cxx-framework\src\traditional\proc\p18f452.asm
                      TOS   0x000ffd       data     extern E:\3.46\pic18-lt\cxx-framework\src\traditional\proc\p18f452.asm
                     TOSH   0x000ffe       data     extern E:\3.46\pic18-lt\cxx-framework\src\traditional\proc\p18f452.asm
                     TOSU   0x000fff       data     extern E:\3.46\pic18-lt\cxx-framework\src\traditional\proc\p18f452.asm


