MPLINK 5.00, LINKER
Linker Map File - Created Mon Nov 04 16:18:01 2019

                                 Section Info
                  Section       Type    Address   Location Size(Bytes)
                ---------  ---------  ---------  ---------  ---------
               _entry_scn       code   0x000000    program   0x000006
              high_vector       code   0x000008    program   0x00002a
                   .cinit    romdata   0x00003a    program   0x00001a
            .code_tasks.o       code   0x000054    program   0x0037c8
            .code_queue.o       code   0x00381c    program   0x00220e
             .code_port.o       code   0x005a2a    program   0x00099a
             .code_list.o       code   0x0063c4    program   0x000528
      .code_code_lab2_4.o       code   0x0068ec    program   0x0003fe
           .code_heap_1.o       code   0x006cea    program   0x0000fc
         .code_openxlcd.o       code   0x006de6    program   0x0000da
               _cinit_scn       code   0x006ec0    program   0x00009e
         .code_putrxlcd.o       code   0x006f5e    program   0x000070
         .code_setddram.o       code   0x006fce    program   0x00005a
         .code_setcgram.o       code   0x007028    program   0x00005a
         .code_writdata.o       code   0x007082    program   0x000058
         .code_wcmdxlcd.o       code   0x0070da    program   0x000058
                   STRING       code   0x007132    program   0x000056
         .code_putsxlcd.o       code   0x007188    program   0x000056
         .code_readdata.o       code   0x0071de    program   0x000050
         .code_readaddr.o       code   0x00722e    program   0x000050
           .code_t1open.o       code   0x00727e    program   0x000042
          .code_t0write.o       code   0x0072c0    program   0x000038
           .code_t0open.o       code   0x0072f8    program   0x000038
             .stringtable    romdata   0x007330    program   0x00002f
        .romdata___init.o    romdata   0x00735f    program   0x000000
      .romdata_setcgram.o    romdata   0x00735f    program   0x000000
        .idata___init.o_i    romdata   0x00735f    program   0x000000
      .idata_setddram.o_i    romdata   0x00735f    program   0x000000
      .romdata_setddram.o    romdata   0x00735f    program   0x000000
       .romdata_t0write.o    romdata   0x00735f    program   0x000000
      .idata_wcmdxlcd.o_i    romdata   0x00735f    program   0x000000
       .idata_t0write.o_i    romdata   0x00735f    program   0x000000
      .romdata_wcmdxlcd.o    romdata   0x00735f    program   0x000000
        .romdata_t1open.o    romdata   0x00735f    program   0x000000
      .idata_writdata.o_i    romdata   0x00735f    program   0x000000
      .romdata_writdata.o    romdata   0x00735f    program   0x000000
        .idata_t1open.o_i    romdata   0x00735f    program   0x000000
   .idata_code_lab2_4.o_i    romdata   0x00735f    program   0x000000
   .romdata_code_lab2_4.o    romdata   0x00735f    program   0x000000
        .idata_t0open.o_i    romdata   0x00735f    program   0x000000
        .romdata_t0open.o    romdata   0x00735f    program   0x000000
         .idata_c018i.o_i    romdata   0x00735f    program   0x000000
         .romdata_c018i.o    romdata   0x00735f    program   0x000000
          .idata_list.o_i    romdata   0x00735f    program   0x000000
          .romdata_list.o    romdata   0x00735f    program   0x000000
         .idata_queue.o_i    romdata   0x00735f    program   0x000000
         .romdata_queue.o    romdata   0x00735f    program   0x000000
         .romdata_tasks.o    romdata   0x00735f    program   0x000000
          .idata_port.o_i    romdata   0x00735f    program   0x000000
          .romdata_port.o    romdata   0x00735f    program   0x000000
        .romdata_heap_1.o    romdata   0x00735f    program   0x000000
      .idata_busyxlcd.o_i    romdata   0x00735f    program   0x000000
      .romdata_busyxlcd.o    romdata   0x00735f    program   0x000000
      .idata_setcgram.o_i    romdata   0x00735f    program   0x000000
      .romdata_readdata.o    romdata   0x00735f    program   0x000000
      .idata_readdata.o_i    romdata   0x00735f    program   0x000000
      .romdata_readaddr.o    romdata   0x00735f    program   0x000000
      .idata_readaddr.o_i    romdata   0x00735f    program   0x000000
      .romdata_putsxlcd.o    romdata   0x00735f    program   0x000000
      .idata_putsxlcd.o_i    romdata   0x00735f    program   0x000000
      .romdata_putrxlcd.o    romdata   0x00735f    program   0x000000
      .idata_putrxlcd.o_i    romdata   0x00735f    program   0x000000
      .romdata_openxlcd.o    romdata   0x00735f    program   0x000000
      .idata_openxlcd.o_i    romdata   0x00735f    program   0x000000
             D10KTCYXCODE       code   0x007360    program   0x00002e
            .code_c018i.o       code   0x007360    program   0x000000
              D1KTCYXCODE       code   0x00738e    program   0x000020
         .code_busyxlcd.o       code   0x0073ae    program   0x000020
                    .code       code   0x0073ce    program   0x000020
             _startup_scn       code   0x0073ee    program   0x00001c
           .code___init.o       code   0x00740a    program   0x000002
         .idata_tasks.o_i    romdata   0x00740c    program   0x000011
        .idata_heap_1.o_i    romdata   0x00741d    program   0x000004
.config_300001_code_lab2_4.o    romdata   0x300001    program   0x000001
.config_300003_code_lab2_4.o    romdata   0x300003    program   0x000001
.config_300006_code_lab2_4.o    romdata   0x300006    program   0x000001
                MATH_DATA      udata   0x000000       data   0x00000b
                 .tmpdata      udata   0x00000b       data   0x000008
                DELAYDAT2      udata   0x000013       data   0x000001
                DELAYDAT1      udata   0x000014       data   0x000001
                   .stack      udata   0x000080       data   0x000060
          .udata_heap_1.o      udata   0x0000e0       data   0x000400
           .udata_tasks.o      udata   0x0004e0       data   0x000055
           .udata_queue.o      udata   0x000535       data   0x000028
           .idata_tasks.o      idata   0x00055d       data   0x000011
           .udata_c018i.o      udata   0x00056e       data   0x00000a
     .udata_code_lab2_4.o      udata   0x000578       data   0x000008
          .idata_heap_1.o      idata   0x000580       data   0x000004
        .idata_setddram.o      idata   0x000584       data   0x000000
        .udata_wcmdxlcd.o      udata   0x000584       data   0x000000
        .idata_wcmdxlcd.o      idata   0x000584       data   0x000000
        .udata_writdata.o      udata   0x000584       data   0x000000
        .idata_writdata.o      idata   0x000584       data   0x000000
     .idata_code_lab2_4.o      idata   0x000584       data   0x000000
            .udata_list.o      udata   0x000584       data   0x000000
           .idata_c018i.o      idata   0x000584       data   0x000000
          .udata_t0open.o      udata   0x000584       data   0x000000
          .idata_t0open.o      idata   0x000584       data   0x000000
          .udata_t1open.o      udata   0x000584       data   0x000000
          .idata_t1open.o      idata   0x000584       data   0x000000
         .udata_t0write.o      udata   0x000584       data   0x000000
         .idata_t0write.o      idata   0x000584       data   0x000000
          .udata___init.o      udata   0x000584       data   0x000000
          .idata___init.o      idata   0x000584       data   0x000000
            .idata_list.o      idata   0x000584       data   0x000000
           .idata_queue.o      idata   0x000584       data   0x000000
            .udata_port.o      udata   0x000584       data   0x000000
            .idata_port.o      idata   0x000584       data   0x000000
        .udata_busyxlcd.o      udata   0x000584       data   0x000000
        .idata_busyxlcd.o      idata   0x000584       data   0x000000
        .udata_openxlcd.o      udata   0x000584       data   0x000000
        .idata_openxlcd.o      idata   0x000584       data   0x000000
        .udata_putrxlcd.o      udata   0x000584       data   0x000000
        .idata_putrxlcd.o      idata   0x000584       data   0x000000
        .udata_putsxlcd.o      udata   0x000584       data   0x000000
        .idata_putsxlcd.o      idata   0x000584       data   0x000000
        .udata_readaddr.o      udata   0x000584       data   0x000000
        .idata_readaddr.o      idata   0x000584       data   0x000000
        .udata_readdata.o      udata   0x000584       data   0x000000
        .idata_readdata.o      idata   0x000584       data   0x000000
        .udata_setcgram.o      udata   0x000584       data   0x000000
        .idata_setcgram.o      idata   0x000584       data   0x000000
        .udata_setddram.o      udata   0x000584       data   0x000000
            SFR_UNBANKED0      udata   0x000f80       data   0x000080



                              Program Memory Usage 
                               Start         End      
                           ---------   ---------      
                            0x000000    0x000005      
                            0x000008    0x000031      
                            0x00003a    0x00735e      
                            0x007360    0x007420      
                            0x300001    0x300001      
                            0x300003    0x300003      
                            0x300006    0x300006      
            29721 out of 33048 program addresses used, program memory utilization is 89%



                              Symbols - Sorted by Name
                     Name    Address   Location    Storage File                     
                ---------  ---------  ---------  --------- ---------                
                 BusyXLCD   0x0073ae    program     extern C:\Y4S1\Micro P\Take 2\L02_814005504\lcd_A\busyxlcd.c
                   D10K_1   0x00736c    program     static E:\3.46\pic18-lt\cxx-framework\src\traditional\delays\d10ktcyx.asm
                    D10Kl   0x007378    program     static E:\3.46\pic18-lt\cxx-framework\src\traditional\delays\d10ktcyx.asm
                    D10Kx   0x00736a    program     static E:\3.46\pic18-lt\cxx-framework\src\traditional\delays\d10ktcyx.asm
                    D1K_1   0x00739a    program     static E:\3.46\pic18-lt\cxx-framework\src\traditional\delays\d1ktcyx.asm
                     D1Kx   0x007398    program     static E:\3.46\pic18-lt\cxx-framework\src\traditional\delays\d1ktcyx.asm
             Delay10KTCYx   0x007360    program     extern E:\3.46\pic18-lt\cxx-framework\src\traditional\delays\d10ktcyx.asm
              Delay1KTCYx   0x00738e    program     extern E:\3.46\pic18-lt\cxx-framework\src\traditional\delays\d1ktcyx.asm
            DelayFor18TCY   0x0069e4    program     extern C:\Y4S1\Micro P\Take 2\L02_814005504\code_lab2_4.c
             DelayPORXLCD   0x006a10    program     extern C:\Y4S1\Micro P\Take 2\L02_814005504\code_lab2_4.c
                DelayXLCD   0x006a04    program     extern C:\Y4S1\Micro P\Take 2\L02_814005504\code_lab2_4.c
               OpenTimer0   0x0072f8    program     extern E:\3.46\pic18-lt\cxx-framework\src\pmc_common\Timers\t0open.c
               OpenTimer1   0x00727e    program     extern E:\3.46\pic18-lt\cxx-framework\src\pmc_common\Timers\t1open.c
                 OpenXLCD   0x006de6    program     extern C:\Y4S1\Micro P\Take 2\L02_814005504\lcd_A\openxlcd.c
             ReadAddrXLCD   0x00722e    program     extern C:\Y4S1\Micro P\Take 2\L02_814005504\lcd_A\readaddr.c
             ReadDataXLCD   0x0071de    program     extern C:\Y4S1\Micro P\Take 2\L02_814005504\lcd_A\readdata.c
             SetCGRamAddr   0x007028    program     extern C:\Y4S1\Micro P\Take 2\L02_814005504\lcd_A\setcgram.c
             SetDDRamAddr   0x006fce    program     extern C:\Y4S1\Micro P\Take 2\L02_814005504\lcd_A\setddram.c
                    TaskA   0x006a46    program     static C:\Y4S1\Micro P\Take 2\L02_814005504\code_lab2_4.c
                    TaskB   0x006b22    program     static C:\Y4S1\Micro P\Take 2\L02_814005504\code_lab2_4.c
             WriteCmdXLCD   0x0070da    program     extern C:\Y4S1\Micro P\Take 2\L02_814005504\lcd_A\wcmdxlcd.c
            WriteDataXLCD   0x007082    program     extern C:\Y4S1\Micro P\Take 2\L02_814005504\lcd_A\writdata.c
              WriteTimer0   0x0072c0    program     extern E:\3.46\pic18-lt\cxx-framework\src\pmc_common\Timers\t0write.c
              _4jContinue   0x007166    program     static E:\3.46\pic18-lt\cxx-framework\src\traditional\stdclib\memcpy.asm
                   _5jEnd   0x007170    program     static E:\3.46\pic18-lt\cxx-framework\src\traditional\stdclib\memcpy.asm
       _D10KTCYXCODE_0010   0x007370    program     static E:\3.46\pic18-lt\cxx-framework\src\traditional\delays\d10ktcyx.asm
       _D10KTCYXCODE_001C   0x00737c    program     static E:\3.46\pic18-lt\cxx-framework\src\traditional\delays\d10ktcyx.asm
        _D1KTCYXCODE_0010   0x00739e    program     static E:\3.46\pic18-lt\cxx-framework\src\traditional\delays\d1ktcyx.asm
        _D1KTCYXCODE_0016   0x0073a4    program     static E:\3.46\pic18-lt\cxx-framework\src\traditional\delays\d1ktcyx.asm
           ___?:_lbl00001   0x00397a    program     static                          
           ___?:_lbl00002   0x003978    program     static                          
           ___?:_lbl00029   0x003e2a    program     static                          
           ___?:_lbl00030   0x003e28    program     static                          
           ___?:_lbl00036   0x0006ee    program     static                          
           ___?:_lbl00037   0x0006e2    program     static                          
           ___?:_lbl00067   0x000a3e    program     static                          
           ___?:_lbl00068   0x000a32    program     static                          
           ___?:_lbl00076   0x000b62    program     static                          
           ___?:_lbl00077   0x000b56    program     static                          
           ___?:_lbl00085   0x0043d4    program     static                          
           ___?:_lbl00086   0x0043d2    program     static                          
           ___?:_lbl00090   0x000d12    program     static                          
           ___?:_lbl00091   0x000d10    program     static                          
           ___?:_lbl00102   0x000e3c    program     static                          
           ___?:_lbl00103   0x000e30    program     static                          
           ___?:_lbl00117   0x0046b8    program     static                          
           ___?:_lbl00118   0x0046b6    program     static                          
           ___?:_lbl00152   0x004a54    program     static                          
           ___?:_lbl00153   0x004a52    program     static                          
           ___?:_lbl00160   0x001416    program     static                          
           ___?:_lbl00161   0x001414    program     static                          
           ___?:_lbl00226   0x00559a    program     static                          
           ___?:_lbl00227   0x005598    program     static                          
           ___?:_lbl00235   0x005652    program     static                          
           ___?:_lbl00236   0x005650    program     static                          
           ___?:_lbl00387   0x003628    program     static                          
           ___?:_lbl00388   0x00361c    program     static                          
       ___case_0_lbl00352   0x00308e    program     static                          
       ___case_1_lbl00346   0x002fe6    program     static                          
       ___case_2_lbl00347   0x003010    program     static                          
       ___case_3_lbl00348   0x00302c    program     static                          
       ___case_4_lbl00351   0x003056    program     static                          
      ___default_lbl00353   0x003090    program     static                          
           ___do_lbl00166   0x00156e    program     static                          
           ___do_lbl00167   0x001576    program     static                          
           ___do_lbl00170   0x00155c    program     static                          
         ___else_lbl00004   0x0039b0    program     static                          
         ___else_lbl00006   0x0039b2    program     static                          
         ___else_lbl00008   0x005f72    program     static                          
         ___else_lbl00008   0x0039b4    program     static                          
         ___else_lbl00016   0x00612c    program     static                          
         ___else_lbl00022   0x000584    program     static                          
         ___else_lbl00024   0x0005c4    program     static                          
         ___else_lbl00026   0x0005c6    program     static                          
         ___else_lbl00028   0x000586    program     static                          
         ___else_lbl00031   0x0062ea    program     static                          
         ___else_lbl00032   0x003e64    program     static                          
         ___else_lbl00032   0x00069e    program     static                          
         ___else_lbl00034   0x0006a0    program     static                          
         ___else_lbl00034   0x003e72    program     static                          
         ___else_lbl00036   0x003e66    program     static                          
         ___else_lbl00039   0x000724    program     static                          
         ___else_lbl00040   0x003eba    program     static                          
         ___else_lbl00041   0x00076c    program     static                          
         ___else_lbl00042   0x003e9c    program     static                          
         ___else_lbl00043   0x0007c0    program     static                          
         ___else_lbl00044   0x003e7e    program     static                          
         ___else_lbl00046   0x000800    program     static                          
         ___else_lbl00051   0x003fce    program     static                          
         ___else_lbl00053   0x003fe8    program     static                          
         ___else_lbl00075   0x000b34    program     static                          
         ___else_lbl00079   0x000bdc    program     static                          
         ___else_lbl00081   0x000bde    program     static                          
         ___else_lbl00083   0x000c02    program     static                          
         ___else_lbl00085   0x000be0    program     static                          
         ___else_lbl00087   0x000c5a    program     static                          
         ___else_lbl00088   0x00440e    program     static                          
         ___else_lbl00089   0x000cca    program     static                          
         ___else_lbl00090   0x004410    program     static                          
         ___else_lbl00093   0x000d44    program     static                          
         ___else_lbl00094   0x004458    program     static                          
         ___else_lbl00096   0x000dd0    program     static                          
         ___else_lbl00096   0x00443a    program     static                          
         ___else_lbl00098   0x000ddc    program     static                          
         ___else_lbl00098   0x00441c    program     static                          
         ___else_lbl00104   0x00456c    program     static                          
         ___else_lbl00105   0x000e72    program     static                          
         ___else_lbl00106   0x00456e    program     static                          
         ___else_lbl00107   0x000eba    program     static                          
         ___else_lbl00108   0x0045be    program     static                          
         ___else_lbl00110   0x004588    program     static                          
         ___else_lbl00112   0x000f32    program     static                          
         ___else_lbl00114   0x000f66    program     static                          
         ___else_lbl00116   0x000f54    program     static                          
         ___else_lbl00116   0x00469a    program     static                          
         ___else_lbl00118   0x000f6c    program     static                          
         ___else_lbl00120   0x0046f2    program     static                          
         ___else_lbl00122   0x0046f4    program     static                          
         ___else_lbl00126   0x00473c    program     static                          
         ___else_lbl00128   0x00471e    program     static                          
         ___else_lbl00130   0x004700    program     static                          
         ___else_lbl00136   0x00119c    program     static                          
         ___else_lbl00137   0x00483e    program     static                          
         ___else_lbl00138   0x00119e    program     static                          
         ___else_lbl00139   0x00489c    program     static                          
         ___else_lbl00141   0x0011a6    program     static                          
         ___else_lbl00141   0x00489e    program     static                          
         ___else_lbl00145   0x004946    program     static                          
         ___else_lbl00147   0x0048b8    program     static                          
         ___else_lbl00155   0x004a8e    program     static                          
         ___else_lbl00157   0x004a90    program     static                          
         ___else_lbl00161   0x004ad8    program     static                          
         ___else_lbl00163   0x004aba    program     static                          
         ___else_lbl00164   0x00153a    program     static                          
         ___else_lbl00165   0x004a9c    program     static                          
         ___else_lbl00169   0x00156a    program     static                          
         ___else_lbl00171   0x004bec    program     static                          
         ___else_lbl00172   0x00157c    program     static                          
         ___else_lbl00173   0x004bee    program     static                          
         ___else_lbl00174   0x001592    program     static                          
         ___else_lbl00175   0x004c3e    program     static                          
         ___else_lbl00177   0x001594    program     static                          
         ___else_lbl00177   0x004c08    program     static                          
         ___else_lbl00229   0x0055d4    program     static                          
         ___else_lbl00231   0x0055d6    program     static                          
         ___else_lbl00233   0x002062    program     static                          
         ___else_lbl00235   0x002002    program     static                          
         ___else_lbl00237   0x001fb8    program     static                          
         ___else_lbl00238   0x00568c    program     static                          
         ___else_lbl00240   0x005692    program     static                          
         ___else_lbl00244   0x0056f8    program     static                          
         ___else_lbl00251   0x0057c4    program     static                          
         ___else_lbl00324   0x002c8e    program     static                          
         ___else_lbl00326   0x002c90    program     static                          
         ___else_lbl00329   0x002d04    program     static                          
         ___else_lbl00331   0x002d4c    program     static                          
         ___else_lbl00335   0x002e46    program     static                          
         ___else_lbl00337   0x002e48    program     static                          
         ___else_lbl00341   0x002eb6    program     static                          
         ___else_lbl00350   0x003088    program     static                          
         ___else_lbl00356   0x003176    program     static                          
         ___else_lbl00358   0x003178    program     static                          
         ___else_lbl00390   0x00366a    program     static                          
          ___for_lbl00026   0x004004    program     static                          
          ___for_lbl00027   0x004006    program     static                          
          ___for_lbl00054   0x003d92    program     static                          
          ___for_lbl00083   0x0045be    program     static                          
          ___for_lbl00084   0x0045c0    program     static                          
          ___for_lbl00111   0x00434a    program     static                          
          ___for_lbl00113   0x004946    program     static                          
          ___for_lbl00114   0x004948    program     static                          
          ___for_lbl00148   0x004616    program     static                          
          ___for_lbl00150   0x004c3e    program     static                          
          ___for_lbl00151   0x004c40    program     static                          
          ___for_lbl00178   0x00499a    program     static                          
           ___if_lbl00003   0x0039b0    program     static                          
           ___if_lbl00005   0x0039b2    program     static                          
           ___if_lbl00007   0x005f7c    program     static                          
           ___if_lbl00007   0x003a04    program     static                          
           ___if_lbl00009   0x003a0a    program     static                          
           ___if_lbl00015   0x006136    program     static                          
           ___if_lbl00018   0x000010    program     static                          
           ___if_lbl00019   0x000018    program     static                          
           ___if_lbl00020   0x000024    program     static                          
           ___if_lbl00021   0x000584    program     static                          
           ___if_lbl00021   0x000024    program     static                          
           ___if_lbl00022   0x000030    program     static                          
           ___if_lbl00023   0x000030    program     static                          
           ___if_lbl00023   0x0005c4    program     static                          
           ___if_lbl00025   0x0005c6    program     static                          
           ___if_lbl00027   0x0005c6    program     static                          
           ___if_lbl00027   0x00621a    program     static                          
           ___if_lbl00029   0x000604    program     static                          
           ___if_lbl00030   0x00066a    program     static                          
           ___if_lbl00030   0x0062f4    program     static                          
           ___if_lbl00031   0x003e64    program     static                          
           ___if_lbl00031   0x00069e    program     static                          
           ___if_lbl00033   0x003e72    program     static                          
           ___if_lbl00033   0x0006a0    program     static                          
           ___if_lbl00035   0x003e72    program     static                          
           ___if_lbl00037   0x003e78    program     static                          
           ___if_lbl00038   0x000724    program     static                          
           ___if_lbl00038   0x003e96    program     static                          
           ___if_lbl00039   0x003eba    program     static                          
           ___if_lbl00040   0x00076c    program     static                          
           ___if_lbl00041   0x003eba    program     static                          
           ___if_lbl00042   0x0007d8    program     static                          
           ___if_lbl00043   0x003eba    program     static                          
           ___if_lbl00044   0x0007de    program     static                          
           ___if_lbl00045   0x003ec0    program     static                          
           ___if_lbl00045   0x000800    program     static                          
           ___if_lbl00046   0x003efa    program     static                          
           ___if_lbl00047   0x003f2a    program     static                          
           ___if_lbl00047   0x000800    program     static                          
           ___if_lbl00048   0x003f30    program     static                          
           ___if_lbl00049   0x003fcc    program     static                          
           ___if_lbl00050   0x003fe6    program     static                          
           ___if_lbl00052   0x004004    program     static                          
           ___if_lbl00069   0x000a62    program     static                          
           ___if_lbl00074   0x000b34    program     static                          
           ___if_lbl00078   0x000bdc    program     static                          
           ___if_lbl00080   0x000bde    program     static                          
           ___if_lbl00082   0x000c02    program     static                          
           ___if_lbl00084   0x000c02    program     static                          
           ___if_lbl00086   0x000c5a    program     static                          
           ___if_lbl00087   0x00440e    program     static                          
           ___if_lbl00088   0x000cca    program     static                          
           ___if_lbl00089   0x004410    program     static                          
           ___if_lbl00091   0x004416    program     static                          
           ___if_lbl00092   0x004434    program     static                          
           ___if_lbl00092   0x000d44    program     static                          
           ___if_lbl00093   0x004458    program     static                          
           ___if_lbl00094   0x000d76    program     static                          
           ___if_lbl00095   0x004458    program     static                          
           ___if_lbl00095   0x000dd0    program     static                          
           ___if_lbl00097   0x000ddc    program     static                          
           ___if_lbl00097   0x004458    program     static                          
           ___if_lbl00099   0x000ddc    program     static                          
           ___if_lbl00099   0x00445e    program     static                          
           ___if_lbl00100   0x004498    program     static                          
           ___if_lbl00100   0x000de2    program     static                          
           ___if_lbl00101   0x0044c8    program     static                          
           ___if_lbl00102   0x0044ce    program     static                          
           ___if_lbl00103   0x00456c    program     static                          
           ___if_lbl00104   0x000e72    program     static                          
           ___if_lbl00105   0x004586    program     static                          
           ___if_lbl00106   0x000eba    program     static                          
           ___if_lbl00107   0x0045be    program     static                          
           ___if_lbl00108   0x000f14    program     static                          
           ___if_lbl00109   0x0045be    program     static                          
           ___if_lbl00109   0x000f1a    program     static                          
           ___if_lbl00110   0x000f30    program     static                          
           ___if_lbl00111   0x000f32    program     static                          
           ___if_lbl00113   0x000f6a    program     static                          
           ___if_lbl00115   0x00469a    program     static                          
           ___if_lbl00115   0x000f6a    program     static                          
           ___if_lbl00117   0x000f6c    program     static                          
           ___if_lbl00119   0x0046f2    program     static                          
           ___if_lbl00121   0x0046f4    program     static                          
           ___if_lbl00123   0x0046fa    program     static                          
           ___if_lbl00124   0x004718    program     static                          
           ___if_lbl00125   0x00473c    program     static                          
           ___if_lbl00127   0x00473c    program     static                          
           ___if_lbl00129   0x00473c    program     static                          
           ___if_lbl00131   0x004742    program     static                          
           ___if_lbl00132   0x00477c    program     static                          
           ___if_lbl00133   0x0047ac    program     static                          
           ___if_lbl00134   0x00111a    program     static                          
           ___if_lbl00134   0x0047b2    program     static                          
           ___if_lbl00135   0x00119c    program     static                          
           ___if_lbl00135   0x00483c    program     static                          
           ___if_lbl00136   0x00483e    program     static                          
           ___if_lbl00137   0x00119e    program     static                          
           ___if_lbl00138   0x00489c    program     static                          
           ___if_lbl00139   0x0011a4    program     static                          
           ___if_lbl00140   0x0048b6    program     static                          
           ___if_lbl00140   0x0011a6    program     static                          
           ___if_lbl00142   0x004940    program     static                          
           ___if_lbl00143   0x004940    program     static                          
           ___if_lbl00144   0x004946    program     static                          
           ___if_lbl00146   0x004946    program     static                          
           ___if_lbl00154   0x004a8e    program     static                          
           ___if_lbl00156   0x004a90    program     static                          
           ___if_lbl00158   0x004a96    program     static                          
           ___if_lbl00159   0x004ab4    program     static                          
           ___if_lbl00160   0x004ad8    program     static                          
           ___if_lbl00162   0x004ad8    program     static                          
           ___if_lbl00162   0x0014b6    program     static                          
           ___if_lbl00163   0x00153a    program     static                          
           ___if_lbl00164   0x004ad8    program     static                          
           ___if_lbl00165   0x00154e    program     static                          
           ___if_lbl00166   0x004ade    program     static                          
           ___if_lbl00167   0x004b18    program     static                          
           ___if_lbl00168   0x00156a    program     static                          
           ___if_lbl00168   0x004b48    program     static                          
           ___if_lbl00169   0x004b4e    program     static                          
           ___if_lbl00170   0x004bec    program     static                          
           ___if_lbl00171   0x00157c    program     static                          
           ___if_lbl00172   0x004c06    program     static                          
           ___if_lbl00173   0x001592    program     static                          
           ___if_lbl00174   0x004c3e    program     static                          
           ___if_lbl00175   0x001592    program     static                          
           ___if_lbl00176   0x004c3e    program     static                          
           ___if_lbl00176   0x001594    program     static                          
           ___if_lbl00178   0x00159a    program     static                          
           ___if_lbl00180   0x0015e4    program     static                          
           ___if_lbl00196   0x004ef4    program     static                          
           ___if_lbl00198   0x004f72    program     static                          
           ___if_lbl00228   0x0055d4    program     static                          
           ___if_lbl00228   0x001ef0    program     static                          
           ___if_lbl00230   0x0055d8    program     static                          
           ___if_lbl00232   0x0055f8    program     static                          
           ___if_lbl00232   0x002076    program     static                          
           ___if_lbl00234   0x002076    program     static                          
           ___if_lbl00236   0x002076    program     static                          
           ___if_lbl00237   0x00568c    program     static                          
           ___if_lbl00238   0x00207c    program     static                          
           ___if_lbl00239   0x005694    program     static                          
           ___if_lbl00241   0x0056b2    program     static                          
           ___if_lbl00243   0x0056fa    program     static                          
           ___if_lbl00245   0x005700    program     static                          
           ___if_lbl00250   0x0057c6    program     static                          
           ___if_lbl00252   0x0057cc    program     static                          
           ___if_lbl00262   0x002370    program     static                          
           ___if_lbl00323   0x002c8e    program     static                          
           ___if_lbl00325   0x002c90    program     static                          
           ___if_lbl00327   0x002c96    program     static                          
           ___if_lbl00328   0x002d4a    program     static                          
           ___if_lbl00330   0x002d4c    program     static                          
           ___if_lbl00332   0x002d64    program     static                          
           ___if_lbl00334   0x002e46    program     static                          
           ___if_lbl00336   0x002e48    program     static                          
           ___if_lbl00338   0x002e4e    program     static                          
           ___if_lbl00339   0x002ea2    program     static                          
           ___if_lbl00340   0x002efa    program     static                          
           ___if_lbl00342   0x002f12    program     static                          
           ___if_lbl00344   0x002fa4    program     static                          
           ___if_lbl00349   0x00308c    program     static                          
           ___if_lbl00354   0x0030f2    program     static                          
           ___if_lbl00355   0x003176    program     static                          
           ___if_lbl00357   0x003178    program     static                          
           ___if_lbl00359   0x00317e    program     static                          
           ___if_lbl00389   0x00366e    program     static                          
           ___if_lbl00391   0x003674    program     static                          
       ___return_lbl00000   0x000004    program     static                          
       ___return_lbl00000   0x003a0e    program     static                          
       ___return_lbl00001   0x007408    program     static                          
       ___return_lbl00002   0x006f5c    program     static                          
       ___return_lbl00004   0x005f80    program     static                          
       ___return_lbl00004   0x006a02    program     static                          
       ___return_lbl00010   0x006136    program     static                          
       ___return_lbl00017   0x000030    program     static                          
       ___return_lbl00020   0x0006a0    program     static                          
       ___return_lbl00024   0x0062f4    program     static                          
       ___return_lbl00025   0x004006    program     static                          
       ___return_lbl00035   0x000800    program     static                          
       ___return_lbl00066   0x000a68    program     static                          
       ___return_lbl00073   0x000de2    program     static                          
       ___return_lbl00082   0x0045c0    program     static                          
       ___return_lbl00101   0x000f6c    program     static                          
       ___return_lbl00112   0x004948    program     static                          
       ___return_lbl00132   0x0011a6    program     static                          
       ___return_lbl00149   0x004c40    program     static                          
       ___return_lbl00157   0x0015a0    program     static                          
       ___return_lbl00179   0x0015f6    program     static                          
       ___return_lbl00195   0x004ef8    program     static                          
       ___return_lbl00197   0x004f76    program     static                          
       ___return_lbl00223   0x0056b2    program     static                          
       ___return_lbl00227   0x001ef0    program     static                          
       ___return_lbl00230   0x002080    program     static                          
       ___return_lbl00242   0x005704    program     static                          
       ___return_lbl00249   0x0057d0    program     static                          
       ___return_lbl00259   0x002380    program     static                          
       ___return_lbl00322   0x002d7a    program     static                          
       ___return_lbl00333   0x002f16    program     static                          
       ___return_lbl00343   0x003184    program     static                          
       ___return_lbl00386   0x00367a    program     static                          
   ___switchexit_lbl00345   0x003092    program     static                          
        ___while_lbl00005   0x005ebc    program     static                          
        ___while_lbl00006   0x005ed2    program     static                          
        ___while_lbl00011   0x00602c    program     static                          
        ___while_lbl00012   0x006042    program     static                          
        ___while_lbl00013   0x006076    program     static                          
        ___while_lbl00014   0x00608c    program     static                          
        ___while_lbl00025   0x0061e0    program     static                          
        ___while_lbl00026   0x0061f6    program     static                          
        ___while_lbl00028   0x006234    program     static                          
        ___while_lbl00029   0x00624a    program     static                          
        ___while_lbl00158   0x00140a    program     static                          
        ___while_lbl00159   0x00153c    program     static                          
        ___while_lbl00224   0x005562    program     static                          
        ___while_lbl00225   0x0055dc    program     static                          
        ___while_lbl00233   0x005618    program     static                          
        ___while_lbl00234   0x005696    program     static                          
        ___while_lbl00260   0x002314    program     static                          
        ___while_lbl00261   0x002380    program     static                          
               __config_0   0x300001    program     static C:\Y4S1\Micro P\Take 2\L02_814005504\code_lab2_4.c
               __config_1   0x300003    program     static C:\Y4S1\Micro P\Take 2\L02_814005504\code_lab2_4.c
               __config_2   0x300006    program     static C:\Y4S1\Micro P\Take 2\L02_814005504\code_lab2_4.c
                   __init   0x00740a    program     extern E:\3.46\pic18-lt\cxx-framework\src\traditional\stdclib\__init.c
               __string_0   0x007330    program     static C:\Y4S1\Micro P\FreeRTOS\FreeRTOSv10.2.1\FreeRTOS\Source\tasks.c
               __string_0   0x007350    program     static C:\Y4S1\Micro P\Take 2\L02_814005504\code_lab2_4.c
               __string_1   0x007341    program     static C:\Y4S1\Micro P\Take 2\L02_814005504\code_lab2_4.c
               __string_2   0x00733b    program     static C:\Y4S1\Micro P\Take 2\L02_814005504\code_lab2_4.c
               __string_3   0x007335    program     static C:\Y4S1\Micro P\Take 2\L02_814005504\code_lab2_4.c
               __tmplbl_0   0x003dd2    program     static                          
               __tmplbl_1   0x003dca    program     static                          
              __tmplbl_10   0x005574    program     static                          
              __tmplbl_11   0x00562c    program     static                          
               __tmplbl_4   0x0010a8    program     static                          
               __tmplbl_5   0x001098    program     static                          
               __tmplbl_6   0x001ffc    program     static                          
               __tmplbl_7   0x001fcc    program     static                          
            __zero_memory   0x0073ce    program     extern E:\3.46\pic18-lt\cxx-framework\src\traditional\proc\p18f452.asm
                _do_cinit   0x006ec0    program     extern E:\3.46\pic18-lt\cxx-framework\src\traditional\startup\c018i.c
                   _entry   0x000000    program     extern E:\3.46\pic18-lt\cxx-framework\src\traditional\startup\c018i.c
                 _startup   0x0073ee    program     extern E:\3.46\pic18-lt\cxx-framework\src\traditional\startup\c018i.c
                   appISR   0x0068f0    program     extern C:\Y4S1\Micro P\Take 2\L02_814005504\code_lab2_4.c
                compare_l   0x0073e4    program     static E:\3.46\pic18-lt\cxx-framework\src\traditional\proc\p18f452.asm
                copy_loop   0x006f32    program     static                          
            copy_one_byte   0x006f38    program     static                          
                     done   0x006f5c    program     static                          
             done_copying   0x006f46    program     static                          
                     jEnd   0x007176    program     static E:\3.46\pic18-lt\cxx-framework\src\traditional\stdclib\memcpy.asm
                    jLoop   0x00715a    program     static E:\3.46\pic18-lt\cxx-framework\src\traditional\stdclib\memcpy.asm
                     loop   0x0073fe    program     static                          
                   loop_h   0x0073dc    program     static E:\3.46\pic18-lt\cxx-framework\src\traditional\proc\p18f452.asm
                   loop_l   0x0073e6    program     static E:\3.46\pic18-lt\cxx-framework\src\traditional\proc\p18f452.asm
                     main   0x006bee    program     extern C:\Y4S1\Micro P\Take 2\L02_814005504\code_lab2_4.c
                   memcpy   0x007132    program     extern E:\3.46\pic18-lt\cxx-framework\src\traditional\stdclib\memcpy.asm
           pcQueueGetName   0x0058ea    program     extern C:\Y4S1\Micro P\FreeRTOS\FreeRTOSv10.2.1\FreeRTOS\Source\queue.c
            pcTaskGetName   0x001650    program     extern C:\Y4S1\Micro P\FreeRTOS\FreeRTOSv10.2.1\FreeRTOS\Source\tasks.c
prvAddCurrentTaskToDelayedList   0x00368c    program     static C:\Y4S1\Micro P\FreeRTOS\FreeRTOSv10.2.1\FreeRTOS\Source\tasks.c
 prvAddNewTaskToReadyList   0x00054a    program     static C:\Y4S1\Micro P\FreeRTOS\FreeRTOSv10.2.1\FreeRTOS\Source\tasks.c
prvCheckTasksWaitingTermination   0x002300    program     static C:\Y4S1\Micro P\FreeRTOS\FreeRTOSv10.2.1\FreeRTOS\Source\tasks.c
     prvCopyDataFromQueue   0x0053d2    program     static C:\Y4S1\Micro P\FreeRTOS\FreeRTOSv10.2.1\FreeRTOS\Source\queue.c
       prvCopyDataToQueue   0x0050a6    program     static C:\Y4S1\Micro P\FreeRTOS\FreeRTOSv10.2.1\FreeRTOS\Source\queue.c
             prvDeleteTCB   0x002390    program     static C:\Y4S1\Micro P\FreeRTOS\FreeRTOSv10.2.1\FreeRTOS\Source\tasks.c
prvGetDisinheritPriorityAfterTimeout   0x005030    program     static C:\Y4S1\Micro P\FreeRTOS\FreeRTOSv10.2.1\FreeRTOS\Source\queue.c
              prvIdleTask   0x0020a4    program     static C:\Y4S1\Micro P\FreeRTOS\FreeRTOSv10.2.1\FreeRTOS\Source\tasks.c
       prvInitialiseMutex   0x003bce    program     static C:\Y4S1\Micro P\FreeRTOS\FreeRTOSv10.2.1\FreeRTOS\Source\queue.c
    prvInitialiseNewQueue   0x003b32    program     static C:\Y4S1\Micro P\FreeRTOS\FreeRTOSv10.2.1\FreeRTOS\Source\queue.c
     prvInitialiseNewTask   0x0001a8    program     static C:\Y4S1\Micro P\FreeRTOS\FreeRTOSv10.2.1\FreeRTOS\Source\tasks.c
   prvInitialiseTaskLists   0x00224e    program     static C:\Y4S1\Micro P\FreeRTOS\FreeRTOSv10.2.1\FreeRTOS\Source\tasks.c
          prvIsQueueEmpty   0x0056c2    program     static C:\Y4S1\Micro P\FreeRTOS\FreeRTOSv10.2.1\FreeRTOS\Source\queue.c
           prvIsQueueFull   0x005774    program     static C:\Y4S1\Micro P\FreeRTOS\FreeRTOSv10.2.1\FreeRTOS\Source\queue.c
          prvLowInterrupt   0x000008    program     static C:\Y4S1\Micro P\FreeRTOS\FreeRTOSv10.2.1\FreeRTOS\Source\portable\MPLAB\PIC18F\port.c
prvResetNextTaskUnblockTime   0x0023e4    program     static C:\Y4S1\Micro P\FreeRTOS\FreeRTOSv10.2.1\FreeRTOS\Source\tasks.c
   prvSetupTimerInterrupt   0x0062f6    program     static C:\Y4S1\Micro P\FreeRTOS\FreeRTOSv10.2.1\FreeRTOS\Source\portable\MPLAB\PIC18F\port.c
   prvTaskIsTaskSuspended   0x000f7c    program     static C:\Y4S1\Micro P\FreeRTOS\FreeRTOSv10.2.1\FreeRTOS\Source\tasks.c
               prvTickISR   0x006138    program     static C:\Y4S1\Micro P\FreeRTOS\FreeRTOSv10.2.1\FreeRTOS\Source\portable\MPLAB\PIC18F\port.c
           prvUnlockQueue   0x005530    program     static C:\Y4S1\Micro P\FreeRTOS\FreeRTOSv10.2.1\FreeRTOS\Source\queue.c
                putrsXLCD   0x006f5e    program     extern C:\Y4S1\Micro P\Take 2\L02_814005504\lcd_A\putrxlcd.c
                 putsXLCD   0x007188    program     extern C:\Y4S1\Micro P\Take 2\L02_814005504\lcd_A\putsxlcd.c
             pvPortMalloc   0x006cea    program     extern C:\Y4S1\Micro P\FreeRTOS\FreeRTOSv10.2.1\FreeRTOS\Source\portable\MemMang\heap_1.c
pvTaskGetThreadLocalStoragePointer   0x002174    program     extern C:\Y4S1\Micro P\FreeRTOS\FreeRTOSv10.2.1\FreeRTOS\Source\tasks.c
pvTaskIncrementMutexHeldCount   0x002bd6    program     extern C:\Y4S1\Micro P\FreeRTOS\FreeRTOSv10.2.1\FreeRTOS\Source\tasks.c
    pxPortInitialiseStack   0x005a2a    program     extern C:\Y4S1\Micro P\FreeRTOS\FreeRTOSv10.2.1\FreeRTOS\Source\portable\MPLAB\PIC18F\port.c
                    setup   0x006a1c    program     extern C:\Y4S1\Micro P\Take 2\L02_814005504\code_lab2_4.c
                     test   0x006eda    program     static                          
         ulTaskNotifyTake   0x002bfa    program     extern C:\Y4S1\Micro P\FreeRTOS\FreeRTOSv10.2.1\FreeRTOS\Source\tasks.c
             uxListRemove   0x0067a4    program     extern C:\Y4S1\Micro P\FreeRTOS\FreeRTOSv10.2.1\FreeRTOS\Source\list.c
   uxQueueMessagesWaiting   0x004ebe    program     extern C:\Y4S1\Micro P\FreeRTOS\FreeRTOSv10.2.1\FreeRTOS\Source\queue.c
uxQueueMessagesWaitingFromISR   0x004f88    program     extern C:\Y4S1\Micro P\FreeRTOS\FreeRTOSv10.2.1\FreeRTOS\Source\queue.c
   uxQueueSpacesAvailable   0x004f06    program     extern C:\Y4S1\Micro P\FreeRTOS\FreeRTOSv10.2.1\FreeRTOS\Source\queue.c
   uxTaskGetNumberOfTasks   0x00164a    program     extern C:\Y4S1\Micro P\FreeRTOS\FreeRTOSv10.2.1\FreeRTOS\Source\tasks.c
        uxTaskPriorityGet   0x0009fa    program     extern C:\Y4S1\Micro P\FreeRTOS\FreeRTOSv10.2.1\FreeRTOS\Source\tasks.c
 uxTaskPriorityGetFromISR   0x000a7a    program     extern C:\Y4S1\Micro P\FreeRTOS\FreeRTOSv10.2.1\FreeRTOS\Source\tasks.c
uxTaskResetEventItemValue   0x002b58    program     extern C:\Y4S1\Micro P\FreeRTOS\FreeRTOSv10.2.1\FreeRTOS\Source\tasks.c
          vListInitialise   0x0063c4    program     extern C:\Y4S1\Micro P\FreeRTOS\FreeRTOSv10.2.1\FreeRTOS\Source\list.c
      vListInitialiseItem   0x0064b8    program     extern C:\Y4S1\Micro P\FreeRTOS\FreeRTOSv10.2.1\FreeRTOS\Source\list.c
              vListInsert   0x0065e8    program     extern C:\Y4S1\Micro P\FreeRTOS\FreeRTOSv10.2.1\FreeRTOS\Source\list.c
           vListInsertEnd   0x0064e8    program     extern C:\Y4S1\Micro P\FreeRTOS\FreeRTOSv10.2.1\FreeRTOS\Source\list.c
        vPortEndScheduler   0x005f82    program     extern C:\Y4S1\Micro P\FreeRTOS\FreeRTOSv10.2.1\FreeRTOS\Source\portable\MPLAB\PIC18F\port.c
                vPortFree   0x006dae    program     extern C:\Y4S1\Micro P\FreeRTOS\FreeRTOSv10.2.1\FreeRTOS\Source\portable\MemMang\heap_1.c
    vPortInitialiseBlocks   0x006dc2    program     extern C:\Y4S1\Micro P\FreeRTOS\FreeRTOSv10.2.1\FreeRTOS\Source\portable\MemMang\heap_1.c
               vPortYield   0x005f84    program     extern C:\Y4S1\Micro P\FreeRTOS\FreeRTOSv10.2.1\FreeRTOS\Source\portable\MPLAB\PIC18F\port.c
      vQueueAddToRegistry   0x00585a    program     extern C:\Y4S1\Micro P\FreeRTOS\FreeRTOSv10.2.1\FreeRTOS\Source\queue.c
             vQueueDelete   0x004fe2    program     extern C:\Y4S1\Micro P\FreeRTOS\FreeRTOSv10.2.1\FreeRTOS\Source\queue.c
    vQueueUnregisterQueue   0x005990    program     extern C:\Y4S1\Micro P\FreeRTOS\FreeRTOSv10.2.1\FreeRTOS\Source\queue.c
             vSerialRxISR   0x0068ee    program     extern C:\Y4S1\Micro P\Take 2\L02_814005504\code_lab2_4.c
             vSerialTxISR   0x0068ec    program     extern C:\Y4S1\Micro P\Take 2\L02_814005504\code_lab2_4.c
               vTaskDelay   0x000996    program     extern C:\Y4S1\Micro P\FreeRTOS\FreeRTOSv10.2.1\FreeRTOS\Source\tasks.c
          vTaskDelayUntil   0x000810    program     extern C:\Y4S1\Micro P\FreeRTOS\FreeRTOSv10.2.1\FreeRTOS\Source\tasks.c
              vTaskDelete   0x0006ac    program     extern C:\Y4S1\Micro P\FreeRTOS\FreeRTOSv10.2.1\FreeRTOS\Source\tasks.c
        vTaskEndScheduler   0x0013be    program     extern C:\Y4S1\Micro P\FreeRTOS\FreeRTOSv10.2.1\FreeRTOS\Source\tasks.c
vTaskInternalSetTimeOutState   0x001efc    program     extern C:\Y4S1\Micro P\FreeRTOS\FreeRTOSv10.2.1\FreeRTOS\Source\tasks.c
         vTaskMissedYield   0x00209c    program     extern C:\Y4S1\Micro P\FreeRTOS\FreeRTOSv10.2.1\FreeRTOS\Source\tasks.c
   vTaskNotifyGiveFromISR   0x003432    program     extern C:\Y4S1\Micro P\FreeRTOS\FreeRTOSv10.2.1\FreeRTOS\Source\tasks.c
    vTaskPlaceOnEventList   0x001aae    program     extern C:\Y4S1\Micro P\FreeRTOS\FreeRTOSv10.2.1\FreeRTOS\Source\tasks.c
vTaskPlaceOnUnorderedEventList   0x001b1c    program     extern C:\Y4S1\Micro P\FreeRTOS\FreeRTOSv10.2.1\FreeRTOS\Source\tasks.c
vTaskPriorityDisinheritAfterTimeout   0x002900    program     extern C:\Y4S1\Micro P\FreeRTOS\FreeRTOSv10.2.1\FreeRTOS\Source\tasks.c
         vTaskPrioritySet   0x000afa    program     extern C:\Y4S1\Micro P\FreeRTOS\FreeRTOSv10.2.1\FreeRTOS\Source\tasks.c
vTaskRemoveFromUnorderedEventList   0x001d58    program     extern C:\Y4S1\Micro P\FreeRTOS\FreeRTOSv10.2.1\FreeRTOS\Source\tasks.c
              vTaskResume   0x001062    program     extern C:\Y4S1\Micro P\FreeRTOS\FreeRTOSv10.2.1\FreeRTOS\Source\tasks.c
vTaskSetThreadLocalStoragePointer   0x0020c4    program     extern C:\Y4S1\Micro P\FreeRTOS\FreeRTOSv10.2.1\FreeRTOS\Source\tasks.c
     vTaskSetTimeOutState   0x001eae    program     extern C:\Y4S1\Micro P\FreeRTOS\FreeRTOSv10.2.1\FreeRTOS\Source\tasks.c
      vTaskStartScheduler   0x001344    program     extern C:\Y4S1\Micro P\FreeRTOS\FreeRTOSv10.2.1\FreeRTOS\Source\tasks.c
             vTaskSuspend   0x000dfa    program     extern C:\Y4S1\Micro P\FreeRTOS\FreeRTOSv10.2.1\FreeRTOS\Source\tasks.c
          vTaskSuspendAll   0x0013c8    program     extern C:\Y4S1\Micro P\FreeRTOS\FreeRTOSv10.2.1\FreeRTOS\Source\tasks.c
       vTaskSwitchContext   0x001952    program     extern C:\Y4S1\Micro P\FreeRTOS\FreeRTOSv10.2.1\FreeRTOS\Source\tasks.c
     xPortGetFreeHeapSize   0x006dca    program     extern C:\Y4S1\Micro P\FreeRTOS\FreeRTOSv10.2.1\FreeRTOS\Source\portable\MemMang\heap_1.c
      xPortStartScheduler   0x005ea0    program     extern C:\Y4S1\Micro P\FreeRTOS\FreeRTOSv10.2.1\FreeRTOS\Source\portable\MPLAB\PIC18F\port.c
xQueueCreateCountingSemaphore   0x003ce8    program     extern C:\Y4S1\Micro P\FreeRTOS\FreeRTOSv10.2.1\FreeRTOS\Source\queue.c
        xQueueCreateMutex   0x003c6a    program     extern C:\Y4S1\Micro P\FreeRTOS\FreeRTOSv10.2.1\FreeRTOS\Source\queue.c
      xQueueGenericCreate   0x003a1e    program     extern C:\Y4S1\Micro P\FreeRTOS\FreeRTOSv10.2.1\FreeRTOS\Source\queue.c
       xQueueGenericReset   0x00381c    program     extern C:\Y4S1\Micro P\FreeRTOS\FreeRTOSv10.2.1\FreeRTOS\Source\queue.c
        xQueueGenericSend   0x003d5c    program     extern C:\Y4S1\Micro P\FreeRTOS\FreeRTOSv10.2.1\FreeRTOS\Source\queue.c
 xQueueGenericSendFromISR   0x004022    program     extern C:\Y4S1\Micro P\FreeRTOS\FreeRTOSv10.2.1\FreeRTOS\Source\queue.c
        xQueueGiveFromISR   0x0041a2    program     extern C:\Y4S1\Micro P\FreeRTOS\FreeRTOSv10.2.1\FreeRTOS\Source\queue.c
xQueueIsQueueEmptyFromISR   0x005712    program     extern C:\Y4S1\Micro P\FreeRTOS\FreeRTOSv10.2.1\FreeRTOS\Source\queue.c
 xQueueIsQueueFullFromISR   0x0057de    program     extern C:\Y4S1\Micro P\FreeRTOS\FreeRTOSv10.2.1\FreeRTOS\Source\queue.c
               xQueuePeek   0x004964    program     extern C:\Y4S1\Micro P\FreeRTOS\FreeRTOSv10.2.1\FreeRTOS\Source\queue.c
        xQueuePeekFromISR   0x004dd4    program     extern C:\Y4S1\Micro P\FreeRTOS\FreeRTOSv10.2.1\FreeRTOS\Source\queue.c
            xQueueReceive   0x004314    program     extern C:\Y4S1\Micro P\FreeRTOS\FreeRTOSv10.2.1\FreeRTOS\Source\queue.c
     xQueueReceiveFromISR   0x004c5c    program     extern C:\Y4S1\Micro P\FreeRTOS\FreeRTOSv10.2.1\FreeRTOS\Source\queue.c
      xQueueSemaphoreTake   0x0045dc    program     extern C:\Y4S1\Micro P\FreeRTOS\FreeRTOSv10.2.1\FreeRTOS\Source\queue.c
     xTaskCheckForTimeOut   0x001f3e    program     extern C:\Y4S1\Micro P\FreeRTOS\FreeRTOSv10.2.1\FreeRTOS\Source\tasks.c
              xTaskCreate   0x000054    program     extern C:\Y4S1\Micro P\FreeRTOS\FreeRTOSv10.2.1\FreeRTOS\Source\tasks.c
       xTaskGenericNotify   0x002f24    program     extern C:\Y4S1\Micro P\FreeRTOS\FreeRTOSv10.2.1\FreeRTOS\Source\tasks.c
xTaskGenericNotifyFromISR   0x0031a0    program     extern C:\Y4S1\Micro P\FreeRTOS\FreeRTOSv10.2.1\FreeRTOS\Source\tasks.c
xTaskGetCurrentTaskHandle   0x002470    program     extern C:\Y4S1\Micro P\FreeRTOS\FreeRTOSv10.2.1\FreeRTOS\Source\tasks.c
   xTaskGetSchedulerState   0x0024ac    program     extern C:\Y4S1\Micro P\FreeRTOS\FreeRTOSv10.2.1\FreeRTOS\Source\tasks.c
        xTaskGetTickCount   0x0015bc    program     extern C:\Y4S1\Micro P\FreeRTOS\FreeRTOSv10.2.1\FreeRTOS\Source\tasks.c
 xTaskGetTickCountFromISR   0x001606    program     extern C:\Y4S1\Micro P\FreeRTOS\FreeRTOSv10.2.1\FreeRTOS\Source\tasks.c
       xTaskIncrementTick   0x0016bc    program     extern C:\Y4S1\Micro P\FreeRTOS\FreeRTOSv10.2.1\FreeRTOS\Source\tasks.c
    xTaskNotifyStateClear   0x0035ea    program     extern C:\Y4S1\Micro P\FreeRTOS\FreeRTOSv10.2.1\FreeRTOS\Source\tasks.c
          xTaskNotifyWait   0x002d92    program     extern C:\Y4S1\Micro P\FreeRTOS\FreeRTOSv10.2.1\FreeRTOS\Source\tasks.c
  xTaskPriorityDisinherit   0x00273e    program     extern C:\Y4S1\Micro P\FreeRTOS\FreeRTOSv10.2.1\FreeRTOS\Source\tasks.c
     xTaskPriorityInherit   0x0024e4    program     extern C:\Y4S1\Micro P\FreeRTOS\FreeRTOSv10.2.1\FreeRTOS\Source\tasks.c
 xTaskRemoveFromEventList   0x001bb2    program     extern C:\Y4S1\Micro P\FreeRTOS\FreeRTOSv10.2.1\FreeRTOS\Source\tasks.c
           xTaskResumeAll   0x0013ce    program     extern C:\Y4S1\Micro P\FreeRTOS\FreeRTOSv10.2.1\FreeRTOS\Source\tasks.c
       xTaskResumeFromISR   0x0011b6    program     extern C:\Y4S1\Micro P\FreeRTOS\FreeRTOSv10.2.1\FreeRTOS\Source\tasks.c
               zero_block   0x0073dc    program     static E:\3.46\pic18-lt\cxx-framework\src\traditional\proc\p18f452.asm
                   ADCON0   0x000fc2       data     extern E:\3.46\pic18-lt\cxx-framework\src\traditional\proc\p18f452.asm
               ADCON0bits   0x000fc2       data     extern E:\3.46\pic18-lt\cxx-framework\src\traditional\proc\p18f452.asm
                   ADCON1   0x000fc1       data     extern E:\3.46\pic18-lt\cxx-framework\src\traditional\proc\p18f452.asm
               ADCON1bits   0x000fc1       data     extern E:\3.46\pic18-lt\cxx-framework\src\traditional\proc\p18f452.asm
                    ADRES   0x000fc3       data     extern E:\3.46\pic18-lt\cxx-framework\src\traditional\proc\p18f452.asm
                   ADRESH   0x000fc4       data     extern E:\3.46\pic18-lt\cxx-framework\src\traditional\proc\p18f452.asm
                   ADRESL   0x000fc3       data     extern E:\3.46\pic18-lt\cxx-framework\src\traditional\proc\p18f452.asm
                  BDirSem   0x00057e       data     extern C:\Y4S1\Micro P\Take 2\L02_814005504\code_lab2_4.c
                      BSR   0x000fe0       data     extern E:\3.46\pic18-lt\cxx-framework\src\traditional\proc\p18f452.asm
                  CCP1CON   0x000fbd       data     extern E:\3.46\pic18-lt\cxx-framework\src\traditional\proc\p18f452.asm
              CCP1CONbits   0x000fbd       data     extern E:\3.46\pic18-lt\cxx-framework\src\traditional\proc\p18f452.asm
                  CCP2CON   0x000fba       data     extern E:\3.46\pic18-lt\cxx-framework\src\traditional\proc\p18f452.asm
              CCP2CONbits   0x000fba       data     extern E:\3.46\pic18-lt\cxx-framework\src\traditional\proc\p18f452.asm
                    CCPR1   0x000fbe       data     extern E:\3.46\pic18-lt\cxx-framework\src\traditional\proc\p18f452.asm
                   CCPR1H   0x000fbf       data     extern E:\3.46\pic18-lt\cxx-framework\src\traditional\proc\p18f452.asm
                   CCPR1L   0x000fbe       data     extern E:\3.46\pic18-lt\cxx-framework\src\traditional\proc\p18f452.asm
                    CCPR2   0x000fbb       data     extern E:\3.46\pic18-lt\cxx-framework\src\traditional\proc\p18f452.asm
                   CCPR2H   0x000fbc       data     extern E:\3.46\pic18-lt\cxx-framework\src\traditional\proc\p18f452.asm
                   CCPR2L   0x000fbb       data     extern E:\3.46\pic18-lt\cxx-framework\src\traditional\proc\p18f452.asm
                     DDRA   0x000f92       data     extern E:\3.46\pic18-lt\cxx-framework\src\traditional\proc\p18f452.asm
                 DDRAbits   0x000f92       data     extern E:\3.46\pic18-lt\cxx-framework\src\traditional\proc\p18f452.asm
                     DDRB   0x000f93       data     extern E:\3.46\pic18-lt\cxx-framework\src\traditional\proc\p18f452.asm
                 DDRBbits   0x000f93       data     extern E:\3.46\pic18-lt\cxx-framework\src\traditional\proc\p18f452.asm
                     DDRC   0x000f94       data     extern E:\3.46\pic18-lt\cxx-framework\src\traditional\proc\p18f452.asm
                 DDRCbits   0x000f94       data     extern E:\3.46\pic18-lt\cxx-framework\src\traditional\proc\p18f452.asm
                     DDRD   0x000f95       data     extern E:\3.46\pic18-lt\cxx-framework\src\traditional\proc\p18f452.asm
                 DDRDbits   0x000f95       data     extern E:\3.46\pic18-lt\cxx-framework\src\traditional\proc\p18f452.asm
                     DDRE   0x000f96       data     extern E:\3.46\pic18-lt\cxx-framework\src\traditional\proc\p18f452.asm
                 DDREbits   0x000f96       data     extern E:\3.46\pic18-lt\cxx-framework\src\traditional\proc\p18f452.asm
            DelayCounter1   0x000014       data     extern E:\3.46\pic18-lt\cxx-framework\src\traditional\delays\delayd1.asm
            DelayCounter2   0x000013       data     extern E:\3.46\pic18-lt\cxx-framework\src\traditional\delays\delayd2.asm
                    EEADR   0x000fa9       data     extern E:\3.46\pic18-lt\cxx-framework\src\traditional\proc\p18f452.asm
                   EECON1   0x000fa6       data     extern E:\3.46\pic18-lt\cxx-framework\src\traditional\proc\p18f452.asm
               EECON1bits   0x000fa6       data     extern E:\3.46\pic18-lt\cxx-framework\src\traditional\proc\p18f452.asm
                   EECON2   0x000fa7       data     extern E:\3.46\pic18-lt\cxx-framework\src\traditional\proc\p18f452.asm
                   EEDATA   0x000fa8       data     extern E:\3.46\pic18-lt\cxx-framework\src\traditional\proc\p18f452.asm
                  FDirSem   0x00057c       data     extern C:\Y4S1\Micro P\Take 2\L02_814005504\code_lab2_4.c
                     FSR0   0x000fe9       data     extern E:\3.46\pic18-lt\cxx-framework\src\traditional\proc\p18f452.asm
                    FSR0H   0x000fea       data     extern E:\3.46\pic18-lt\cxx-framework\src\traditional\proc\p18f452.asm
                    FSR0L   0x000fe9       data     extern E:\3.46\pic18-lt\cxx-framework\src\traditional\proc\p18f452.asm
                     FSR1   0x000fe1       data     extern E:\3.46\pic18-lt\cxx-framework\src\traditional\proc\p18f452.asm
                    FSR1H   0x000fe2       data     extern E:\3.46\pic18-lt\cxx-framework\src\traditional\proc\p18f452.asm
                    FSR1L   0x000fe1       data     extern E:\3.46\pic18-lt\cxx-framework\src\traditional\proc\p18f452.asm
                     FSR2   0x000fd9       data     extern E:\3.46\pic18-lt\cxx-framework\src\traditional\proc\p18f452.asm
                    FSR2H   0x000fda       data     extern E:\3.46\pic18-lt\cxx-framework\src\traditional\proc\p18f452.asm
                    FSR2L   0x000fd9       data     extern E:\3.46\pic18-lt\cxx-framework\src\traditional\proc\p18f452.asm
                    INDF0   0x000fef       data     extern E:\3.46\pic18-lt\cxx-framework\src\traditional\proc\p18f452.asm
                    INDF1   0x000fe7       data     extern E:\3.46\pic18-lt\cxx-framework\src\traditional\proc\p18f452.asm
                    INDF2   0x000fdf       data     extern E:\3.46\pic18-lt\cxx-framework\src\traditional\proc\p18f452.asm
                   INTCON   0x000ff2       data     extern E:\3.46\pic18-lt\cxx-framework\src\traditional\proc\p18f452.asm
                  INTCON1   0x000ff2       data     extern E:\3.46\pic18-lt\cxx-framework\src\traditional\proc\p18f452.asm
              INTCON1bits   0x000ff2       data     extern E:\3.46\pic18-lt\cxx-framework\src\traditional\proc\p18f452.asm
                  INTCON2   0x000ff1       data     extern E:\3.46\pic18-lt\cxx-framework\src\traditional\proc\p18f452.asm
              INTCON2bits   0x000ff1       data     extern E:\3.46\pic18-lt\cxx-framework\src\traditional\proc\p18f452.asm
                  INTCON3   0x000ff0       data     extern E:\3.46\pic18-lt\cxx-framework\src\traditional\proc\p18f452.asm
              INTCON3bits   0x000ff0       data     extern E:\3.46\pic18-lt\cxx-framework\src\traditional\proc\p18f452.asm
               INTCONbits   0x000ff2       data     extern E:\3.46\pic18-lt\cxx-framework\src\traditional\proc\p18f452.asm
                     IPR1   0x000f9f       data     extern E:\3.46\pic18-lt\cxx-framework\src\traditional\proc\p18f452.asm
                 IPR1bits   0x000f9f       data     extern E:\3.46\pic18-lt\cxx-framework\src\traditional\proc\p18f452.asm
                     IPR2   0x000fa2       data     extern E:\3.46\pic18-lt\cxx-framework\src\traditional\proc\p18f452.asm
                 IPR2bits   0x000fa2       data     extern E:\3.46\pic18-lt\cxx-framework\src\traditional\proc\p18f452.asm
                     LATA   0x000f89       data     extern E:\3.46\pic18-lt\cxx-framework\src\traditional\proc\p18f452.asm
                 LATAbits   0x000f89       data     extern E:\3.46\pic18-lt\cxx-framework\src\traditional\proc\p18f452.asm
                     LATB   0x000f8a       data     extern E:\3.46\pic18-lt\cxx-framework\src\traditional\proc\p18f452.asm
                 LATBbits   0x000f8a       data     extern E:\3.46\pic18-lt\cxx-framework\src\traditional\proc\p18f452.asm
                     LATC   0x000f8b       data     extern E:\3.46\pic18-lt\cxx-framework\src\traditional\proc\p18f452.asm
                 LATCbits   0x000f8b       data     extern E:\3.46\pic18-lt\cxx-framework\src\traditional\proc\p18f452.asm
                     LATD   0x000f8c       data     extern E:\3.46\pic18-lt\cxx-framework\src\traditional\proc\p18f452.asm
                 LATDbits   0x000f8c       data     extern E:\3.46\pic18-lt\cxx-framework\src\traditional\proc\p18f452.asm
                     LATE   0x000f8d       data     extern E:\3.46\pic18-lt\cxx-framework\src\traditional\proc\p18f452.asm
                 LATEbits   0x000f8d       data     extern E:\3.46\pic18-lt\cxx-framework\src\traditional\proc\p18f452.asm
                   LCDSem   0x000578       data     extern C:\Y4S1\Micro P\Take 2\L02_814005504\code_lab2_4.c
                   LVDCON   0x000fd2       data     extern E:\3.46\pic18-lt\cxx-framework\src\traditional\proc\p18f452.asm
               LVDCONbits   0x000fd2       data     extern E:\3.46\pic18-lt\cxx-framework\src\traditional\proc\p18f452.asm
                   OSCCON   0x000fd3       data     extern E:\3.46\pic18-lt\cxx-framework\src\traditional\proc\p18f452.asm
               OSCCONbits   0x000fd3       data     extern E:\3.46\pic18-lt\cxx-framework\src\traditional\proc\p18f452.asm
                       PC   0x000ff9       data     extern E:\3.46\pic18-lt\cxx-framework\src\traditional\proc\p18f452.asm
                      PCL   0x000ff9       data     extern E:\3.46\pic18-lt\cxx-framework\src\traditional\proc\p18f452.asm
                   PCLATH   0x000ffa       data     extern E:\3.46\pic18-lt\cxx-framework\src\traditional\proc\p18f452.asm
                   PCLATU   0x000ffb       data     extern E:\3.46\pic18-lt\cxx-framework\src\traditional\proc\p18f452.asm
                     PIE1   0x000f9d       data     extern E:\3.46\pic18-lt\cxx-framework\src\traditional\proc\p18f452.asm
                 PIE1bits   0x000f9d       data     extern E:\3.46\pic18-lt\cxx-framework\src\traditional\proc\p18f452.asm
                     PIE2   0x000fa0       data     extern E:\3.46\pic18-lt\cxx-framework\src\traditional\proc\p18f452.asm
                 PIE2bits   0x000fa0       data     extern E:\3.46\pic18-lt\cxx-framework\src\traditional\proc\p18f452.asm
                     PIR1   0x000f9e       data     extern E:\3.46\pic18-lt\cxx-framework\src\traditional\proc\p18f452.asm
                 PIR1bits   0x000f9e       data     extern E:\3.46\pic18-lt\cxx-framework\src\traditional\proc\p18f452.asm
                     PIR2   0x000fa1       data     extern E:\3.46\pic18-lt\cxx-framework\src\traditional\proc\p18f452.asm
                 PIR2bits   0x000fa1       data     extern E:\3.46\pic18-lt\cxx-framework\src\traditional\proc\p18f452.asm
                   PLUSW0   0x000feb       data     extern E:\3.46\pic18-lt\cxx-framework\src\traditional\proc\p18f452.asm
                   PLUSW1   0x000fe3       data     extern E:\3.46\pic18-lt\cxx-framework\src\traditional\proc\p18f452.asm
                   PLUSW2   0x000fdb       data     extern E:\3.46\pic18-lt\cxx-framework\src\traditional\proc\p18f452.asm
                    PORTA   0x000f80       data     extern E:\3.46\pic18-lt\cxx-framework\src\traditional\proc\p18f452.asm
                PORTAbits   0x000f80       data     extern E:\3.46\pic18-lt\cxx-framework\src\traditional\proc\p18f452.asm
                    PORTB   0x000f81       data     extern E:\3.46\pic18-lt\cxx-framework\src\traditional\proc\p18f452.asm
                PORTBbits   0x000f81       data     extern E:\3.46\pic18-lt\cxx-framework\src\traditional\proc\p18f452.asm
                    PORTC   0x000f82       data     extern E:\3.46\pic18-lt\cxx-framework\src\traditional\proc\p18f452.asm
                PORTCbits   0x000f82       data     extern E:\3.46\pic18-lt\cxx-framework\src\traditional\proc\p18f452.asm
                    PORTD   0x000f83       data     extern E:\3.46\pic18-lt\cxx-framework\src\traditional\proc\p18f452.asm
                PORTDbits   0x000f83       data     extern E:\3.46\pic18-lt\cxx-framework\src\traditional\proc\p18f452.asm
                    PORTE   0x000f84       data     extern E:\3.46\pic18-lt\cxx-framework\src\traditional\proc\p18f452.asm
                PORTEbits   0x000f84       data     extern E:\3.46\pic18-lt\cxx-framework\src\traditional\proc\p18f452.asm
                 POSTDEC0   0x000fed       data     extern E:\3.46\pic18-lt\cxx-framework\src\traditional\proc\p18f452.asm
                 POSTDEC1   0x000fe5       data     extern E:\3.46\pic18-lt\cxx-framework\src\traditional\proc\p18f452.asm
                 POSTDEC2   0x000fdd       data     extern E:\3.46\pic18-lt\cxx-framework\src\traditional\proc\p18f452.asm
                 POSTINC0   0x000fee       data     extern E:\3.46\pic18-lt\cxx-framework\src\traditional\proc\p18f452.asm
                 POSTINC1   0x000fe6       data     extern E:\3.46\pic18-lt\cxx-framework\src\traditional\proc\p18f452.asm
                 POSTINC2   0x000fde       data     extern E:\3.46\pic18-lt\cxx-framework\src\traditional\proc\p18f452.asm
                      PR2   0x000fcb       data     extern E:\3.46\pic18-lt\cxx-framework\src\traditional\proc\p18f452.asm
                  PREINC0   0x000fec       data     extern E:\3.46\pic18-lt\cxx-framework\src\traditional\proc\p18f452.asm
                  PREINC1   0x000fe4       data     extern E:\3.46\pic18-lt\cxx-framework\src\traditional\proc\p18f452.asm
                  PREINC2   0x000fdc       data     extern E:\3.46\pic18-lt\cxx-framework\src\traditional\proc\p18f452.asm
                     PROD   0x000ff3       data     extern E:\3.46\pic18-lt\cxx-framework\src\traditional\proc\p18f452.asm
                    PRODH   0x000ff4       data     extern E:\3.46\pic18-lt\cxx-framework\src\traditional\proc\p18f452.asm
                    PRODL   0x000ff3       data     extern E:\3.46\pic18-lt\cxx-framework\src\traditional\proc\p18f452.asm
                     RCON   0x000fd0       data     extern E:\3.46\pic18-lt\cxx-framework\src\traditional\proc\p18f452.asm
                 RCONbits   0x000fd0       data     extern E:\3.46\pic18-lt\cxx-framework\src\traditional\proc\p18f452.asm
                    RCREG   0x000fae       data     extern E:\3.46\pic18-lt\cxx-framework\src\traditional\proc\p18f452.asm
                    RCSTA   0x000fab       data     extern E:\3.46\pic18-lt\cxx-framework\src\traditional\proc\p18f452.asm
                RCSTAbits   0x000fab       data     extern E:\3.46\pic18-lt\cxx-framework\src\traditional\proc\p18f452.asm
                     SIGN   0x000009       data     extern E:\3.46\pic18-lt\cxx-framework\src\traditional\math\cmath18.asm
                    SPBRG   0x000faf       data     extern E:\3.46\pic18-lt\cxx-framework\src\traditional\proc\p18f452.asm
                   SSPADD   0x000fc8       data     extern E:\3.46\pic18-lt\cxx-framework\src\traditional\proc\p18f452.asm
                   SSPBUF   0x000fc9       data     extern E:\3.46\pic18-lt\cxx-framework\src\traditional\proc\p18f452.asm
                  SSPCON1   0x000fc6       data     extern E:\3.46\pic18-lt\cxx-framework\src\traditional\proc\p18f452.asm
              SSPCON1bits   0x000fc6       data     extern E:\3.46\pic18-lt\cxx-framework\src\traditional\proc\p18f452.asm
                  SSPCON2   0x000fc5       data     extern E:\3.46\pic18-lt\cxx-framework\src\traditional\proc\p18f452.asm
              SSPCON2bits   0x000fc5       data     extern E:\3.46\pic18-lt\cxx-framework\src\traditional\proc\p18f452.asm
                  SSPSTAT   0x000fc7       data     extern E:\3.46\pic18-lt\cxx-framework\src\traditional\proc\p18f452.asm
              SSPSTATbits   0x000fc7       data     extern E:\3.46\pic18-lt\cxx-framework\src\traditional\proc\p18f452.asm
                   STATUS   0x000fd8       data     extern E:\3.46\pic18-lt\cxx-framework\src\traditional\proc\p18f452.asm
               STATUSbits   0x000fd8       data     extern E:\3.46\pic18-lt\cxx-framework\src\traditional\proc\p18f452.asm
                   STKPTR   0x000ffc       data     extern E:\3.46\pic18-lt\cxx-framework\src\traditional\proc\p18f452.asm
               STKPTRbits   0x000ffc       data     extern E:\3.46\pic18-lt\cxx-framework\src\traditional\proc\p18f452.asm
                    T0CON   0x000fd5       data     extern E:\3.46\pic18-lt\cxx-framework\src\traditional\proc\p18f452.asm
                T0CONbits   0x000fd5       data     extern E:\3.46\pic18-lt\cxx-framework\src\traditional\proc\p18f452.asm
                    T1CON   0x000fcd       data     extern E:\3.46\pic18-lt\cxx-framework\src\traditional\proc\p18f452.asm
                T1CONbits   0x000fcd       data     extern E:\3.46\pic18-lt\cxx-framework\src\traditional\proc\p18f452.asm
                    T2CON   0x000fca       data     extern E:\3.46\pic18-lt\cxx-framework\src\traditional\proc\p18f452.asm
                T2CONbits   0x000fca       data     extern E:\3.46\pic18-lt\cxx-framework\src\traditional\proc\p18f452.asm
                    T3CON   0x000fb1       data     extern E:\3.46\pic18-lt\cxx-framework\src\traditional\proc\p18f452.asm
                T3CONbits   0x000fb1       data     extern E:\3.46\pic18-lt\cxx-framework\src\traditional\proc\p18f452.asm
                   TABLAT   0x000ff5       data     extern E:\3.46\pic18-lt\cxx-framework\src\traditional\proc\p18f452.asm
                   TBLPTR   0x000ff6       data     extern E:\3.46\pic18-lt\cxx-framework\src\traditional\proc\p18f452.asm
                  TBLPTRH   0x000ff7       data     extern E:\3.46\pic18-lt\cxx-framework\src\traditional\proc\p18f452.asm
                  TBLPTRL   0x000ff6       data     extern E:\3.46\pic18-lt\cxx-framework\src\traditional\proc\p18f452.asm
                  TBLPTRU   0x000ff8       data     extern E:\3.46\pic18-lt\cxx-framework\src\traditional\proc\p18f452.asm
                    TMR0H   0x000fd7       data     extern E:\3.46\pic18-lt\cxx-framework\src\traditional\proc\p18f452.asm
                    TMR0L   0x000fd6       data     extern E:\3.46\pic18-lt\cxx-framework\src\traditional\proc\p18f452.asm
                    TMR1H   0x000fcf       data     extern E:\3.46\pic18-lt\cxx-framework\src\traditional\proc\p18f452.asm
                    TMR1L   0x000fce       data     extern E:\3.46\pic18-lt\cxx-framework\src\traditional\proc\p18f452.asm
                     TMR2   0x000fcc       data     extern E:\3.46\pic18-lt\cxx-framework\src\traditional\proc\p18f452.asm
                    TMR3H   0x000fb3       data     extern E:\3.46\pic18-lt\cxx-framework\src\traditional\proc\p18f452.asm
                    TMR3L   0x000fb2       data     extern E:\3.46\pic18-lt\cxx-framework\src\traditional\proc\p18f452.asm
[...]
                    PORTD   0x000f83       data     extern E:\3.46\pic18-lt\cxx-framework\src\traditional\proc\p18f452.asm
                PORTDbits   0x000f83       data     extern E:\3.46\pic18-lt\cxx-framework\src\traditional\proc\p18f452.asm
                    PORTE   0x000f84       data     extern E:\3.46\pic18-lt\cxx-framework\src\traditional\proc\p18f452.asm
                PORTEbits   0x000f84       data     extern E:\3.46\pic18-lt\cxx-framework\src\traditional\proc\p18f452.asm
                     LATA   0x000f89       data     extern E:\3.46\pic18-lt\cxx-framework\src\traditional\proc\p18f452.asm
                 LATAbits   0x000f89       data     extern E:\3.46\pic18-lt\cxx-framework\src\traditional\proc\p18f452.asm
                     LATB   0x000f8a       data     extern E:\3.46\pic18-lt\cxx-framework\src\traditional\proc\p18f452.asm
                 LATBbits   0x000f8a       data     extern E:\3.46\pic18-lt\cxx-framework\src\traditional\proc\p18f452.asm
                     LATC   0x000f8b       data     extern E:\3.46\pic18-lt\cxx-framework\src\traditional\proc\p18f452.asm
                 LATCbits   0x000f8b       data     extern E:\3.46\pic18-lt\cxx-framework\src\traditional\proc\p18f452.asm
                 LATDbits   0x000f8c       data     extern E:\3.46\pic18-lt\cxx-framework\src\traditional\proc\p18f452.asm
                     LATD   0x000f8c       data     extern E:\3.46\pic18-lt\cxx-framework\src\traditional\proc\p18f452.asm
                 LATEbits   0x000f8d       data     extern E:\3.46\pic18-lt\cxx-framework\src\traditional\proc\p18f452.asm
                     LATE   0x000f8d       data     extern E:\3.46\pic18-lt\cxx-framework\src\traditional\proc\p18f452.asm
                TRISAbits   0x000f92       data     extern E:\3.46\pic18-lt\cxx-framework\src\traditional\proc\p18f452.asm
                    TRISA   0x000f92       data     extern E:\3.46\pic18-lt\cxx-framework\src\traditional\proc\p18f452.asm
                     DDRA   0x000f92       data     extern E:\3.46\pic18-lt\cxx-framework\src\traditional\proc\p18f452.asm
                 DDRAbits   0x000f92       data     extern E:\3.46\pic18-lt\cxx-framework\src\traditional\proc\p18f452.asm
                TRISBbits   0x000f93       data     extern E:\3.46\pic18-lt\cxx-framework\src\traditional\proc\p18f452.asm
                    TRISB   0x000f93       data     extern E:\3.46\pic18-lt\cxx-framework\src\traditional\proc\p18f452.asm
                     DDRB   0x000f93       data     extern E:\3.46\pic18-lt\cxx-framework\src\traditional\proc\p18f452.asm
                 DDRBbits   0x000f93       data     extern E:\3.46\pic18-lt\cxx-framework\src\traditional\proc\p18f452.asm
                TRISCbits   0x000f94       data     extern E:\3.46\pic18-lt\cxx-framework\src\traditional\proc\p18f452.asm
                    TRISC   0x000f94       data     extern E:\3.46\pic18-lt\cxx-framework\src\traditional\proc\p18f452.asm
                     DDRC   0x000f94       data     extern E:\3.46\pic18-lt\cxx-framework\src\traditional\proc\p18f452.asm
                 DDRCbits   0x000f94       data     extern E:\3.46\pic18-lt\cxx-framework\src\traditional\proc\p18f452.asm
                 DDRDbits   0x000f95       data     extern E:\3.46\pic18-lt\cxx-framework\src\traditional\proc\p18f452.asm
                     DDRD   0x000f95       data     extern E:\3.46\pic18-lt\cxx-framework\src\traditional\proc\p18f452.asm
                    TRISD   0x000f95       data     extern E:\3.46\pic18-lt\cxx-framework\src\traditional\proc\p18f452.asm
                TRISDbits   0x000f95       data     extern E:\3.46\pic18-lt\cxx-framework\src\traditional\proc\p18f452.asm
                TRISEbits   0x000f96       data     extern E:\3.46\pic18-lt\cxx-framework\src\traditional\proc\p18f452.asm
                    TRISE   0x000f96       data     extern E:\3.46\pic18-lt\cxx-framework\src\traditional\proc\p18f452.asm
                 DDREbits   0x000f96       data     extern E:\3.46\pic18-lt\cxx-framework\src\traditional\proc\p18f452.asm
                     DDRE   0x000f96       data     extern E:\3.46\pic18-lt\cxx-framework\src\traditional\proc\p18f452.asm
                     PIE1   0x000f9d       data     extern E:\3.46\pic18-lt\cxx-framework\src\traditional\proc\p18f452.asm
                 PIE1bits   0x000f9d       data     extern E:\3.46\pic18-lt\cxx-framework\src\traditional\proc\p18f452.asm
                 PIR1bits   0x000f9e       data     extern E:\3.46\pic18-lt\cxx-framework\src\traditional\proc\p18f452.asm
                     PIR1   0x000f9e       data     extern E:\3.46\pic18-lt\cxx-framework\src\traditional\proc\p18f452.asm
                 IPR1bits   0x000f9f       data     extern E:\3.46\pic18-lt\cxx-framework\src\traditional\proc\p18f452.asm
                     IPR1   0x000f9f       data     extern E:\3.46\pic18-lt\cxx-framework\src\traditional\proc\p18f452.asm
                     PIE2   0x000fa0       data     extern E:\3.46\pic18-lt\cxx-framework\src\traditional\proc\p18f452.asm
                 PIE2bits   0x000fa0       data     extern E:\3.46\pic18-lt\cxx-framework\src\traditional\proc\p18f452.asm
                     PIR2   0x000fa1       data     extern E:\3.46\pic18-lt\cxx-framework\src\traditional\proc\p18f452.asm
                 PIR2bits   0x000fa1       data     extern E:\3.46\pic18-lt\cxx-framework\src\traditional\proc\p18f452.asm
                     IPR2   0x000fa2       data     extern E:\3.46\pic18-lt\cxx-framework\src\traditional\proc\p18f452.asm
                 IPR2bits   0x000fa2       data     extern E:\3.46\pic18-lt\cxx-framework\src\traditional\proc\p18f452.asm
                   EECON1   0x000fa6       data     extern E:\3.46\pic18-lt\cxx-framework\src\traditional\proc\p18f452.asm
               EECON1bits   0x000fa6       data     extern E:\3.46\pic18-lt\cxx-framework\src\traditional\proc\p18f452.asm
                   EECON2   0x000fa7       data     extern E:\3.46\pic18-lt\cxx-framework\src\traditional\proc\p18f452.asm
                   EEDATA   0x000fa8       data     extern E:\3.46\pic18-lt\cxx-framework\src\traditional\proc\p18f452.asm
                    EEADR   0x000fa9       data     extern E:\3.46\pic18-lt\cxx-framework\src\traditional\proc\p18f452.asm
                    RCSTA   0x000fab       data     extern E:\3.46\pic18-lt\cxx-framework\src\traditional\proc\p18f452.asm
                RCSTAbits   0x000fab       data     extern E:\3.46\pic18-lt\cxx-framework\src\traditional\proc\p18f452.asm
                TXSTAbits   0x000fac       data     extern E:\3.46\pic18-lt\cxx-framework\src\traditional\proc\p18f452.asm
                    TXSTA   0x000fac       data     extern E:\3.46\pic18-lt\cxx-framework\src\traditional\proc\p18f452.asm
                    TXREG   0x000fad       data     extern E:\3.46\pic18-lt\cxx-framework\src\traditional\proc\p18f452.asm
                    RCREG   0x000fae       data     extern E:\3.46\pic18-lt\cxx-framework\src\traditional\proc\p18f452.asm
                    SPBRG   0x000faf       data     extern E:\3.46\pic18-lt\cxx-framework\src\traditional\proc\p18f452.asm
                T3CONbits   0x000fb1       data     extern E:\3.46\pic18-lt\cxx-framework\src\traditional\proc\p18f452.asm
                    T3CON   0x000fb1       data     extern E:\3.46\pic18-lt\cxx-framework\src\traditional\proc\p18f452.asm
                    TMR3L   0x000fb2       data     extern E:\3.46\pic18-lt\cxx-framework\src\traditional\proc\p18f452.asm
                    TMR3H   0x000fb3       data     extern E:\3.46\pic18-lt\cxx-framework\src\traditional\proc\p18f452.asm
                  CCP2CON   0x000fba       data     extern E:\3.46\pic18-lt\cxx-framework\src\traditional\proc\p18f452.asm
              CCP2CONbits   0x000fba       data     extern E:\3.46\pic18-lt\cxx-framework\src\traditional\proc\p18f452.asm
                    CCPR2   0x000fbb       data     extern E:\3.46\pic18-lt\cxx-framework\src\traditional\proc\p18f452.asm
                   CCPR2L   0x000fbb       data     extern E:\3.46\pic18-lt\cxx-framework\src\traditional\proc\p18f452.asm
                   CCPR2H   0x000fbc       data     extern E:\3.46\pic18-lt\cxx-framework\src\traditional\proc\p18f452.asm
                  CCP1CON   0x000fbd       data     extern E:\3.46\pic18-lt\cxx-framework\src\traditional\proc\p18f452.asm
              CCP1CONbits   0x000fbd       data     extern E:\3.46\pic18-lt\cxx-framework\src\traditional\proc\p18f452.asm
                    CCPR1   0x000fbe       data     extern E:\3.46\pic18-lt\cxx-framework\src\traditional\proc\p18f452.asm
                   CCPR1L   0x000fbe       data     extern E:\3.46\pic18-lt\cxx-framework\src\traditional\proc\p18f452.asm
                   CCPR1H   0x000fbf       data     extern E:\3.46\pic18-lt\cxx-framework\src\traditional\proc\p18f452.asm
                   ADCON1   0x000fc1       data     extern E:\3.46\pic18-lt\cxx-framework\src\traditional\proc\p18f452.asm
               ADCON1bits   0x000fc1       data     extern E:\3.46\pic18-lt\cxx-framework\src\traditional\proc\p18f452.asm
                   ADCON0   0x000fc2       data     extern E:\3.46\pic18-lt\cxx-framework\src\traditional\proc\p18f452.asm
               ADCON0bits   0x000fc2       data     extern E:\3.46\pic18-lt\cxx-framework\src\traditional\proc\p18f452.asm
                    ADRES   0x000fc3       data     extern E:\3.46\pic18-lt\cxx-framework\src\traditional\proc\p18f452.asm
                   ADRESL   0x000fc3       data     extern E:\3.46\pic18-lt\cxx-framework\src\traditional\proc\p18f452.asm
                   ADRESH   0x000fc4       data     extern E:\3.46\pic18-lt\cxx-framework\src\traditional\proc\p18f452.asm
                  SSPCON2   0x000fc5       data     extern E:\3.46\pic18-lt\cxx-framework\src\traditional\proc\p18f452.asm
              SSPCON2bits   0x000fc5       data     extern E:\3.46\pic18-lt\cxx-framework\src\traditional\proc\p18f452.asm
                  SSPCON1   0x000fc6       data     extern E:\3.46\pic18-lt\cxx-framework\src\traditional\proc\p18f452.asm
              SSPCON1bits   0x000fc6       data     extern E:\3.46\pic18-lt\cxx-framework\src\traditional\proc\p18f452.asm
                  SSPSTAT   0x000fc7       data     extern E:\3.46\pic18-lt\cxx-framework\src\traditional\proc\p18f452.asm
              SSPSTATbits   0x000fc7       data     extern E:\3.46\pic18-lt\cxx-framework\src\traditional\proc\p18f452.asm
                   SSPADD   0x000fc8       data     extern E:\3.46\pic18-lt\cxx-framework\src\traditional\proc\p18f452.asm
                   SSPBUF   0x000fc9       data     extern E:\3.46\pic18-lt\cxx-framework\src\traditional\proc\p18f452.asm
                    T2CON   0x000fca       data     extern E:\3.46\pic18-lt\cxx-framework\src\traditional\proc\p18f452.asm
                T2CONbits   0x000fca       data     extern E:\3.46\pic18-lt\cxx-framework\src\traditional\proc\p18f452.asm
                      PR2   0x000fcb       data     extern E:\3.46\pic18-lt\cxx-framework\src\traditional\proc\p18f452.asm
                     TMR2   0x000fcc       data     extern E:\3.46\pic18-lt\cxx-framework\src\traditional\proc\p18f452.asm
                T1CONbits   0x000fcd       data     extern E:\3.46\pic18-lt\cxx-framework\src\traditional\proc\p18f452.asm
                    T1CON   0x000fcd       data     extern E:\3.46\pic18-lt\cxx-framework\src\traditional\proc\p18f452.asm
                    TMR1L   0x000fce       data     extern E:\3.46\pic18-lt\cxx-framework\src\traditional\proc\p18f452.asm
                    TMR1H   0x000fcf       data     extern E:\3.46\pic18-lt\cxx-framework\src\traditional\proc\p18f452.asm
                     RCON   0x000fd0       data     extern E:\3.46\pic18-lt\cxx-framework\src\traditional\proc\p18f452.asm
                 RCONbits   0x000fd0       data     extern E:\3.46\pic18-lt\cxx-framework\src\traditional\proc\p18f452.asm
               WDTCONbits   0x000fd1       data     extern E:\3.46\pic18-lt\cxx-framework\src\traditional\proc\p18f452.asm
                   WDTCON   0x000fd1       data     extern E:\3.46\pic18-lt\cxx-framework\src\traditional\proc\p18f452.asm
               LVDCONbits   0x000fd2       data     extern E:\3.46\pic18-lt\cxx-framework\src\traditional\proc\p18f452.asm
                   LVDCON   0x000fd2       data     extern E:\3.46\pic18-lt\cxx-framework\src\traditional\proc\p18f452.asm
               OSCCONbits   0x000fd3       data     extern E:\3.46\pic18-lt\cxx-framework\src\traditional\proc\p18f452.asm
                   OSCCON   0x000fd3       data     extern E:\3.46\pic18-lt\cxx-framework\src\traditional\proc\p18f452.asm
                    T0CON   0x000fd5       data     extern E:\3.46\pic18-lt\cxx-framework\src\traditional\proc\p18f452.asm
                T0CONbits   0x000fd5       data     extern E:\3.46\pic18-lt\cxx-framework\src\traditional\proc\p18f452.asm
                    TMR0L   0x000fd6       data     extern E:\3.46\pic18-lt\cxx-framework\src\traditional\proc\p18f452.asm
                    TMR0H   0x000fd7       data     extern E:\3.46\pic18-lt\cxx-framework\src\traditional\proc\p18f452.asm
               STATUSbits   0x000fd8       data     extern E:\3.46\pic18-lt\cxx-framework\src\traditional\proc\p18f452.asm
                   STATUS   0x000fd8       data     extern E:\3.46\pic18-lt\cxx-framework\src\traditional\proc\p18f452.asm
                    FSR2L   0x000fd9       data     extern E:\3.46\pic18-lt\cxx-framework\src\traditional\proc\p18f452.asm
                     FSR2   0x000fd9       data     extern E:\3.46\pic18-lt\cxx-framework\src\traditional\proc\p18f452.asm
                    FSR2H   0x000fda       data     extern E:\3.46\pic18-lt\cxx-framework\src\traditional\proc\p18f452.asm
                   PLUSW2   0x000fdb       data     extern E:\3.46\pic18-lt\cxx-framework\src\traditional\proc\p18f452.asm
                  PREINC2   0x000fdc       data     extern E:\3.46\pic18-lt\cxx-framework\src\traditional\proc\p18f452.asm
                 POSTDEC2   0x000fdd       data     extern E:\3.46\pic18-lt\cxx-framework\src\traditional\proc\p18f452.asm
                 POSTINC2   0x000fde       data     extern E:\3.46\pic18-lt\cxx-framework\src\traditional\proc\p18f452.asm
                    INDF2   0x000fdf       data     extern E:\3.46\pic18-lt\cxx-framework\src\traditional\proc\p18f452.asm
                      BSR   0x000fe0       data     extern E:\3.46\pic18-lt\cxx-framework\src\traditional\proc\p18f452.asm
                    FSR1L   0x000fe1       data     extern E:\3.46\pic18-lt\cxx-framework\src\traditional\proc\p18f452.asm
                     FSR1   0x000fe1       data     extern E:\3.46\pic18-lt\cxx-framework\src\traditional\proc\p18f452.asm
                    FSR1H   0x000fe2       data     extern E:\3.46\pic18-lt\cxx-framework\src\traditional\proc\p18f452.asm
                   PLUSW1   0x000fe3       data     extern E:\3.46\pic18-lt\cxx-framework\src\traditional\proc\p18f452.asm
                  PREINC1   0x000fe4       data     extern E:\3.46\pic18-lt\cxx-framework\src\traditional\proc\p18f452.asm
                 POSTDEC1   0x000fe5       data     extern E:\3.46\pic18-lt\cxx-framework\src\traditional\proc\p18f452.asm
                 POSTINC1   0x000fe6       data     extern E:\3.46\pic18-lt\cxx-framework\src\traditional\proc\p18f452.asm
                    INDF1   0x000fe7       data     extern E:\3.46\pic18-lt\cxx-framework\src\traditional\proc\p18f452.asm
                     WREG   0x000fe8       data     extern E:\3.46\pic18-lt\cxx-framework\src\traditional\proc\p18f452.asm
                        W   0x000fe8       data     extern E:\3.46\pic18-lt\cxx-framework\src\traditional\proc\p18f452.asm
                     FSR0   0x000fe9       data     extern E:\3.46\pic18-lt\cxx-framework\src\traditional\proc\p18f452.asm
                    FSR0L   0x000fe9       data     extern E:\3.46\pic18-lt\cxx-framework\src\traditional\proc\p18f452.asm
                    FSR0H   0x000fea       data     extern E:\3.46\pic18-lt\cxx-framework\src\traditional\proc\p18f452.asm
                   PLUSW0   0x000feb       data     extern E:\3.46\pic18-lt\cxx-framework\src\traditional\proc\p18f452.asm
                  PREINC0   0x000fec       data     extern E:\3.46\pic18-lt\cxx-framework\src\traditional\proc\p18f452.asm
                 POSTDEC0   0x000fed       data     extern E:\3.46\pic18-lt\cxx-framework\src\traditional\proc\p18f452.asm
                 POSTINC0   0x000fee       data     extern E:\3.46\pic18-lt\cxx-framework\src\traditional\proc\p18f452.asm
                    INDF0   0x000fef       data     extern E:\3.46\pic18-lt\cxx-framework\src\traditional\proc\p18f452.asm
              INTCON3bits   0x000ff0       data     extern E:\3.46\pic18-lt\cxx-framework\src\traditional\proc\p18f452.asm
                  INTCON3   0x000ff0       data     extern E:\3.46\pic18-lt\cxx-framework\src\traditional\proc\p18f452.asm
              INTCON2bits   0x000ff1       data     extern E:\3.46\pic18-lt\cxx-framework\src\traditional\proc\p18f452.asm
                  INTCON2   0x000ff1       data     extern E:\3.46\pic18-lt\cxx-framework\src\traditional\proc\p18f452.asm
                   INTCON   0x000ff2       data     extern E:\3.46\pic18-lt\cxx-framework\src\traditional\proc\p18f452.asm
                  INTCON1   0x000ff2       data     extern E:\3.46\pic18-lt\cxx-framework\src\traditional\proc\p18f452.asm
              INTCON1bits   0x000ff2       data     extern E:\3.46\pic18-lt\cxx-framework\src\traditional\proc\p18f452.asm
               INTCONbits   0x000ff2       data     extern E:\3.46\pic18-lt\cxx-framework\src\traditional\proc\p18f452.asm
                    PRODL   0x000ff3       data     extern E:\3.46\pic18-lt\cxx-framework\src\traditional\proc\p18f452.asm
                     PROD   0x000ff3       data     extern E:\3.46\pic18-lt\cxx-framework\src\traditional\proc\p18f452.asm
                    PRODH   0x000ff4       data     extern E:\3.46\pic18-lt\cxx-framework\src\traditional\proc\p18f452.asm
                   TABLAT   0x000ff5       data     extern E:\3.46\pic18-lt\cxx-framework\src\traditional\proc\p18f452.asm
                   TBLPTR   0x000ff6       data     extern E:\3.46\pic18-lt\cxx-framework\src\traditional\proc\p18f452.asm
                  TBLPTRL   0x000ff6       data     extern E:\3.46\pic18-lt\cxx-framework\src\traditional\proc\p18f452.asm
                  TBLPTRH   0x000ff7       data     extern E:\3.46\pic18-lt\cxx-framework\src\traditional\proc\p18f452.asm
                  TBLPTRU   0x000ff8       data     extern E:\3.46\pic18-lt\cxx-framework\src\traditional\proc\p18f452.asm
                       PC   0x000ff9       data     extern E:\3.46\pic18-lt\cxx-framework\src\traditional\proc\p18f452.asm
                      PCL   0x000ff9       data     extern E:\3.46\pic18-lt\cxx-framework\src\traditional\proc\p18f452.asm
                   PCLATH   0x000ffa       data     extern E:\3.46\pic18-lt\cxx-framework\src\traditional\proc\p18f452.asm
                   PCLATU   0x000ffb       data     extern E:\3.46\pic18-lt\cxx-framework\src\traditional\proc\p18f452.asm
               STKPTRbits   0x000ffc       data     extern E:\3.46\pic18-lt\cxx-framework\src\traditional\proc\p18f452.asm
                   STKPTR   0x000ffc       data     extern E:\3.46\pic18-lt\cxx-framework\src\traditional\proc\p18f452.asm
                     TOSL   0x000ffd       data     extern E:\3.46\pic18-lt\cxx-framework\src\traditional\proc\p18f452.asm
                      TOS   0x000ffd       data     extern E:\3.46\pic18-lt\cxx-framework\src\traditional\proc\p18f452.asm
                     TOSH   0x000ffe       data     extern E:\3.46\pic18-lt\cxx-framework\src\traditional\proc\p18f452.asm
                     TOSU   0x000fff       data     extern E:\3.46\pic18-lt\cxx-framework\src\traditional\proc\p18f452.asm


